D/Launcher.MenuAppsGrid( 2323): StateObj::getAppsList() item count = 94
D/CellLayoutChildren( 2323): setCellDimensions. width: 156, height: 188, gapX: 4, gapY: 4
D/CellLayoutChildren( 2323): setCellDimensions. width: 156, height: 188, gapX: 4, gapY: 4
D/CellLayoutChildren( 2323): setCellDimensions. width: 156, height: 188, gapX: 4, gapY: 4
I/PCKeyboard( 2217): Loaded dictionary, len=755823
I/PCKeyboard( 2217): Found plugin dictionary for de, size=755823
D/CellLayoutChildren( 2323): setCellDimensions. width: 156, height: 188, gapX: 4, gapY: 4
D/CellLayoutChildren( 2323): setCellDimensions. width: 156, height: 188, gapX: 4, gapY: 4
D/CellLayoutChildren( 2323): setCellDimensions. width: 156, height: 188, gapX: 4, gapY: 4
D/CellLayoutChildren( 2323): setCellDimensions. width: 156, height: 188, gapX: 4, gapY: 4
D/CellLayoutChildren( 2323): setCellDimensions. width: 156, height: 188, gapX: 4, gapY: 4
D/CellLayoutChildren( 2323): setCellDimensions. width: 156, height: 188, gapX: 4, gapY: 4
D/CellLayoutChildren( 2323): setCellDimensions. width: 156, height: 188, gapX: 4, gapY: 4
D/CellLayoutChildren( 2323): setCellDimensions. width: 156, height: 188, gapX: 4, gapY: 4
I/ContextualPageManager( 2323): awareHotseatItemsReload from CA
I/PCKeyboard( 2217): Package information changed, updating dictionaries.
I/PCKeyboard( 2217): Found plugin dictionary: lang=en, pkg=org.pocketworkstation.dict.en
I/PCKeyboard( 2217): Found plugin dictionary: lang=de, pkg=org.pocketworkstation.dict.de
I/PCKeyboard( 2217): Finished updating dictionaries.
D/dalvikvm( 2217): GC_CONCURRENT freed 762K, 15% free 14778K/17351K, paused 12ms+2ms, total 34ms
D/dalvikvm( 2217): WAIT_FOR_CONCURRENT_GC blocked 19ms
I/PCKeyboard( 2217): Loaded dictionary, len=755823
I/PCKeyboard( 2217): Found plugin dictionary for de, size=755823
I/PCKeyboard( 2217): Package information changed, updating dictionaries.
I/PCKeyboard( 2217): Found plugin dictionary: lang=en, pkg=org.pocketworkstation.dict.en
I/PCKeyboard( 2217): Found plugin dictionary: lang=de, pkg=org.pocketworkstation.dict.de
I/PCKeyboard( 2217): Finished updating dictionaries.
D/dalvikvm( 2016): WAIT_FOR_CONCURRENT_GC blocked 0ms
D/dalvikvm( 2217): GC_CONCURRENT freed 1521K, 20% free 14045K/17351K, paused 27ms+2ms, total 59ms
D/dalvikvm( 2217): WAIT_FOR_CONCURRENT_GC blocked 20ms
W/SignalStrength( 2016): getGsmLevel=1
W/SignalStrength( 2168): getGsmLevel=1
W/SignalStrength( 2168): getLevel=1 (SignalStrength: 4 -1 -1 -1 -1 -1 -1 -1 -1 -1 -1 -1 gsm|lte 1)
W/SignalStrength( 2168): getGsmLevel=1
W/SignalStrength( 2168): getLevel=1 (SignalStrength: 4 -1 -1 -1 -1 -1 -1 -1 -1 -1 -1 -1 gsm|lte 1)
D/dalvikvm( 2217): GC_FOR_ALLOC freed 761K, 24% free 13284K/17351K, paused 23ms, total 23ms
I/dalvikvm-heap( 2217): Grow heap (frag case) to 14.548MB for 755839-byte allocation
W/SignalStrength( 2016): getLevel=1 (SignalStrength: 4 -1 -1 -1 -1 -1 -1 -1 -1 -1 -1 -1 gsm|lte 1)
D/dalvikvm( 2217): GC_FOR_ALLOC freed 0K, 20% free 14022K/17351K, paused 17ms, total 17ms
W/SignalStrength( 2168): getGsmLevel=1
W/SignalStrength( 2168): getLevel=1 (SignalStrength: 3 -1 -1 -1 -1 -1 -1 -1 -1 -1 -1 -1 gsm|lte 1)
W/SignalStrength( 2168): getGsmLevel=1
W/SignalStrength( 2168): getLevel=1 (SignalStrength: 3 -1 -1 -1 -1 -1 -1 -1 -1 -1 -1 -1 gsm|lte 1)
W/SignalStrength( 2016): getGsmLevel=1
W/SignalStrength( 2016): getLevel=1 (SignalStrength: 3 -1 -1 -1 -1 -1 -1 -1 -1 -1 -1 -1 gsm|lte 1)
D/dalvikvm( 2217): GC_CONCURRENT freed 1K, 20% free 14024K/17351K, paused 14ms+13ms, total 54ms
D/dalvikvm( 2217): WAIT_FOR_CONCURRENT_GC blocked 41ms
D/dalvikvm( 2217): GC_FOR_ALLOC freed <1K, 20% free 14023K/17351K, paused 22ms, total 22ms
I/dalvikvm-heap( 2217): Grow heap (frag case) to 15.271MB for 755839-byte allocation
D/dalvikvm( 2217): GC_CONCURRENT freed <1K, 15% free 14761K/17351K, paused 15ms+12ms, total 59ms
I/PCKeyboard( 2217): Loaded dictionary, len=755823
I/PCKeyboard( 2217): Found plugin dictionary for de, size=755823
D/dalvikvm( 2217): WAIT_FOR_CONCURRENT_GC blocked 29ms
I/dalvikvm(12825): Turning on JNI app bug workarounds for target SDK version 8...
I/PCWCLIENTTRACE_LOG(12825): DEFAULT_LOGON : true
I/PCWCLIENTTRACE_LOG(12825): DEFAULT_LOGLEVEL : 3
I/PCWCLIENTTRACE_SPPReceiver(12825): [onReceive] - android.intent.action.PACKAGE_REMOVED
I/dalvikvm(12837): Turning on JNI app bug workarounds for target SDK version 7...
D/dalvikvm( 2016): GC_EXPLICIT freed 547K, 28% free 35343K/48775K, paused 18ms+34ms, total 639ms
D/AndroidRuntime(12776): Shutting down VM
D/dalvikvm(12776): GC_CONCURRENT freed 100K, 87% free 560K/4096K, paused 0ms+0ms, total 4ms
I/AndroidRuntime(12776): NOTE: attach of thread 'Binder_3' failed
D/dalvikvm( 2363): GC_CONCURRENT freed 538K, 11% free 12683K/14215K, paused 4ms+16ms, total 74ms
I/ActivityThread(12837): Pub com.sec.astore.unaservice2: com.sec.android.app.samsungapps.una2.db.DBProvider
D/CapabilityManagerService(12853): Receiver Broadcast:android.intent.action.PACKAGE_REMOVED
D/CapabilityManagerService(12853): The package(com.kegelapp.app) updated
D/AndroidRuntime(12865): 
D/AndroidRuntime(12865): >>>>>> AndroidRuntime START com.android.internal.os.RuntimeInit <<<<<<
D/AndroidRuntime(12865): CheckJNI is OFF
D/AndroidRuntime(12865): setted country_code = Germany
D/AndroidRuntime(12865): setted countryiso_code = DE
D/AndroidRuntime(12865): setted sales_code = DBT
D/AndroidRuntime(12865): readGMSProperty: start
D/AndroidRuntime(12865): readGMSProperty: already setted!!
D/AndroidRuntime(12865): readGMSProperty: end
D/dalvikvm(12865): Trying to load lib libjavacore.so 0x0
D/dalvikvm(12865): Added shared lib libjavacore.so 0x0
D/dalvikvm(12865): Trying to load lib libnativehelper.so 0x0
D/dalvikvm(12865): Added shared lib libnativehelper.so 0x0
D/dalvikvm(12865): Note: class Landroid/app/ActivityManagerNative; has 155 unimplemented (abstract) methods
D/AndroidRuntime(12865): Calling main entry com.android.commands.input.Input
I/Input   (12865): InjectKeyEvent: KeyEvent { action=ACTION_DOWN, keyCode=KEYCODE_MENU, scanCode=0, metaState=0, flags=0x0, repeatCount=0, eventTime=3900869, downTime=3900869, deviceId=-1, source=0x101 }
I/InputDispatcher( 2016): Delivering key to current input target: action: 0x0
I/InputDispatcher( 2016): Delivering key to current input target: action: 0x0
I/InputDispatcher( 2016): Delivering key to current input target: action: 0x0
I/InputDispatcher( 2016): Delivering key to current input target: action: 0x0
D/dalvikvm(12875): GC_CONCURRENT freed 177K, 8% free 12454K/13511K, paused 13ms+5ms, total 42ms
D/dalvikvm(12875): WAIT_FOR_CONCURRENT_GC blocked 16ms
I/Input   (12865): InjectKeyEvent: KeyEvent { action=ACTION_UP, keyCode=KEYCODE_MENU, scanCode=0, metaState=0, flags=0x0, repeatCount=0, eventTime=3900869, downTime=3900869, deviceId=-1, source=0x101 }
I/InputDispatcher( 2016): Delivering key to current input target: action: 0x1
I/InputDispatcher( 2016): Delivering key to current input target: action: 0x1
I/InputDispatcher( 2016): Delivering key to current input target: action: 0x1
I/InputDispatcher( 2016): Delivering key to current input target: action: 0x1
D/WindowManager( 2016): PhoneWindowManager: focusChangedLw
D/WindowManager( 2016): PhoneWindowManager: focusChangedLw: Call setFocusedWindow()
D/SPenGesture( 2016): SpenGestureView: setFocusedWindow
D/AndroidRuntime(12865): Shutting down VM
D/dalvikvm(12865): GC_CONCURRENT freed 103K, 87% free 550K/4096K, paused 1ms+1ms, total 3ms
I/AndroidRuntime(12865): NOTE: attach of thread 'Binder_3' failed
I/SurfaceFlinger( 1741): id=97(11) createSurf 0x41ce3724 (1x1),1 flag=0, Mauncher
D/KeyguardViewMediator( 2016): setHidden false
E/Watchdog( 2016): !@Sync 129
W/SignalStrength( 2016): getGsmDbm=-107
W/SignalStrength( 2016): getDbm=-107
W/SignalStrength( 2016): getGsmAsuLevel=3
W/SignalStrength( 2016): getAsuLevel=3
W/SignalStrength( 2016): getGsmDbm=-107
W/SignalStrength( 2016): getDbm=-107
W/SignalStrength( 2016): getGsmAsuLevel=3
W/SignalStrength( 2016): getAsuLevel=3
I/Choreographer( 2323): Skipped 47 frames!  The application may be doing too much work on its main thread.
D/dalvikvm(12890): WAIT_FOR_CONCURRENT_GC blocked 0ms
D/KeyguardViewMediator( 2016): setHidden false
D/KeyguardViewMediator( 2016): setHidden false
D/AndroidRuntime(12904): 
D/AndroidRuntime(12904): >>>>>> AndroidRuntime START com.android.internal.os.RuntimeInit <<<<<<
D/AndroidRuntime(12904): CheckJNI is OFF
D/AndroidRuntime(12904): setted country_code = Germany
D/AndroidRuntime(12904): setted countryiso_code = DE
D/AndroidRuntime(12904): setted sales_code = DBT
D/AndroidRuntime(12904): readGMSProperty: start
D/AndroidRuntime(12904): readGMSProperty: already setted!!
D/AndroidRuntime(12904): readGMSProperty: end
D/dalvikvm(12904): Trying to load lib libjavacore.so 0x0
D/dalvikvm(12904): Added shared lib libjavacore.so 0x0
I/ActivityThread(12890): Pub com.osp.contentprovider.ospcontentprovider: com.osp.contentprovider.OSPContentProvider
D/dalvikvm(12904): Trying to load lib libnativehelper.so 0x0
D/dalvikvm(12904): Added shared lib libnativehelper.so 0x0
I/ActivityThread(12890): Pub com.msc.contentprovider.provider.samsungServiceProvider: com.msc.contentprovider.SamsungServiceProvider
I/SA      (12890): [SLM] call SLM constructor
I/SA      (12890): [SUR] onReceive log=[SA = 1.3.0848 V = 16 HWD = 1280X800 2.0 dpi = 320  SIZE = 2 LOCALE = de_DE CSC = DBT MCC = 262 MNC 7 T = user DEVICE = GT-N7000 P = GT-N7000 I = JZO54K M = GT-N7000 OKLEFT false DIS JZO54K.N7000XXLT4  ]
I/SA      (12890): [SUR] onReceive Intent=[ action_PACKAGE_REPLACED package ]
D/KeyguardViewMediator( 2016): setHidden false
D/KeyguardViewMediator( 2016): setHidden false
D/dalvikvm(12904): Note: class Landroid/app/ActivityManagerNative; has 155 unimplemented (abstract) methods
D/AndroidRuntime(12904): Calling main entry com.android.commands.am.Am
I/power   ( 2016): *** acquire_dvfs_lock : lockType : 1  freq : 1000000 
D/Launcher.HomeFragment( 2323): onPause
D/Launcher( 2323): onPause, Launcher: 1105667008
D/dalvikvm(12914): Late-enabling CheckJNI
I/SurfaceFlinger( 1741): id=98(20) createSurf 0x41cf911c (1x1),1 flag=400, bpp
D/KeyguardViewMediator( 2016): setHidden false
D/dalvikvm( 1742): WAIT_FOR_CONCURRENT_GC blocked 0ms
D/dalvikvm( 1742): GC_EXPLICIT freed 38K, 9% free 12126K/13251K, paused 2ms+3ms, total 38ms
D/dalvikvm( 1742): WAIT_FOR_CONCURRENT_GC blocked 0ms
D/KeyguardViewMediator( 2016): setHidden false
D/dalvikvm( 1742): GC_EXPLICIT freed <1K, 9% free 12126K/13251K, paused 3ms+2ms, total 28ms
D/dalvikvm( 1742): WAIT_FOR_CONCURRENT_GC blocked 0ms
D/dalvikvm( 1742): GC_EXPLICIT freed <1K, 9% free 12126K/13251K, paused 2ms+2ms, total 26ms
D/WindowManager( 2016): PhoneWindowManager: focusChangedLw
D/KeyguardViewMediator( 2016): setHidden false
D/Launcher( 2323): onTrimMemory. Level: 20
D/KeyguardViewMediator( 2016): setHidden false
D/KeyguardViewMediator( 2016): setHidden false
D/KeyguardViewMediator( 2016): setHidden false
I/CordovaLog(12914): Changing log level to DEBUG(3)
I/CordovaLog(12914): Found start page location: index.html
D/Whitelist(12914): Unlimited access to network resources
D/CordovaActivity(12914): CordovaActivity.onCreate()
D/dalvikvm(12925): GC_CONCURRENT freed 178K, 8% free 12453K/13511K, paused 21ms+2ms, total 57ms
D/dalvikvm(12925): WAIT_FOR_CONCURRENT_GC blocked 28ms
D/KeyguardViewMediator( 2016): setHidden false
I/dalvikvm(12914): Could not find method org.apache.cordova.CordovaWebView.setWebContentsDebuggingEnabled, referenced from method org.apache.cordova.CordovaWebView.setup
W/dalvikvm(12914): VFY: unable to resolve static method 2362: Lorg/apache/cordova/CordovaWebView;.setWebContentsDebuggingEnabled (Z)V
D/dalvikvm(12914): VFY: replacing opcode 0x71 at 0x00be
D/KeyguardViewMediator( 2016): setHidden false
I/SurfaceFlinger( 1741): id=92 Removed Mauncher idx=2 MapSz=4
I/SurfaceFlinger( 1741): id=92 Removed Mauncher idx=-2 MapSz=4
D/dalvikvm(12925): GC_CONCURRENT freed 162K, 8% free 12847K/13895K, paused 12ms+3ms, total 40ms
D/dalvikvm(12925): WAIT_FOR_CONCURRENT_GC blocked 6ms
I/webclipboard(12914): clipservice: android.sec.clipboard.ClipboardExManager@41e63980
D/KeyguardViewMediator( 2016): setHidden false
I/SurfaceFlinger( 1741): id=97 Removed Mauncher idx=2 MapSz=3
D/KeyguardViewMediator( 2016): setHidden false
I/SurfaceFlinger( 1741): id=97 Removed Mauncher idx=-2 MapSz=3
D/CordovaWebView(12914): CordovaWebView is running on device made by: samsung
D/JsMessageQueue(12914): Set native->JS mode to 2
I/CordovaWebView(12914): Disabled addJavascriptInterface() bridge since Android version is old.
D/CordovaActivity(12914): CordovaActivity.init()
D/CordovaWebView(12914): >>> loadUrl(file:///android_asset/www/index.html)
D/PluginManager(12914): init()
D/CordovaWebView(12914): >>> loadUrlNow()
D/FirewallPolicy( 2016): getURLFilterEnabled(true)
D/FirewallPolicy( 2016): isUrlBlocked - Policy disabled
D/WebView (12914): loadUrlImpl: called
I/CordovaLog(12914): Changing log level to DEBUG(3)
I/CordovaLog(12914): Found start page location: index.html
D/Whitelist(12914): Unlimited access to network resources
D/CordovaActivity(12914): Resuming the App
D/CordovaActivity(12914): CB-3064: The errorUrl is null
E/webview (12914): registerForStylusPenEvent onAttachedToWindow
E/webview (12914): registerForStylusPenEvent START
E/webview (12914): registerForStylusPenEvent END
D/SoftKeyboardDetect(12914): Ignore this event
I/SurfaceFlinger( 1741): id=99(1) createSurf 0x41ce4864 (1x1),1 flag=400, Legelapp
D/WindowManager( 2016): PhoneWindowManager: focusChangedLw
D/WindowManager( 2016): PhoneWindowManager: focusChangedLw: Call setFocusedWindow()
D/SPenGesture( 2016): SpenGestureView: setFocusedWindow
D/KeyguardViewMediator( 2016): setHidden false
V/webkit  (12914): BrowserFrame constructor: this=Handler (android.webkit.BrowserFrame) {41e5d360}
D/dalvikvm(12946): WAIT_FOR_CONCURRENT_GC blocked 0ms
D/dalvikvm(12914): GC_CONCURRENT freed 306K, 10% free 12281K/13511K, paused 27ms+4ms, total 82ms
D/webcore (12914):  CORE loadUrl: called
D/webkit  (12914): Firewall not null
D/libEGL  (12914): loaded /system/lib/egl/libEGL_mali.so
D/FirewallPolicy( 2016): getURLFilterEnabled(true)
D/FirewallPolicy( 2016): isUrlBlocked - Policy disabled
D/webkit  (12914): euler: isUrlBlocked = false
D/FirewallPolicy( 2016): getURLFilterEnabled(true)
D/FirewallPolicy( 2016): isUrlBlocked - Policy disabled
D/libEGL  (12914): loaded /system/lib/egl/libGLESv1_CM_mali.so
D/libEGL  (12914): loaded /system/lib/egl/libGLESv2_mali.so
D/        (12914): Device driver API match
D/        (12914): Device driver API version: 10
D/        (12914): User space API version: 10 
D/        (12914): mali: REVISION=Linux-r2p4-02rel0 BUILD_DATE=Thu Oct 25 08:43:05 KST 2012 
D/dalvikvm(12946): GC_CONCURRENT freed 152K, 8% free 12479K/13511K, paused 18ms+3ms, total 47ms
D/dalvikvm(12946): WAIT_FOR_CONCURRENT_GC blocked 17ms
I/power   ( 2016): *** release_dvfs_lock : lockType : 1 
I/ActivityThread(12946): Pub com.develop.sec.chaton.provider: com.sec.chaton.trunk.database.TrunkContentProvider
D/OpenGLRenderer(12914): Enabling debug mode 0
D/SoftKeyboardDetect(12914): Ignore this event
D/WebView (12914): onSizeChanged - w:800 h:1230
I/ActivityThread(12946): Pub com.sec.chaton.provider.call: com.sec.chaton.provider.ChatONCallProvider
I/ActivityThread(12946): Pub com.sec.chaton.provider.chaton3rdApp: com.sec.chaton.provider.ChatON3rdAppProvider
I/ActivityThread(12946): Pub com.sec.chaton.provider: com.sec.chaton.provider.ChatONProvider
D/KeyguardViewMediator( 2016): setHidden false
I/ActivityThread(12946): Pub com.sec.chaton.provider.SuggestionsProvider: com.sec.chaton.provider.SuggestionsProvider
I/ActivityThread(12946): Pub com.sec.chaton.localbackup: com.sec.chaton.localbackup.database.BackupContentProvider
D/KeyguardViewMediator( 2016): setHidden false
D/AndroidRuntime(12904): Shutting down VM
D/KeyguardViewMediator( 2016): setHidden false
D/dalvikvm(12904): GC_CONCURRENT freed 102K, 86% free 596K/4096K, paused 1ms+1ms, total 5ms
I/ActivityThread(12946): Pub com.sec.chaton.provider2: com.sec.chaton.provider.ChatONProvider2
D/CordovaActivity(12914): onMessage(onPageStarted,file:///android_asset/www/index.html)
D/SoftKeyboardDetect(12914): Ignore this event
I/ActivityThread(12946): Pub com.sec.chaton.access_token.provider: com.sec.chaton.api.access_token.AccessTokenProvider
I/AndroidRuntime(12904): NOTE: attach of thread 'Binder_3' failed
D/PushModule(12946): [PushClientApplication] (main) PushClientApplication.onCreate()
I/PushModule(12946): [PushClientApplication] (main) PushModule version: 0.9.01.12
D/PushModule(12946): [PushClientApplication] (main) Discovered public push client. disable in app push client.
D/ChatON  (12946): [1][isApplicationInstalled] com.android.mms was installed
D/KeyguardViewMediator( 2016): setHidden false
D/Launcher.HomeFragment( 2323): onStop
D/Launcher( 2323): onStop, Launcher: 1105667008
D/ChatON  (12946): [1][a] ChatONV isn't installed.
D/ChatON  (12946): [1][a] ChatONVPlugIn.isAvailable()
D/dalvikvm(12946): GC_CONCURRENT freed 228K, 9% free 12674K/13831K, paused 2ms+12ms, total 59ms
D/KeyguardViewMediator( 2016): setHidden false
I/SurfaceFlinger( 1741): id=98 Removed bpp idx=3 MapSz=3
I/SurfaceFlinger( 1741): id=98 Removed bpp idx=-2 MapSz=3
D/KeyguardViewMediator( 2016): setHidden false
D/KeyguardViewMediator( 2016): setHidden false
D/CordovaLog(12914): file:///android_asset/www/cordova.js: Line 966 : Falling back on PROMPT mode since _cordovaNative is missing. Expected for Android 3.2 and lower only.
I/Web Console(12914): Falling back on PROMPT mode since _cordovaNative is missing. Expected for Android 3.2 and lower only.:966
I/GATE    (12914): <GATE-M>DEV_ACTION_COMPLETED</GATE-M>
D/CordovaWebViewClient(12914): onPageFinished(file:///android_asset/www/index.html)
D/CordovaActivity(12914): onMessage(onPageFinished,file:///android_asset/www/index.html)
D/PackageBroadcastService( 2452): Received broadcast action=android.intent.action.PACKAGE_REMOVED and uri=com.kegelapp.app
D/CordovaActivity(12914): onMessage(spinner,stop)
D/KeyguardViewMediator( 2016): setHidden false
D/TilesManager(12914): new EGLContext from framework: 5ab354f8 
D/GLWebViewState(12914): Reinit shader
D/dalvikvm(12973): WAIT_FOR_CONCURRENT_GC blocked 0ms
D/GLWebViewState(12914): Reinit transferQueue
D/CordovaLog(12914): file:///android_asset/www/index.html: Line 14 : Business time...
I/Web Console(12914): Business time...:14
D/dalvikvm(12973): GC_CONCURRENT freed 155K, 8% free 12476K/13511K, paused 14ms+2ms, total 53ms
D/dalvikvm(12973): WAIT_FOR_CONCURRENT_GC blocked 14ms
W/Resources( 2016): Converting to string: TypedValue{t=0x12/d=0xffffffff a=-1}
D/dalvikvm( 2363): GC_CONCURRENT freed 250K, 10% free 12819K/14215K, paused 12ms+2ms, total 36ms
W/Resources( 2016): Converting to string: TypedValue{t=0x12/d=0xffffffff a=-1}
D/dalvikvm(12973): GC_CONCURRENT freed 150K, 8% free 12849K/13895K, paused 12ms+2ms, total 31ms
D/dalvikvm(12973): GC_CONCURRENT freed 154K, 8% free 13219K/14279K, paused 2ms+2ms, total 21ms
D/dalvikvm(12973): WAIT_FOR_CONCURRENT_GC blocked 9ms
W/SignalStrength( 2016): getGsmLevel=1
W/SignalStrength( 2016): getLevel=1 (SignalStrength: 2 -1 -1 -1 -1 -1 -1 -1 -1 -1 -1 -1 gsm|lte 1)
W/SignalStrength( 2168): getGsmLevel=1
W/SignalStrength( 2168): getLevel=1 (SignalStrength: 2 -1 -1 -1 -1 -1 -1 -1 -1 -1 -1 -1 gsm|lte 1)
W/SignalStrength( 2168): getGsmLevel=1
W/SignalStrength( 2168): getLevel=1 (SignalStrength: 2 -1 -1 -1 -1 -1 -1 -1 -1 -1 -1 -1 gsm|lte 1)
W/SignalStrength( 2016): getGsmDbm=-109
W/SignalStrength( 2016): getDbm=-109
W/SignalStrength( 2016): getGsmAsuLevel=2
W/SignalStrength( 2016): getAsuLevel=2
I/ActivityThread(12973): Pub com.google.android.apps.plus.content.ApiProvider: com.google.android.apps.plus.content.EsApiProvider
I/ActivityThread(12973): Pub com.google.android.apps.plus.iu.EsGoogleIuProvider: com.google.android.apps.plus.iu.InstantUploadProvider
D/dalvikvm(12973): GC_CONCURRENT freed 244K, 8% free 13434K/14599K, paused 13ms+32ms, total 90ms
I/ActivityThread(12973): Pub com.google.android.apps.photos.content: com.google.android.apps.photos.content.GooglePhotosImageProvider
I/ActivityThread(12973): Pub com.google.android.apps.plus.content.EsPicasaStoreProvider: com.google.android.libraries.social.picasalegacy.PicasaPhotoContentProvider
I/ActivityThread(12973): Pub com.google.plus.platform: com.google.android.apps.plus.content.AdsProvider
I/ActivityThread(12973): Pub com.google.android.apps.plus.content.EsProvider: com.google.android.apps.plus.content.EsProvider
D/dalvikvm(10142): WAIT_FOR_CONCURRENT_GC blocked 0ms
D/dalvikvm(12973): Trying to load lib /data/data/com.google.android.apps.plus/lib/libcrashreporter.so 0x41e41cd0
D/dalvikvm(12973): Added shared lib /data/data/com.google.android.apps.plus/lib/libcrashreporter.so 0x41e41cd0
D/dalvikvm(10142): GC_EXPLICIT freed 221K, 13% free 12395K/14087K, paused 3ms+10ms, total 93ms
D/dalvikvm( 2016): GC_CONCURRENT freed 1721K, 28% free 35605K/48775K, paused 15ms+18ms, total 228ms
D/dalvikvm(12973): GC_CONCURRENT freed 238K, 8% free 13646K/14791K, paused 14ms+2ms, total 54ms
I/ActivityThread(12991): Pub com.sec.spp.reginfo.provider: com.sec.spp.push.provider.RegInfoProvider
I/ActivityThread(12991): Pub com.sec.spp.provider: com.sec.spp.push.provider.PushClientProvider
E/SPPClientService(12991): ============PushLog. commonIsShipBuild. stop!
E/SPPClientService(12991): [PushClientApplication] Push log off : This is Ship build version
D/SPPClientService(12991): PushLog.txt file is not deleted.
D/SPPClientService(12991): PushLog.txt file is not deleted.
D/SPPClientService(12991): ============PushLog. stop!
I/iu.UploadsManager(12973): #reloadSettings(); account: null; pageID: none; IU: disabled; IS: disabled; photoWiFi: true; videoWiFi: true; roam: false; battery: true; size: FULL; maxMobile: 157286400
D/dalvikvm(13007): GC_CONCURRENT freed 158K, 8% free 12473K/13511K, paused 24ms+3ms, total 53ms
D/dalvikvm(13007): WAIT_FOR_CONCURRENT_GC blocked 23ms
I/iu.UploadsManager(12973): End new media; added: 0, uploading: 0, time: 182 ms
I/ActivityThread(13007): Pub com.google.android.finsky.QSBSuggestionsProvider2: com.google.android.finsky.providers.QSBSuggestionsProvider
I/ActivityThread(13007): Pub com.google.android.finsky.AppIconProvider: com.google.android.finsky.providers.AppIconProvider
I/ActivityThread(13007): Pub com.google.android.finsky.RecentSuggestionsProvider: com.google.android.finsky.providers.RecentSuggestionsProvider
D/dalvikvm(12973): GC_CONCURRENT freed 142K, 7% free 13996K/15047K, paused 13ms+4ms, total 62ms
D/Finsky  (13007): [1] FinskyApp.onCreate: Initializing network with DFE https://android.clients.google.com/fdfe/
I/iu.Environment(12973): update battery state; isPlugged? true*
I/iu.Environment(12973): update connectivity state; isNetworkMetered? false, isRoaming? false, isBackgroundDataAllowed? true*
I/iu.FingerprintManager(12973): Start processing all media
W/Resources( 2016): Converting to string: TypedValue{t=0x12/d=0xffffffff a=-1}
D/dalvikvm(13007): GC_CONCURRENT freed 319K, 9% free 12676K/13895K, paused 13ms+13ms, total 56ms
W/Resources( 2016): Converting to string: TypedValue{t=0x12/d=0xffffffff a=-1}
I/dalvikvm(13007): Could not find method android.provider.Settings$Global.getInt, referenced from method com.google.android.finsky.services.DailyHygiene.isProvisioned
W/dalvikvm(13007): VFY: unable to resolve static method 829: Landroid/provider/Settings$Global;.getInt (Landroid/content/ContentResolver;Ljava/lang/String;I)I
D/dalvikvm(13007): VFY: replacing opcode 0x71 at 0x000d
D/Finsky  (13007): [1] DailyHygiene.goMakeHygieneIfDirty: No need to run daily hygiene.
D/CordovaActivity(12914): onMessage(spinner,stop)
I/iu.FingerprintManager(12973): Start processing media store URI: content://media/external/images/media
I/dalvikvm(13007): Could not find method android.content.pm.PackageManager.extendVerificationTimeout, referenced from method com.google.android.vending.verifier.PackageVerificationService.extendTimeout
W/dalvikvm(13007): VFY: unable to resolve virtual method 372: Landroid/content/pm/PackageManager;.extendVerificationTimeout (IIJ)V
D/dalvikvm(13007): VFY: replacing opcode 0x6e at 0x0010
D/dalvikvm(12973): GC_CONCURRENT freed 813K, 11% free 13859K/15559K, paused 13ms+3ms, total 71ms
D/dalvikvm(12973): WAIT_FOR_CONCURRENT_GC blocked 14ms
I/InputReader( 2016): Touch event's action is 0x0 (deviceType=0) [pCnt=1, s=0.48 ]
I/InputDispatcher( 2016): Delivering touch to current input target: action: 0x0
I/InputDispatcher( 2016): Delivering touch to current input target: action: 0x0
I/InputDispatcher( 2016): Delivering touch to current input target: action: 0x0
I/InputDispatcher( 2016): Delivering touch to current input target: action: 0x0
D/dalvikvm(13007): GC_CONCURRENT freed 248K, 9% free 12879K/14023K, paused 12ms+12ms, total 50ms
I/InputReader( 2016): Touch event's action is 0x1 (deviceType=0) [pCnt=1, s=]
I/InputDispatcher( 2016): Delivering touch to current input target: action: 0x1
I/InputDispatcher( 2016): Delivering touch to current input target: action: 0x1
I/InputDispatcher( 2016): Delivering touch to current input target: action: 0x1
I/InputDispatcher( 2016): Delivering touch to current input target: action: 0x1
V/WebViewInputDispatcher(12914): blockWebkitDraw
V/WebViewInputDispatcher(12914): blockWebkitDraw lockedfalse
V/webview (12914):  singleCursorHandlerTouchEvent -getEditableSupport  FASLE 
D/dalvikvm(12973): GC_CONCURRENT freed 708K, 12% free 13732K/15559K, paused 17ms+2ms, total 59ms
D/dalvikvm(12973): WAIT_FOR_CONCURRENT_GC blocked 16ms
I/iu.FingerprintManager(12973): Start processing media store URI: content://media/external/video/media
I/iu.FingerprintManager(12973): Start processing media store URI: content://media/phoneStorage/images/media
I/iu.FingerprintManager(12973): Start processing media store URI: content://media/phoneStorage/video/media
I/iu.FingerprintManager(12973): Finished generating fingerprints; 0,432 seconds
I/iu.FingerprintManager(12973):   numSeen=1379 numGenerated=0 numDeleted=0 numFailed=0
D/dalvikvm(13007): GC_CONCURRENT freed 162K, 8% free 13110K/14215K, paused 12ms+12ms, total 43ms
D/Finsky  (13007): [1] 2.run: Loaded library for account: [qMcbTBKttdGbTbYX5fl7GyPW800]
D/Finsky  (13007): [1] 2.run: Finished loading 1 libraries.
D/Finsky  (13007): [1] GmsCoreHelper.cleanupNlp: result=false type=1
D/webview (12914): blockWebkitViewMessage= false
D/Finsky  (13007): [1] RestoreTracker.stopServiceIfDone: Restore complete with 0 success and 0 failed.
D/dalvikvm(13007): GC_CONCURRENT freed 289K, 9% free 13257K/14471K, paused 11ms+2ms, total 40ms
D/dalvikvm(13041): GC_CONCURRENT freed 161K, 8% free 12470K/13511K, paused 19ms+2ms, total 39ms
D/dalvikvm(13041): WAIT_FOR_CONCURRENT_GC blocked 15ms
I/ActivityThread(13041): Pub com.sand.airdroid.downloads: com.tongbu.downloads.DownloadProvider
D/dalvikvm(13041): GC_CONCURRENT freed 306K, 9% free 12685K/13895K, paused 3ms+15ms, total 69ms
D/dalvikvm(13041): GC_CONCURRENT freed 326K, 9% free 12822K/14087K, paused 4ms+14ms, total 66ms
D/dalvikvm(13041): GC_CONCURRENT freed 394K, 10% free 12935K/14215K, paused 3ms+4ms, total 37ms
D/dalvikvm(13041): WAIT_FOR_CONCURRENT_GC blocked 9ms
I/dalvikvm(13041): Could not find method com.google.android.gms.ads.identifier.AdvertisingIdClient.getAdvertisingIdInfo, referenced from method com.appsflyer.AppsFlyerLib.a
W/dalvikvm(13041): VFY: unable to resolve static method 15596: Lcom/google/android/gms/ads/identifier/AdvertisingIdClient;.getAdvertisingIdInfo (Landroid/content/Context;)Lcom/google/android/gms/ads/identifier/AdvertisingIdClient$Info;
D/dalvikvm(13041): VFY: replacing opcode 0x71 at 0x0005
I/dalvikvm(13041): Could not find method com.google.android.gms.ads.identifier.AdvertisingIdClient.getAdvertisingIdInfo, referenced from method com.appsflyer.AppsFlyerLib.c
W/dalvikvm(13041): VFY: unable to resolve static method 15596: Lcom/google/android/gms/ads/identifier/AdvertisingIdClient;.getAdvertisingIdInfo (Landroid/content/Context;)Lcom/google/android/gms/ads/identifier/AdvertisingIdClient$Info;
D/dalvikvm(13041): VFY: replacing opcode 0x71 at 0x01f1
D/dalvikvm(13070): Late-enabling CheckJNI
D/dalvikvm(13041): GC_CONCURRENT freed 333K, 9% free 13029K/14279K, paused 3ms+2ms, total 69ms
D/dalvikvm(13058): GC_CONCURRENT freed 164K, 8% free 12467K/13511K, paused 17ms+3ms, total 41ms
D/dalvikvm(13058): WAIT_FOR_CONCURRENT_GC blocked 8ms
I/ReleaseProperties(13070): Current app is: evernoteWidget
I/ReleaseProperties(13070): propFile: release is now loaded
I/ReleaseProperties(13070): propFile: play is now loaded
I/ReleaseProperties(13070): propFile: base is now loaded
I/ReleaseProperties(13070): propFile: override is now loaded
I/ReleaseProperties(13070): ReleaseProperties: 
I/ReleaseProperties(13070):   bundleName=google-play
I/ReleaseProperties(13070):   revision=master_247
I/ReleaseProperties(13070):   type=public
I/ReleaseProperties(13070):   gitHash=dc962e242f3d6583a0db344dc935357ec4f15513
I/ReleaseProperties(13070):   baseSearchUri=market://search?q=
I/EVWidget-WidgetApp(13070): Evernote widget local receiver installed
I/EVWidget-WidgetApp(13070): Evernote widget start
D/ReleaseProperties(13070): getReferralPersistencePath():: old=false:: path=/storage/sdcard0/.enref
I/ReleaseProperties(13070): From file referralCode=android
I/EVWidget-AppWidgetSettings(13070): upgrade: already converted pref set
I/EVWidget-WidgetApp(13070): Evernote widget onCreate done
D/EVWidget-WidgetStateReceiver(13070): WidgetStateReceiver:onReceive() action=android.intent.action.PACKAGE_REMOVED data=package:com.kegelapp.app------------------------
D/EVWidget-WidgetStateReceiver(13070): WidgetStateReceiver:onReceive: getSchemeSpecificPart =com.kegelapp.app
D/dalvikvm(13070): GC_CONCURRENT freed 288K, 10% free 12291K/13511K, paused 13ms+3ms, total 35ms
I/dalvikvm(13086): Turning on JNI app bug workarounds for target SDK version 10...
I/System.out(13058): IntentServiceClassInfo.parseMethods: com.sand.airdroid.servers.push.PushService
D/dalvikvm(13058): GC_CONCURRENT freed 258K, 9% free 12696K/13895K, paused 15ms+26ms, total 58ms
D/dalvikvm(13086): GC_CONCURRENT freed 165K, 8% free 12465K/13511K, paused 13ms+2ms, total 30ms
D/dalvikvm(13086): WAIT_FOR_CONCURRENT_GC blocked 13ms
D/dalvikvm(13086): GC_FOR_ALLOC freed 305K, 10% free 12467K/13703K, paused 17ms, total 17ms
I/dalvikvm-heap(13086): Grow heap (frag case) to 13.286MB for 264188-byte allocation
D/dalvikvm(13086): GC_FOR_ALLOC freed 127K, 11% free 12597K/14023K, paused 12ms, total 12ms
D/dalvikvm( 2838): GC_CONCURRENT freed 564K, 11% free 12837K/14343K, paused 1ms+3ms, total 61ms
I/ActivityThread(13101): Pub com.google.android.partnersetup.rlzprovider: com.google.android.partnersetup.RlzProvider
I/ActivityThread(13101): Pub com.google.android.partnersetup.rlzappprovider: com.google.android.partnersetup.RlzAppProvider
I/PCWCLIENTTRACE_SPPReceiver(12825): [onReceive] - android.intent.action.PACKAGE_ADDED
D/CapabilityManagerService(12853): Receiver Broadcast:android.intent.action.PACKAGE_ADDED
I/SA      (12890): [SUR] onReceive log=[SA = 1.3.0848 V = 16 HWD = 1280X800 2.0 dpi = 320  SIZE = 2 LOCALE = de_DE CSC = DBT MCC = 262 MNC 7 T = user DEVICE = GT-N7000 P = GT-N7000 I = JZO54K M = GT-N7000 OKLEFT false DIS JZO54K.N7000XXLT4  ]
I/SA      (12890): [SUR] onReceive Intent=[ android.intent.action.PACKAGE_ADDED package ]
I/Icing.InternalIcingCorporaProvider( 6492): Updating corpora: A: com.kegelapp.app, C: MAYBE
D/PackageBroadcastService( 2452): Received broadcast action=android.intent.action.PACKAGE_ADDED and uri=com.kegelapp.app
D/PackageAddedReceiver( 2348): package added com.kegelapp.app
D/dalvikvm( 2016): WAIT_FOR_CONCURRENT_GC blocked 0ms
D/dalvikvm( 6492): GC_CONCURRENT freed 712K, 17% free 14249K/17159K, paused 15ms+9ms, total 138ms
D/dalvikvm( 6492): WAIT_FOR_CONCURRENT_GC blocked 109ms
D/dalvikvm( 2016): GC_EXPLICIT freed 2340K, 29% free 34960K/48775K, paused 7ms+12ms, total 229ms
I/PeopleContactsSync( 2452): CP2 sync disabled
D/dalvikvm(12973): GC_CONCURRENT freed 309K, 11% free 13953K/15559K, paused 12ms+3ms, total 57ms
D/EVWidget-WidgetStateReceiver(13070): WidgetStateReceiver:onReceive() action=android.intent.action.PACKAGE_ADDED data=package:com.kegelapp.app------------------------
D/EVWidget-WidgetStateReceiver(13070): WidgetStateReceiver:onReceive: getSchemeSpecificPart =com.kegelapp.app
D/dalvikvm(13086): GC_FOR_ALLOC freed 595K, 13% free 12212K/14023K, paused 13ms, total 14ms
D/dalvikvm(13086): GC_CONCURRENT freed 263K, 12% free 12446K/14023K, paused 11ms+2ms, total 28ms
D/dalvikvm(13086): WAIT_FOR_CONCURRENT_GC blocked 6ms
D/dalvikvm(13086): GC_FOR_ALLOC freed 194K, 10% free 12644K/14023K, paused 12ms, total 12ms
I/dalvikvm-heap(13086): Grow heap (frag case) to 13.362MB for 162845-byte allocation
D/dalvikvm(13086): GC_FOR_ALLOC freed 0K, 10% free 12803K/14215K, paused 12ms, total 12ms
I/InputReader( 2016): Touch event's action is 0x0 (deviceType=0) [pCnt=1, s=0.49 ]
I/InputDispatcher( 2016): Delivering touch to current input target: action: 0x0
I/InputDispatcher( 2016): Delivering touch to current input target: action: 0x0
I/InputDispatcher( 2016): Delivering touch to current input target: action: 0x0
I/InputDispatcher( 2016): Delivering touch to current input target: action: 0x0
D/dalvikvm(13122): GC_CONCURRENT freed 182K, 8% free 12449K/13511K, paused 3ms+3ms, total 24ms
D/dalvikvm(13122): WAIT_FOR_CONCURRENT_GC blocked 7ms
I/SA      (12890): [SUR] onReceive log=[SA = 1.3.0848 V = 16 HWD = 1280X800 2.0 dpi = 320  SIZE = 2 LOCALE = de_DE CSC = DBT MCC = 262 MNC 7 T = user DEVICE = GT-N7000 P = GT-N7000 I = JZO54K M = GT-N7000 OKLEFT false DIS JZO54K.N7000XXLT4  ]
I/SA      (12890): [SUR] onReceive Intent=[ action_PACKAGE_REPLACED package ]
I/InputReader( 2016): Touch event's action is 0x1 (deviceType=0) [pCnt=1, s=]
I/InputDispatcher( 2016): Delivering touch to current input target: action: 0x1
I/InputDispatcher( 2016): Delivering touch to current input target: action: 0x1
V/WebViewInputDispatcher(12914): blockWebkitDraw
V/WebViewInputDispatcher(12914): blockWebkitDraw lockedfalse
V/webview (12914):  singleCursorHandlerTouchEvent -getEditableSupport  FASLE 
I/InputDispatcher( 2016): Delivering touch to current input target: action: 0x1
I/InputDispatcher( 2016): Delivering touch to current input target: action: 0x1
D/PackageBroadcastService( 2452): Received broadcast action=android.intent.action.PACKAGE_REPLACED and uri=com.kegelapp.app
D/dalvikvm( 1742): WAIT_FOR_CONCURRENT_GC blocked 0ms
D/dalvikvm( 1742): GC_EXPLICIT freed 38K, 9% free 12126K/13251K, paused 4ms+2ms, total 36ms
D/dalvikvm( 1742): WAIT_FOR_CONCURRENT_GC blocked 0ms
D/dalvikvm( 1742): GC_EXPLICIT freed <1K, 9% free 12126K/13251K, paused 2ms+3ms, total 27ms
D/dalvikvm( 1742): WAIT_FOR_CONCURRENT_GC blocked 0ms
D/dalvikvm(13137): WAIT_FOR_CONCURRENT_GC blocked 0ms
D/dalvikvm( 1742): GC_EXPLICIT freed <1K, 9% free 12126K/13251K, paused 2ms+3ms, total 26ms
I/PeopleContactsSync( 2452): CP2 sync disabled
D/dalvikvm(13137): GC_CONCURRENT freed 177K, 8% free 12454K/13511K, paused 13ms+2ms, total 30ms
D/dalvikvm(13137): WAIT_FOR_CONCURRENT_GC blocked 8ms
D/webview (12914): blockWebkitViewMessage= false
I/ActivityThread(13137): Pub com.google.android.apps.magazines: com.google.apps.dots.android.newsstand.provider.NSContentProvider
I/InputReader( 2016): Touch event's action is 0x0 (deviceType=0) [pCnt=1, s=0.50 ]
I/InputDispatcher( 2016): Delivering touch to current input target: action: 0x0
I/InputDispatcher( 2016): Delivering touch to current input target: action: 0x0
I/InputDispatcher( 2016): Delivering touch to current input target: action: 0x0
I/InputDispatcher( 2016): Delivering touch to current input target: action: 0x0
I/dalvikvm(13137): Could not find method android.webkit.WebView.setWebContentsDebuggingEnabled, referenced from method com.google.apps.dots.android.newsstand.NSDepend.setupInternal
W/dalvikvm(13137): VFY: unable to resolve static method 6504: Landroid/webkit/WebView;.setWebContentsDebuggingEnabled (Z)V
D/dalvikvm(13137): VFY: replacing opcode 0x71 at 0x00ba
I/InputReader( 2016): Touch event's action is 0x1 (deviceType=0) [pCnt=1, s=]
I/InputDispatcher( 2016): Delivering touch to current input target: action: 0x1
I/InputDispatcher( 2016): Delivering touch to current input target: action: 0x1
I/InputDispatcher( 2016): Delivering touch to current input target: action: 0x1
I/InputDispatcher( 2016): Delivering touch to current input target: action: 0x1
V/WebViewInputDispatcher(12914): blockWebkitDraw
V/WebViewInputDispatcher(12914): blockWebkitDraw lockedfalse
V/webview (12914):  singleCursorHandlerTouchEvent -getEditableSupport  FASLE 
I/dalvikvm(13137): Could not find method android.content.res.Configuration.getLayoutDirection, referenced from method com.google.apps.dots.android.newsstand.util.AndroidUtil.getLocaleLayoutDirection
W/dalvikvm(13137): VFY: unable to resolve virtual method 733: Landroid/content/res/Configuration;.getLayoutDirection ()I
D/dalvikvm(13137): VFY: replacing opcode 0x6e at 0x0010
I/dalvikvm(13137): Could not find method android.os.Trace.beginSection, referenced from method com.google.apps.dots.android.newsstand.instrumentation.TraceCompat.beginSection
W/dalvikvm(13137): VFY: unable to resolve static method 1335: Landroid/os/Trace;.beginSection (Ljava/lang/String;)V
D/dalvikvm(13137): VFY: replacing opcode 0x71 at 0x003a
I/dalvikvm(13137): Could not find method android.os.Trace.endSection, referenced from method com.google.apps.dots.android.newsstand.instrumentation.TraceCompat.endSection
W/dalvikvm(13137): VFY: unable to resolve static method 1336: Landroid/os/Trace;.endSection ()V
D/dalvikvm(13137): VFY: replacing opcode 0x71 at 0x000a
I/dalvikvm(13137): Could not find method android.os.Trace.endSection, referenced from method com.google.apps.dots.android.newsstand.instrumentation.TraceCompat.endSection
W/dalvikvm(13137): VFY: unable to resolve static method 1336: Landroid/os/Trace;.endSection ()V
D/dalvikvm(13137): VFY: replacing opcode 0x71 at 0x0017
W/GAV2    (13137): Thread[main,5,main]: Need to call initialize() and be in fallback mode to start dispatch.
I/Icing   ( 2452): Indexing 19F599F3C2EF1AE88F015CA6353D3BB820AF34C5 from com.google.android.googlequicksearchbox
I/Icing   ( 2452): Not enough disk space for indexing trimmable
D/dalvikvm(13137): GC_CONCURRENT freed 317K, 9% free 12610K/13831K, paused 2ms+3ms, total 29ms
I/dalvikvm(13137): Could not find method android.graphics.Bitmap.getAllocationByteCount, referenced from method com.google.apps.dots.android.newsstand.bitmap.CachingBitmapPool.isGoodForMutableBitmapRequest
W/dalvikvm(13137): VFY: unable to resolve virtual method 846: Landroid/graphics/Bitmap;.getAllocationByteCount ()I
D/dalvikvm(13137): VFY: replacing opcode 0x6e at 0x0018
I/dalvikvm(13137): Could not find method android.graphics.Bitmap.reconfigure, referenced from method com.google.apps.dots.android.newsstand.bitmap.CachingBitmapPool.reconfigureBitmap
W/dalvikvm(13137): VFY: unable to resolve virtual method 856: Landroid/graphics/Bitmap;.reconfigure (IILandroid/graphics/Bitmap$Config;)V
D/dalvikvm(13137): VFY: replacing opcode 0x6e at 0x0008
I/ActivityThread(13137): Pub com.google.android.apps.magazines.exported: com.google.apps.dots.android.newsstand.provider.ExportedContentProvider
I/ActivityThread(13137): Pub com.google.android.apps.magazines.webdata: com.google.apps.dots.android.newsstand.provider.WebDataContentProvider
I/NSApplication(13137): Starting up...
I/dalvikvm(13161): Turning on JNI app bug workarounds for target SDK version 7...
I/Icing   ( 2452): Not enough disk space for indexing trimmable
D/dalvikvm( 2452): GC_CONCURRENT freed 390K, 12% free 13557K/15303K, paused 17ms+17ms, total 70ms
I/Icing   ( 2452): Indexing done 19F599F3C2EF1AE88F015CA6353D3BB820AF34C5
D/webview (12914): blockWebkitViewMessage= false
D/InputReader( 2016): Input event: value=1
D/lights  ( 2016): button : 1 +
D/lights  ( 2016): button : 1 -
I/InputDispatcher( 2016): Delivering key to current input target: action: 0x0
I/InputDispatcher( 2016): Delivering key to current input target: action: 0x0
I/InputDispatcher( 2016): Delivering key to current input target: action: 0x0
I/InputDispatcher( 2016): Delivering key to current input target: action: 0x0
D/CordovaActivity(12914): onMessage(onCreateOptionsMenu,com.android.internal.view.menu.MenuBuilder@41e66eb0)
D/CordovaActivity(12914): onMessage(onPrepareOptionsMenu,com.android.internal.view.menu.MenuBuilder@41e66eb0)
D/InputReader( 2016): Input event: value=0
I/InputDispatcher( 2016): Delivering key to current input target: action: 0x1
I/InputDispatcher( 2016): Delivering key to current input target: action: 0x1
I/InputDispatcher( 2016): Delivering key to current input target: action: 0x1
I/InputDispatcher( 2016): Delivering key to current input target: action: 0x1
D/FirewallPolicy( 2016): getURLFilterEnabled(true)
D/FirewallPolicy( 2016): isUrlBlocked - Policy disabled
D/WebView (12914): loadUrlImpl: called
D/webcore (12914):  CORE loadUrl: called
D/webkit  (12914): Firewall not null
D/FirewallPolicy( 2016): getURLFilterEnabled(true)
D/FirewallPolicy( 2016): isUrlBlocked - Policy disabled
D/webkit  (12914): euler: isUrlBlocked = false
D/FirewallPolicy( 2016): getURLFilterEnabled(true)
D/FirewallPolicy( 2016): isUrlBlocked - Policy disabled
D/CordovaLog(12914): file:///android_asset/www/index.html: Line 21 : The menu was clicked...
I/Web Console(12914): The menu was clicked...:21
D/CordovaLog(12914): file:///android_asset/www/index.html: Line 27 : open the menu
I/Web Console(12914): open the menu:27
D/dalvikvm( 2016): GC_CONCURRENT freed 2047K, 29% free 34961K/48775K, paused 14ms+11ms, total 192ms
D/dalvikvm( 2016): WAIT_FOR_CONCURRENT_GC blocked 92ms
D/InputReader( 2016): Input event: value=1
I/InputDispatcher( 2016): Delivering key to current input target: action: 0x0
I/InputDispatcher( 2016): Delivering key to current input target: action: 0x0
I/InputDispatcher( 2016): Delivering key to c