E/SMD     ( 1737):  buffer = []
E/SMD     ( 1737): Wrote 1 chars to SMD PORT fd=8 ch = d
E/MtpService(10984): onStartCommand.
W/MTPRx   (10984): calling native method
E/MTPJNIInterface(10984): < MTP > Registering BroadCast receiver :::::
E/SMD     ( 1737): After the Modem Read select 
E/SMD     ( 1737): Read 10 chars from SMD Modem file fd = 8
E/SMD     ( 1737):  Message: 
E/SMD     ( 1737): ERROR
E/SMD     ( 1737): 
E/SMD     ( 1737): Before the Modem Read select 
E/DataRouter( 1735): [socket:14]******* Received data notification *******
E/DataRouter( 1735): [socket:14]read socket data[len:10]
E/DataRouter( 1735): [socket:14]read socket data[message:
E/DataRouter( 1735): ERROR
E/DataRouter( 1735): 
E/DataRouter( 1735): write [10] bytes of data to USB fd[8]
E/DataRouter( 1735): [socket:14]dr_usb_write
E/MtpService(10984): handleMessage. msg= { what=0 when=-3ms arg1=1 obj=Intent { cmp=com.android.MtpApplication/.MtpService } }
E/DataRouter( 1735): After the usb select 
E/DataRouter( 1735): read usb data[len:1]
E/DataRouter( 1735): read usb data message:A
E/DataRouter( 1735): Before the usb select 
E/SMD     ( 1737): ***Received data notification[DR->SMD]***
E/SMD     ( 1737): Message:A
E/SMD     ( 1737): Sending data to SMD: Len = [1]
E/SMD     ( 1737):  buffer = [A]
E/SMD     ( 1737): Wrote 1 chars to SMD PORT fd=8 ch = 41
E/SMD     ( 1737): After the Modem Read select 
E/SMD     ( 1737): Read 1 chars from SMD Modem file fd = 8
E/SMD     ( 1737):  Message: A
E/SMD     ( 1737): ERROR
E/SMD     ( 1737): 
E/SMD     ( 1737): Before the Modem Read select 
E/DataRouter( 1735): [socket:14]******* Received data notification *******
E/DataRouter( 1735): [socket:14]read socket data[len:1]
E/DataRouter( 1735): [socket:14]read socket data[message:A
E/DataRouter( 1735): write [1] bytes of data to USB fd[8]
E/DataRouter( 1735): [socket:14]dr_usb_write
D/dalvikvm( 2452): GC_CONCURRENT freed 412K, 12% free 13556K/15303K, paused 19ms+3ms, total 102ms
E/MTPJNIInterface(10984): noti = 10
E/MtpService(10984): onStartCommand.
W/MTPRx   (10984): calling native method
E/MTPRx   (10984): Checking the driver time out
E/MTPJNIInterface(10984): noti = 2
D/        (10984): event handler thread is created, so set the flag
E/MTPJNIInterface(10984): Getting media scanner status0
D/dalvikvm(10128): GC_CONCURRENT freed 319K, 9% free 14120K/15495K, paused 13ms+3ms, total 98ms
E/MtpService(10984): handleMessage. msg= { what=0 when=-27ms arg1=2 obj=Intent { cmp=com.android.MtpApplication/.MtpService } }
E/MTPRx   (10984): called native method
E/MTPJNIInterface(10984): setting Media scanner status0
E/MTPJNIInterface(10984): After setting Media scanner status0
E/MtpService(10984): In MTPAPP onReceive:android.intent.action.BATTERY_CHANGED
E/MtpService(10984): battPlugged Type : 2
W/MTPRx   (10984): notification from stack 1
E/DataRouter( 1735): After the usb select 
E/DataRouter( 1735): read usb data[len:1]
E/DataRouter( 1735): read usb data message:T
E/DataRouter( 1735): Before the usb select 
E/SMD     ( 1737): ***Received data notification[DR->SMD]***
E/SMD     ( 1737): Message:T
E/SMD     ( 1737): Sending data to SMD: Len = [1]
E/SMD     ( 1737):  buffer = [T]
E/SMD     ( 1737): Wrote 1 chars to SMD PORT fd=8 ch = 54
E/SMD     ( 1737): After the Modem Read select 
E/SMD     ( 1737): Read 1 chars from SMD Modem file fd = 8
E/SMD     ( 1737):  Message: T
E/SMD     ( 1737): ERROR
E/SMD     ( 1737): 
E/SMD     ( 1737): Before the Modem Read select 
E/DataRouter( 1735): [socket:14]******* Received data notification *******
E/DataRouter( 1735): [socket:14]read socket data[len:1]
E/DataRouter( 1735): [socket:14]read socket data[message:T
E/DataRouter( 1735): write [1] bytes of data to USB fd[8]
E/DataRouter( 1735): [socket:14]dr_usb_write
I/iu.UploadsManager(10128): End new media; added: 0, uploading: 0, time: 189 ms
E/DataRouter( 1735): After the usb select 
E/DataRouter( 1735): read usb data[len:1]
E/DataRouter( 1735): read usb data message:+
E/DataRouter( 1735): Before the usb select 
E/SMD     ( 1737): ***Received data notification[DR->SMD]***
E/SMD     ( 1737): Message:+
E/SMD     ( 1737): Sending data to SMD: Len = [1]
E/SMD     ( 1737):  buffer = [+]
E/SMD     ( 1737): Wrote 1 chars to SMD PORT fd=8 ch = 2b
E/SMD     ( 1737): After the Modem Read select 
E/SMD     ( 1737): Read 1 chars from SMD Modem file fd = 8
E/SMD     ( 1737):  Message: +
E/SMD     ( 1737): ERROR
E/SMD     ( 1737): 
E/SMD     ( 1737): Before the Modem Read select 
E/DataRouter( 1735): [socket:14]******* Received data notification *******
E/DataRouter( 1735): [socket:14]read socket data[len:1]
E/DataRouter( 1735): [socket:14]read socket data[message:+
E/DataRouter( 1735): write [1] bytes of data to USB fd[8]
E/DataRouter( 1735): [socket:14]dr_usb_write
D/dalvikvm( 2016): GC_CONCURRENT freed 1894K, 29% free 34635K/48775K, paused 22ms+15ms, total 177ms
E/DataRouter( 1735): After the usb select 
E/DataRouter( 1735): read usb data[len:1]
E/DataRouter( 1735): read usb data message:G
E/DataRouter( 1735): Before the usb select 
E/SMD     ( 1737): ***Received data notification[DR->SMD]***
E/SMD     ( 1737): Message:G
E/SMD     ( 1737): Sending data to SMD: Len = [1]
E/SMD     ( 1737):  buffer = [G]
E/SMD     ( 1737): Wrote 1 chars to SMD PORT fd=8 ch = 47
E/SMD     ( 1737): After the Modem Read select 
E/SMD     ( 1737): Read 1 chars from SMD Modem file fd = 8
E/SMD     ( 1737):  Message: G
E/SMD     ( 1737): ERROR
E/SMD     ( 1737): 
E/SMD     ( 1737): Before the Modem Read select 
E/DataRouter( 1735): [socket:14]******* Received data notification *******
E/DataRouter( 1735): [socket:14]read socket data[len:1]
E/DataRouter( 1735): [socket:14]read socket data[message:G
E/DataRouter( 1735): write [1] bytes of data to USB fd[8]
E/DataRouter( 1735): [socket:14]dr_usb_write
D/dalvikvm( 2016): WAIT_FOR_CONCURRENT_GC blocked 0ms
E/DataRouter( 1735): After the usb select 
E/DataRouter( 1735): read usb data[len:1]
E/DataRouter( 1735): read usb data message:C
E/DataRouter( 1735): Before the usb select 
E/SMD     ( 1737): ***Received data notification[DR->SMD]***
E/SMD     ( 1737): Message:C
E/SMD     ( 1737): Sending data to SMD: Len = [1]
E/SMD     ( 1737):  buffer = [C]
E/SMD     ( 1737): Wrote 1 chars to SMD PORT fd=8 ch = 43
E/SMD     ( 1737): After the Modem Read select 
E/SMD     ( 1737): Read 1 chars from SMD Modem file fd = 8
E/SMD     ( 1737):  Message: C
E/SMD     ( 1737): ERROR
E/SMD     ( 1737): 
E/SMD     ( 1737): Before the Modem Read select 
E/DataRouter( 1735): [socket:14]******* Received data notification *******
E/DataRouter( 1735): [socket:14]read socket data[len:1]
E/DataRouter( 1735): [socket:14]read socket data[message:C
E/DataRouter( 1735): write [1] bytes of data to USB fd[8]
E/DataRouter( 1735): [socket:14]dr_usb_write
D/dalvikvm(10336): GC_CONCURRENT freed 409K, 10% free 13023K/14343K, paused 2ms+2ms, total 32ms
D/dalvikvm( 2016): GC_EXPLICIT freed 271K, 30% free 34428K/48775K, paused 6ms+10ms, total 143ms
E/DataRouter( 1735): After the usb select 
E/DataRouter( 1735): read usb data[len:1]
E/DataRouter( 1735): read usb data message:A
E/DataRouter( 1735): Before the usb select 
E/SMD     ( 1737): ***Received data notification[DR->SMD]***
E/SMD     ( 1737): Message:A
E/SMD     ( 1737): Sending data to SMD: Len = [1]
E/SMD     ( 1737):  buffer = [A]
E/SMD     ( 1737): Wrote 1 chars to SMD PORT fd=8 ch = 41
E/SMD     ( 1737): After the Modem Read select 
E/SMD     ( 1737): Read 1 chars from SMD Modem file fd = 8
E/SMD     ( 1737):  Message: A
E/SMD     ( 1737): ERROR
E/SMD     ( 1737): 
E/SMD     ( 1737): Before the Modem Read select 
E/DataRouter( 1735): [socket:14]******* Received data notification *******
E/DataRouter( 1735): [socket:14]read socket data[len:1]
E/DataRouter( 1735): [socket:14]read socket data[message:A
E/DataRouter( 1735): write [1] bytes of data to USB fd[8]
E/DataRouter( 1735): [socket:14]dr_usb_write
I/iu.UploadsManager(10128): End new media; added: 0, uploading: 0, time: 168 ms
D/dalvikvm(10142): WAIT_FOR_CONCURRENT_GC blocked 0ms
D/dalvikvm(10142): GC_EXPLICIT freed 481K, 13% free 12386K/14087K, paused 2ms+2ms, total 26ms
E/DataRouter( 1735): After the usb select 
E/DataRouter( 1735): read usb data[len:1]
E/DataRouter( 1735): read usb data message:P
E/DataRouter( 1735): Before the usb select 
E/SMD     ( 1737): ***Received data notification[DR->SMD]***
E/SMD     ( 1737): Message:P
E/SMD     ( 1737): Sending data to SMD: Len = [1]
E/SMD     ( 1737):  buffer = [P]
E/SMD     ( 1737): Wrote 1 chars to SMD PORT fd=8 ch = 50
E/SMD     ( 1737): After the Modem Read select 
E/SMD     ( 1737): Read 1 chars from SMD Modem file fd = 8
E/SMD     ( 1737):  Message: P
E/SMD     ( 1737): ERROR
E/SMD     ( 1737): 
E/SMD     ( 1737): Before the Modem Read select 
E/DataRouter( 1735): [socket:14]******* Received data notification *******
E/DataRouter( 1735): [socket:14]read socket data[len:1]
E/DataRouter( 1735): [socket:14]read socket data[message:P
E/DataRouter( 1735): write [1] bytes of data to USB fd[8]
E/DataRouter( 1735): [socket:14]dr_usb_write
D/dalvikvm(10128): GC_CONCURRENT freed 935K, 12% free 13845K/15687K, paused 12ms+2ms, total 45ms
D/dalvikvm(10128): WAIT_FOR_CONCURRENT_GC blocked 26ms
E/DataRouter( 1735): After the usb select 
E/DataRouter( 1735): read usb data[len:1]
E/DataRouter( 1735): read usb data message:
E/DataRouter( 1735): Before the usb select 
E/SMD     ( 1737): ***Received data notification[DR->SMD]***
E/SMD     ( 1737): Message:
E/SMD     ( 1737): Sending data to SMD: Len = [1]
E/SMD     ( 1737):  buffer = []
E/SMD     ( 1737): Wrote 1 chars to SMD PORT fd=8 ch = d
E/SMD     ( 1737): After the Modem Read select 
E/SMD     ( 1737): Read 10 chars from SMD Modem file fd = 8
E/SMD     ( 1737):  Message: 
E/SMD     ( 1737): ERROR
E/SMD     ( 1737): 
E/SMD     ( 1737): Before the Modem Read select 
E/DataRouter( 1735): [socket:14]******* Received data notification *******
E/DataRouter( 1735): [socket:14]read socket data[len:10]
E/DataRouter( 1735): [socket:14]read socket data[message:
E/DataRouter( 1735): ERROR
E/DataRouter( 1735): 
E/DataRouter( 1735): write [10] bytes of data to USB fd[8]
E/DataRouter( 1735): [socket:14]dr_usb_write
E/DataRouter( 1735): After the usb select 
E/DataRouter( 1735): read usb data[len:1]
E/DataRouter( 1735): read usb data message:A
E/DataRouter( 1735): Before the usb select 
E/SMD     ( 1737): ***Received data notification[DR->SMD]***
E/SMD     ( 1737): Message:A
E/SMD     ( 1737): Sending data to SMD: Len = [1]
E/SMD     ( 1737):  buffer = [A]
E/SMD     ( 1737): Wrote 1 chars to SMD PORT fd=8 ch = 41
E/SMD     ( 1737): After the Modem Read select 
E/SMD     ( 1737): Read 1 chars from SMD Modem file fd = 8
E/SMD     ( 1737):  Message: A
E/SMD     ( 1737): ERROR
E/SMD     ( 1737): 
E/SMD     ( 1737): Before the Modem Read select 
E/DataRouter( 1735): [socket:14]******* Received data notification *******
E/DataRouter( 1735): [socket:14]read socket data[len:1]
E/DataRouter( 1735): [socket:14]read socket data[message:A
E/DataRouter( 1735): write [1] bytes of data to USB fd[8]
E/DataRouter( 1735): [socket:14]dr_usb_write
I/iu.UploadsManager(10128): End new media; added: 0, uploading: 0, time: 57 ms
E/DataRouter( 1735): After the usb select 
E/DataRouter( 1735): read usb data[len:1]
E/DataRouter( 1735): read usb data message:T
E/DataRouter( 1735): Before the usb select 
E/SMD     ( 1737): ***Received data notification[DR->SMD]***
E/SMD     ( 1737): Message:T
E/SMD     ( 1737): Sending data to SMD: Len = [1]
E/SMD     ( 1737):  buffer = [T]
E/SMD     ( 1737): Wrote 1 chars to SMD PORT fd=8 ch = 54
E/SMD     ( 1737): After the Modem Read select 
E/SMD     ( 1737): Read 1 chars from SMD Modem file fd = 8
E/SMD     ( 1737):  Message: T
E/SMD     ( 1737): ERROR
E/SMD     ( 1737): 
E/SMD     ( 1737): Before the Modem Read select 
E/DataRouter( 1735): [socket:14]******* Received data notification *******
E/DataRouter( 1735): [socket:14]read socket data[len:1]
E/DataRouter( 1735): [socket:14]read socket data[message:T
E/DataRouter( 1735): write [1] bytes of data to USB fd[8]
E/DataRouter( 1735): [socket:14]dr_usb_write
D/dalvikvm(10128): GC_CONCURRENT freed 491K, 12% free 13928K/15687K, paused 11ms+2ms, total 41ms
D/dalvikvm(10128): WAIT_FOR_CONCURRENT_GC blocked 15ms
E/DataRouter( 1735): After the usb select 
E/DataRouter( 1735): read usb data[len:1]
E/DataRouter( 1735): read usb data message:I
E/DataRouter( 1735): Before the usb select 
E/SMD     ( 1737): ***Received data notification[DR->SMD]***
E/SMD     ( 1737): Message:I
E/SMD     ( 1737): Sending data to SMD: Len = [1]
E/SMD     ( 1737):  buffer = [I]
E/SMD     ( 1737): Wrote 1 chars to SMD PORT fd=8 ch = 49
E/SMD     ( 1737): After the Modem Read select 
E/SMD     ( 1737): Read 1 chars from SMD Modem file fd = 8
E/SMD     ( 1737):  Message: I
E/SMD     ( 1737): ERROR
E/SMD     ( 1737): 
E/SMD     ( 1737): Before the Modem Read select 
E/DataRouter( 1735): [socket:14]******* Received data notification *******
E/DataRouter( 1735): [socket:14]read socket data[len:1]
E/DataRouter( 1735): [socket:14]read socket data[message:I
E/DataRouter( 1735): write [1] bytes of data to USB fd[8]
E/DataRouter( 1735): [socket:14]dr_usb_write
D/dalvikvm(10128): WAIT_FOR_CONCURRENT_GC blocked 0ms
D/dalvikvm(10128): GC_EXPLICIT freed 459K, 13% free 13672K/15687K, paused 2ms+2ms, total 65ms
E/DataRouter( 1735): After the usb select 
E/DataRouter( 1735): read usb data[len:1]
E/DataRouter( 1735): read usb data message:
E/DataRouter( 1735): Before the usb select 
E/SMD     ( 1737): ***Received data notification[DR->SMD]***
E/SMD     ( 1737): Message:
E/SMD     ( 1737): Sending data to SMD: Len = [1]
E/SMD     ( 1737):  buffer = []
E/SMD     ( 1737): Wrote 1 chars to SMD PORT fd=8 ch = d
E/SMD     ( 1737): After the Modem Read select 
E/SMD     ( 1737): Read 105 chars from SMD Modem file fd = 8
E/SMD     ( 1737):  Message: 
E/SMD     ( 1737):  Manufacturer: SAMSUNG 
E/SMD     ( 1737): 
E/SMD     ( 1737):  Model: N7000 
E/SMD     ( 1737): 
E/SMD     ( 1737):  Revision: N7000XXLT3 
E/SMD     ( 1737): 
E/SMD     ( 1737):  IMEI: 359575040529560 
E/SMD     ( 1737): 
E/SMD     ( 1737): OK
E/SMD     ( 1737): 
E/SMD     ( 1737): Before the Modem Read select 
E/DataRouter( 1735): [socket:14]******* Received data notification *******
E/DataRouter( 1735): [socket:14]read socket data[len:105]
E/DataRouter( 1735): [socket:14]read socket data[message:
E/DataRouter( 1735):  Manufacturer: SAMSUNG 
E/DataRouter( 1735): 
E/DataRouter( 1735):  Model: N7000 
E/DataRouter( 1735): 
E/DataRouter( 1735):  Revision: N7000XXLT3 
E/DataRouter( 1735): 
E/DataRouter( 1735):  IMEI: 359575040529560 
E/DataRouter( 1735): 
E/DataRouter( 1735): OK
E/DataRouter( 1735): 
E/DataRouter( 1735): write [105] bytes of data to USB fd[8]
E/DataRouter( 1735): [socket:14]dr_usb_write
E/DataRouter( 1735): After the usb select 
E/DataRouter( 1735): read usb data[len:1]
E/DataRouter( 1735): read usb data message:A
E/DataRouter( 1735): Before the usb select 
E/SMD     ( 1737): ***Received data notification[DR->SMD]***
E/SMD     ( 1737): Message:A
E/SMD     ( 1737): Sending data to SMD: Len = [1]
E/SMD     ( 1737):  buffer = [A]
E/SMD     ( 1737): Wrote 1 chars to SMD PORT fd=8 ch = 41
E/SMD     ( 1737): After the Modem Read select 
E/SMD     ( 1737): Read 1 chars from SMD Modem file fd = 8
E/SMD     ( 1737):  Message: A
E/SMD     ( 1737):  Manufacturer: SAMSUNG 
E/SMD     ( 1737): 
E/SMD     ( 1737):  Model: N7000 
E/SMD     ( 1737): 
E/SMD     ( 1737):  Revision: N7000XXLT3 
E/SMD     ( 1737): 
E/SMD     ( 1737):  IMEI: 359575040529560 
E/SMD     ( 1737): 
E/SMD     ( 1737): OK
E/SMD     ( 1737): 
E/SMD     ( 1737): Before the Modem Read select 
E/DataRouter( 1735): [socket:14]******* Received data notification *******
E/DataRouter( 1735): [socket:14]read socket data[len:1]
E/DataRouter( 1735): [socket:14]read socket data[message:A
E/DataRouter( 1735): write [1] bytes of data to USB fd[8]
E/DataRouter( 1735): [socket:14]dr_usb_write
I/iu.UploadsManager(10128): End new media; added: 0, uploading: 0, time: 106 ms
E/SQLiteLog(10984): (14) cannot open file at line 30241 of [00bb9c9ce4]
E/SQLiteLog(10984): (14) os_unix.c:30241: (2) open(/opt/dbspace/inappdb_mtp) - 
E/        (10984): _CompareMachineId: This is a DRM_E_MACHINEIDMISMATCH as device Unique ID is not CPU info Serial No
E/        (10984): _CompareMachineId: This is a DRM_E_MACHINEIDMISMATCH as device Unique ID is not CPU info Serial No
E/        (10984): _CompareMachineId: This is a DRM_E_MACHINEIDMISMATCH as device Unique ID is not CPU info Serial No
E/DataRouter( 1735): After the usb select 
E/DataRouter( 1735): read usb data[len:1]
E/DataRouter( 1735): read usb data message:T
E/DataRouter( 1735): Before the usb select 
E/SMD     ( 1737): ***Received data notification[DR->SMD]***
E/SMD     ( 1737): Message:T
E/SMD     ( 1737): Sending data to SMD: Len = [1]
E/SMD     ( 1737):  buffer = [T]
E/SMD     ( 1737): Wrote 1 chars to SMD PORT fd=8 ch = 54
E/SMD     ( 1737): After the Modem Read select 
E/SMD     ( 1737): Read 1 chars from SMD Modem file fd = 8
E/SMD     ( 1737):  Message: T
E/SMD     ( 1737):  Manufacturer: SAMSUNG 
E/SMD     ( 1737): 
E/SMD     ( 1737):  Model: N7000 
E/SMD     ( 1737): 
E/SMD     ( 1737):  Revision: N7000XXLT3 
E/SMD     ( 1737): 
E/SMD     ( 1737):  IMEI: 359575040529560 
E/SMD     ( 1737): 
E/SMD     ( 1737): OK
E/SMD     ( 1737): 
E/SMD     ( 1737): Before the Modem Read select 
E/DataRouter( 1735): [socket:14]******* Received data notification *******
E/DataRouter( 1735): [socket:14]read socket data[len:1]
E/DataRouter( 1735): [socket:14]read socket data[message:T
E/DataRouter( 1735): write [1] bytes of data to USB fd[8]
E/DataRouter( 1735): [socket:14]dr_usb_write
E/DataRouter( 1735): After the usb select 
E/DataRouter( 1735): read usb data[len:1]
E/DataRouter( 1735): read usb data message:+
E/DataRouter( 1735): Before the usb select 
E/SMD     ( 1737): ***Received data notification[DR->SMD]***
E/SMD     ( 1737): Message:+
E/SMD     ( 1737): Sending data to SMD: Len = [1]
E/SMD     ( 1737):  buffer = [+]
E/SMD     ( 1737): Wrote 1 chars to SMD PORT fd=8 ch = 2b
E/SMD     ( 1737): After the Modem Read select 
E/SMD     ( 1737): Read 1 chars from SMD Modem file fd = 8
E/SMD     ( 1737):  Message: +
E/SMD     ( 1737):  Manufacturer: SAMSUNG 
E/SMD     ( 1737): 
E/SMD     ( 1737):  Model: N7000 
E/SMD     ( 1737): 
E/SMD     ( 1737):  Revision: N7000XXLT3 
E/SMD     ( 1737): 
E/SMD     ( 1737):  IMEI: 359575040529560 
E/SMD     ( 1737): 
E/SMD     ( 1737): OK
E/SMD     ( 1737): 
E/SMD     ( 1737): Before the Modem Read select 
E/DataRouter( 1735): [socket:14]******* Received data notification *******
E/DataRouter( 1735): [socket:14]read socket data[len:1]
E/DataRouter( 1735): [socket:14]read socket data[message:+
E/DataRouter( 1735): write [1] bytes of data to USB fd[8]
E/DataRouter( 1735): [socket:14]dr_usb_write
E/        (10984): _CompareMachineId: This is a DRM_E_MACHINEIDMISMATCH as device Unique ID is not CPU info Serial No
E/        (10984): _CompareMachineId: This is a DRM_E_MACHINEIDMISMATCH as device Unique ID is not CPU info Serial No
E/DataRouter( 1735): After the usb select 
E/DataRouter( 1735): read usb data[len:1]
E/DataRouter( 1735): read usb data message:C
E/DataRouter( 1735): Before the usb select 
E/SMD     ( 1737): ***Received data notification[DR->SMD]***
E/SMD     ( 1737): Message:C
E/SMD     ( 1737): Sending data to SMD: Len = [1]
E/SMD     ( 1737):  buffer = [C]
E/SMD     ( 1737): Wrote 1 chars to SMD PORT fd=8 ch = 43
E/SMD     ( 1737): After the Modem Read select 
E/SMD     ( 1737): Read 1 chars from SMD Modem file fd = 8
E/SMD     ( 1737):  Message: C
E/SMD     ( 1737):  Manufacturer: SAMSUNG 
E/SMD     ( 1737): 
E/SMD     ( 1737):  Model: N7000 
E/SMD     ( 1737): 
E/SMD     ( 1737):  Revision: N7000XXLT3 
E/SMD     ( 1737): 
E/SMD     ( 1737):  IMEI: 359575040529560 
E/SMD     ( 1737): 
E/SMD     ( 1737): OK
E/SMD     ( 1737): 
E/SMD     ( 1737): Before the Modem Read select 
E/DataRouter( 1735): [socket:14]******* Received data notification *******
E/DataRouter( 1735): [socket:14]read socket data[len:1]
E/DataRouter( 1735): [socket:14]read socket data[message:C
E/DataRouter( 1735): write [1] bytes of data to USB fd[8]
E/DataRouter( 1735): [socket:14]dr_usb_write
E/DataRouter( 1735): After the usb select 
E/DataRouter( 1735): read usb data[len:1]
E/DataRouter( 1735): read usb data message:P
E/DataRouter( 1735): Before the usb select 
E/SMD     ( 1737): ***Received data notification[DR->SMD]***
E/SMD     ( 1737): Message:P
E/SMD     ( 1737): Sending data to SMD: Len = [1]
E/SMD     ( 1737):  buffer = [P]
E/SMD     ( 1737): Wrote 1 chars to SMD PORT fd=8 ch = 50
E/SMD     ( 1737): After the Modem Read select 
E/SMD     ( 1737): Read 1 chars from SMD Modem file fd = 8
E/SMD     ( 1737):  Message: P
E/SMD     ( 1737):  Manufacturer: SAMSUNG 
E/SMD     ( 1737): 
E/SMD     ( 1737):  Model: N7000 
E/SMD     ( 1737): 
E/SMD     ( 1737):  Revision: N7000XXLT3 
E/SMD     ( 1737): 
E/SMD     ( 1737):  IMEI: 359575040529560 
E/SMD     ( 1737): 
E/SMD     ( 1737): OK
E/SMD     ( 1737): 
E/SMD     ( 1737): Before the Modem Read select 
E/DataRouter( 1735): [socket:14]******* Received data notification *******
E/DataRouter( 1735): [socket:14]read socket data[len:1]
E/DataRouter( 1735): [socket:14]read socket data[message:P
E/DataRouter( 1735): write [1] bytes of data to USB fd[8]
E/DataRouter( 1735): [socket:14]dr_usb_write
E/DataRouter( 1735): After the usb select 
E/DataRouter( 1735): read usb data[len:1]
E/DataRouter( 1735): read usb data message:I
E/DataRouter( 1735): Before the usb select 
E/SMD     ( 1737): ***Received data notification[DR->SMD]***
E/SMD     ( 1737): Message:I
E/SMD     ( 1737): Sending data to SMD: Len = [1]
E/SMD     ( 1737):  buffer = [I]
E/SMD     ( 1737): Wrote 1 chars to SMD PORT fd=8 ch = 49
E/SMD     ( 1737): After the Modem Read select 
E/SMD     ( 1737): Read 1 chars from SMD Modem file fd = 8
E/SMD     ( 1737):  Message: I
E/SMD     ( 1737):  Manufacturer: SAMSUNG 
E/SMD     ( 1737): 
E/SMD     ( 1737):  Model: N7000 
E/SMD     ( 1737): 
E/SMD     ( 1737):  Revision: N7000XXLT3 
E/SMD     ( 1737): 
E/SMD     ( 1737):  IMEI: 359575040529560 
E/SMD     ( 1737): 
E/SMD     ( 1737): OK
E/SMD     ( 1737): 
E/SMD     ( 1737): Before the Modem Read select 
E/DataRouter( 1735): [socket:14]******* Received data notification *******
E/DataRouter( 1735): [socket:14]read socket data[len:1]
E/DataRouter( 1735): [socket:14]read socket data[message:I
E/DataRouter( 1735): write [1] bytes of data to USB fd[8]
E/DataRouter( 1735): [socket:14]dr_usb_write
E/DataRouter( 1735): After the usb select 
E/DataRouter( 1735): read usb data[len:1]
E/DataRouter( 1735): read usb data message:N
E/DataRouter( 1735): Before the usb select 
E/SMD     ( 1737): ***Received data notification[DR->SMD]***
E/SMD     ( 1737): Message:N
E/SMD     ( 1737): Sending data to SMD: Len = [1]
E/SMD     ( 1737):  buffer = [N]
E/SMD     ( 1737): Wrote 1 chars to SMD PORT fd=8 ch = 4e
E/SMD     ( 1737): After the Modem Read select 
E/SMD     ( 1737): Read 1 chars from SMD Modem file fd = 8
E/SMD     ( 1737):  Message: N
E/SMD     ( 1737):  Manufacturer: SAMSUNG 
E/SMD     ( 1737): 
E/SMD     ( 1737):  Model: N7000 
E/SMD     ( 1737): 
E/SMD     ( 1737):  Revision: N7000XXLT3 
E/SMD     ( 1737): 
E/SMD     ( 1737):  IMEI: 359575040529560 
E/SMD     ( 1737): 
E/SMD     ( 1737): OK
E/SMD     ( 1737): 
E/SMD     ( 1737): Before the Modem Read select 
E/DataRouter( 1735): [socket:14]******* Received data notification *******
E/DataRouter( 1735): [socket:14]read socket data[len:1]
E/DataRouter( 1735): [socket:14]read socket data[message:N
E/DataRouter( 1735): write [1] bytes of data to USB fd[8]
E/DataRouter( 1735): [socket:14]dr_usb_write
E/MTPJNIInterface(10984): Status for mount/Unmount :mounted
E/MTPJNIInterface(10984): SDcard is  available
E/MTPJNIInterface(10984): Status for mount/Unmount :removed
E/MTPJNIInterface(10984): SDcard is not available
E/MTPJNIInterface(10984): Status for mount/Unmount :removed
E/MTPJNIInterface(10984): SDcard is not available
D/        (10984): written string DATA_STORE_ID into file /data/hidden_volume.txt 
D/        (10984):  
D/        (10984): written string CACHE_STORE_ID into file /cache/hidden_volume.txt 
D/        (10984):  
E/MTPJNIInterface(10984): Status for mount/Unmount :mounted
E/MTPJNIInterface(10984): SDcard is  available
E/SQLiteLog(10984): (21) API call with unopened database connection pointer
E/SQLiteLog(10984): (21) misuse at line 94413 of [00bb9c9ce4]
E/SQLiteLog(10984): (21) API call with unopened database connection pointer
E/SQLiteLog(10984): (21) misuse at line 90928 of [00bb9c9ce4]
E/SQLiteLog(10984): (21) API call with unopened database connection pointer
E/SQLiteLog(10984): (21) misuse at line 90928 of [00bb9c9ce4]
E/SQLiteLog(10984): (21) API call with unopened database connection pointer
E/SQLiteLog(10984): (21) misuse at line 94413 of [00bb9c9ce4]
W/MTPRx   (10984): notification from stack 2
E/DataRouter( 1735): After the usb select 
E/DataRouter( 1735): read usb data[len:1]
E/DataRouter( 1735): read usb data message:?
E/DataRouter( 1735): Before the usb select 
E/SMD     ( 1737): ***Received data notification[DR->SMD]***
E/SMD     ( 1737): Message:?
E/SMD     ( 1737): Sending data to SMD: Len = [1]
E/SMD     ( 1737):  buffer = [?]
E/SMD     ( 1737): Wrote 1 chars to SMD PORT fd=8 ch = 3f
E/SMD     ( 1737): After the Modem Read select 
E/SMD     ( 1737): Read 1 chars from SMD Modem file fd = 8
E/SMD     ( 1737):  Message: ?
E/SMD     ( 1737):  Manufacturer: SAMSUNG 
E/SMD     ( 1737): 
E/SMD     ( 1737):  Model: N7000 
E/SMD     ( 1737): 
E/SMD     ( 1737):  Revision: N7000XXLT3 
E/SMD     ( 1737): 
E/SMD     ( 1737):  IMEI: 359575040529560 
E/SMD     ( 1737): 
E/SMD     ( 1737): OK
E/SMD     ( 1737): 
E/SMD     ( 1737): Before the Modem Read select 
E/DataRouter( 1735): [socket:14]******* Received data notification *******
E/DataRouter( 1735): [socket:14]read socket data[len:1]
E/DataRouter( 1735): [socket:14]read socket data[message:?
E/DataRouter( 1735): write [1] bytes of data to USB fd[8]
E/DataRouter( 1735): [socket:14]dr_usb_write
E/DataRouter( 1735): After the usb select 
E/DataRouter( 1735): read usb data[len:1]
E/DataRouter( 1735): read usb data message:
E/DataRouter( 1735): Before the usb select 
E/SMD     ( 1737): ***Received data notification[DR->SMD]***
E/SMD     ( 1737): Message:
E/SMD     ( 1737): Sending data to SMD: Len = [1]
E/SMD     ( 1737):  buffer = []
E/SMD     ( 1737): Wrote 1 chars to SMD PORT fd=8 ch = d
E/SMD     ( 1737): After the Modem Read select 
E/SMD     ( 1737): Read 23 chars from SMD Modem file fd = 8
E/SMD     ( 1737):  Message: 
E/SMD     ( 1737): +CPIN: READY
E/SMD     ( 1737): 
E/SMD     ( 1737): OK
E/SMD     ( 1737): NG 
E/SMD     ( 1737): 
E/SMD     ( 1737):  Model: N7000 
E/SMD     ( 1737): 
E/SMD     ( 1737):  Revision: N7000XXLT3 
E/SMD     ( 1737): 
E/SMD     ( 1737):  IMEI: 359575040529560 
E/SMD     ( 1737): 
E/SMD     ( 1737): OK
E/SMD     ( 1737): 
E/SMD     ( 1737): Before the Modem Read select 
E/DataRouter( 1735): [socket:14]******* Received data notification *******
E/DataRouter( 1735): [socket:14]read socket data[len:23]
E/DataRouter( 1735): [socket:14]read socket data[message:
E/DataRouter( 1735): +CPIN: READY
E/DataRouter( 1735): 
E/DataRouter( 1735): OK
E/DataRouter( 1735): 
E/DataRouter( 1735): write [23] bytes of data to USB fd[8]
E/DataRouter( 1735): [socket:14]dr_usb_write
E/DataRouter( 1735): After the usb select 
E/DataRouter( 1735): read usb data[len:1]
E/DataRouter( 1735): read usb data message:A
E/DataRouter( 1735): Before the usb select 
E/SMD     ( 1737): ***Received data notification[DR->SMD]***
E/SMD     ( 1737): Message:A
E/SMD     ( 1737): Sending data to SMD: Len = [1]
E/SMD     ( 1737):  buffer = [A]
E/SMD     ( 1737): Wrote 1 chars to SMD PORT fd=8 ch = 41
E/DataRouter( 1735): After the usb select 
E/DataRouter( 1735): read usb data[len:1]
E/DataRouter( 1735): read usb data message:T
E/DataRouter( 1735): Before the usb select 
E/SMD     ( 1737): ***Received data notification[DR->SMD]***
E/SMD     ( 1737): Message:T
E/SMD     ( 1737): Sending data to SMD: Len = [1]
E/SMD     ( 1737):  buffer = [T]
E/SMD     ( 1737): Wrote 1 chars to SMD PORT fd=8 ch = 54
E/SMD     ( 1737): After the Modem Read select 
E/SMD     ( 1737): Read 1 chars from SMD Modem file fd = 8
E/SMD     ( 1737):  Message: A
E/SMD     ( 1737): +CPIN: READY
E/SMD     ( 1737): 
E/SMD     ( 1737): OK
E/SMD     ( 1737): NG 
E/SMD     ( 1737): 
E/SMD     ( 1737):  Model: N7000 
E/SMD     ( 1737): 
E/SMD     ( 1737):  Revision: N7000XXLT3 
E/SMD     ( 1737): 
E/SMD     ( 1737):  IMEI: 359575040529560 
E/SMD     ( 1737): 
E/SMD     ( 1737): OK
E/SMD     ( 1737): 
E/DataRouter( 1735): After the usb select 
E/SMD     ( 1737): Before the Modem Read select 
E/DataRouter( 1735): read usb data[len:1]
E/DataRouter( 1735): read usb data message:E
E/DataRouter( 1735): [socket:14]******* Received data notification *******
E/DataRouter( 1735): Before the usb select 
E/DataRouter( 1735): [socket:14]read socket data[len:1]
E/DataRouter( 1735): [socket:14]read socket data[message:A
E/DataRouter( 1735): write [1] bytes of data to USB fd[8]
E/SMD     ( 1737): ***Received data notification[DR->SMD]***
E/DataRouter( 1735): [socket:14]dr_usb_write
E/SMD     ( 1737): Message:E
E/SMD     ( 1737): Sending data to SMD: Len = [1]
E/SMD     ( 1737):  buffer = [E]
E/SMD     ( 1737): Wrote 1 chars to SMD PORT fd=8 ch = 45
E/DataRouter( 1735): After the usb select 
E/DataRouter( 1735): read usb data[len:1]
E/DataRouter( 1735): read usb data message:0
E/DataRouter( 1735): Before the usb select 
E/SMD     ( 1737): ***Received data notification[DR->SMD]***
E/SMD     ( 1737): Message:0
E/SMD     ( 1737): Sending data to SMD: Len = [1]
E/SMD     ( 1737):  buffer = [0]
E/SMD     ( 1737): Wrote 1 chars to SMD PORT fd=8 ch = 30
E/DataRouter( 1735): After the usb select 
E/DataRouter( 1735): read usb data[len:1]
E/DataRouter( 1735): read usb data message:
E/DataRouter( 1735): Before the usb select 
E/SMD     ( 1737): After the Modem Read select 
E/SMD     ( 1737): ***Received data notification[DR->SMD]***
E/SMD     ( 1737): Read 1 chars from SMD Modem file fd = 8
E/SMD     ( 1737):  Message: T
E/SMD     ( 1737): +CPIN: READY
E/SMD     ( 1737): 
E/SMD     ( 1737): OK
E/SMD     ( 1737): NG 
E/SMD     ( 1737): 
E/SMD     ( 1737):  Model: N7000 
E/SMD     ( 1737): 
E/SMD     ( 1737):  Revision: N7000XXLT3 
E/SMD     ( 1737): 
E/SMD     ( 1737):  IMEI: 359575040529560 
E/SMD     ( 1737): 
E/SMD     ( 1737): OK
E/SMD     ( 1737): 
E/SMD     ( 1737): Message:
E/SMD     ( 1737): Sending data to SMD: Len = [1]
E/SMD     ( 1737):  buffer = []
E/SMD     ( 1737): Before the Modem Read select 
E/SMD     ( 1737): After the Modem Read select 
E/SMD     ( 1737): Wrote 1 chars to SMD PORT fd=8 ch = d
E/SMD     ( 1737): Read 1 chars from SMD Modem file fd = 8
E/SMD     ( 1737):  Message: E
E/SMD     ( 1737): +CPIN: READY
E/SMD     ( 1737): 
E/SMD     ( 1737): OK
E/SMD     ( 1737): NG 
E/SMD     ( 1737): 
E/SMD     ( 1737):  Model: N7000 
E/SMD     ( 1737): 
E/SMD     ( 1737):  Revision: N7000XXLT3 
E/SMD     ( 1737): 
E/SMD     ( 1737):  IMEI: 359575040529560 
E/SMD     ( 1737): 
E/SMD     ( 1737): OK
E/SMD     ( 1737): 
E/SMD     ( 1737): Before the Modem Read select 
E/DataRouter( 1735): [socket:14]******* Received data notification *******
E/DataRouter( 1735): [socket:14]read socket data[len:2]
E/DataRouter( 1735): [socket:14]read socket data[message:TE
E/DataRouter( 1735): write [2] bytes of data to USB fd[8]
E/DataRouter( 1735): [socket:14]dr_usb_write
E/SMD     ( 1737): After the Modem Read select 
E/SMD     ( 1737): Read 1 chars from SMD Modem file fd = 8
E/SMD     ( 1737):  Message: 0
E/SMD     ( 1737): +CPIN: READY
E/SMD     ( 1737): 
E/SMD     ( 1737): OK
E/SMD     ( 1737): NG 
E/SMD     ( 1737): 
E/SMD     ( 1737):  Model: N7000 
E/SMD     ( 1737): 
E/SMD     ( 1737):  Revision: N7000XXLT3 
E/SMD     ( 1737): 
E/SMD     ( 1737):  IMEI: 359575040529560 
E/SMD     ( 1737): 
E/SMD     ( 1737): OK
E/SMD     ( 1737): 
E/SMD     ( 1737): Before the Modem Read select 
E/DataRouter( 1735): [socket:14]******* Received data notification *******
E/DataRouter( 1735): [socket:14]read socket data[len:1]
E/DataRouter( 1735): [socket:14]read socket data[message:0
E/DataRouter( 1735): write [1] bytes of data to USB fd[8]
E/DataRouter( 1735): [socket:14]dr_usb_write
E/SMD     ( 1737): After the Modem Read select 
E/SMD     ( 1737): Read 7 chars from SMD Modem file fd = 8
E/SMD     ( 1737):  Message: 
E/SMD     ( 1737): OK
E/SMD     ( 1737): N: READY
E/SMD     ( 1737): 
E/SMD     ( 1737): OK
E/SMD     ( 1737): NG 
E/SMD     ( 1737): 
E/SMD     ( 1737):  Model: N7000 
E/SMD     ( 1737): 
E/SMD     ( 1737):  Revision: N7000XXLT3 
E/SMD     ( 1737): 
E/SMD     ( 1737):  IMEI: 359575040529560 
E/SMD     ( 1737): 
E/SMD     ( 1737): OK
E/SMD     ( 1737): 
E/SMD     ( 1737): Before the Modem Read select 
E/DataRouter( 1735): [socket:14]******* Received data notification *******
E/DataRouter( 1735): [socket:14]read socket data[len:7]
E/DataRouter( 1735): [socket:14]read socket data[message:
E/DataRouter( 1735): OK
E/DataRouter( 1735): 
E/DataRouter( 1735): write [7] bytes of data to USB fd[8]
E/DataRouter( 1735): [socket:14]dr_usb_write
E/DataRouter( 1735): After the usb select 
E/DataRouter( 1735): read usb data[len:1]
E/DataRouter( 1735): read usb data message:A
E/DataRouter( 1735): Before the usb select 
E/SMD     ( 1737): ***Received data notification[DR->SMD]***
E/SMD     ( 1737): Message:A
E/SMD     ( 1737): Sending data to SMD: Len = [1]
E/SMD     ( 1737):  buffer = [A]
E/SMD     ( 1737): Wrote 1 chars to SMD PORT fd=8 ch = 41
E/DataRouter( 1735): After the usb select 
E/DataRouter( 1735): read usb data[len:1]
E/DataRouter( 1735): read usb data message:T
E/DataRouter( 1735): Before the usb select 
E/SMD     ( 1737): ***Received data notification[DR->SMD]***
E/SMD     ( 1737): Message:T
E/SMD     ( 1737): Sending data to SMD: Len = [1]
E/SMD     ( 1737):  buffer = [T]
E/SMD     ( 1737): Wrote 1 chars to SMD PORT fd=8 ch = 54
E/DataRouter( 1735): After the usb select 
E/DataRouter( 1735): read usb data[len:1]
E/DataRouter( 1735): read usb data message:+
E/DataRouter( 1735): Before the usb select 
E/SMD     ( 1737): ***Received data notification[DR->SMD]***
E/SMD     ( 1737): Message:+
E/SMD     ( 1737): Sending data to SMD: Len = [1]
E/SMD     ( 1737):  buffer = [+]
E/SMD     ( 1737): Wrote 1 chars to SMD PORT fd=8 ch = 2b
E/DataRouter( 1735): After the usb select 
E/DataRouter( 1735): read usb data[len:1]
E/DataRouter( 1735): read usb data message:G
E/DataRouter( 1735): Before the usb select 
E/SMD     ( 1737): ***Received data notification[DR->SMD]***
E/SMD     ( 1737): Message:G
E/SMD     ( 1737): Sending data to SMD: Len = [1]
E/SMD     ( 1737):  buffer = [G]
E/SMD     ( 1737): Wrote 1 chars to SMD PORT fd=8 ch = 47
E/DataRouter( 1735): After the usb select 
E/DataRouter( 1735): read usb data[len:1]
E/DataRouter( 1735): read usb data message:M
E/DataRouter( 1735): Before the usb select 
E/SMD     ( 1737): ***Received data notification[DR->SMD]***
E/SMD     ( 1737): Message:M
E/SMD     ( 1737): Sending data to SMD: Len = [1]
E/SMD     ( 1737):  buffer = [M]
E/SMD     ( 1737): Wrote 1 chars to SMD PORT fd=8 ch = 4d
E/DataRouter( 1735): After the usb select 
E/DataRouter( 1735): read usb data[len:1]
E/DataRouter( 1735): read usb data message:I
E/DataRouter( 1735): Before the usb select 
E/SMD     ( 1737): ***Received data notification[DR->SMD]***
E/SMD     ( 1737): Message:I
E/SMD     ( 1737): Sending data to SMD: Len = [1]
E/SMD     ( 1737):  buffer = [I]
E/SMD     ( 1737): Wrote 1 chars to SMD PORT fd=8 ch = 49
E/DataRouter( 1735): After the usb select 
E/DataRouter( 1735): read usb data[len:1]
E/DataRouter( 1735): read usb data message:
E/DataRouter( 1735): Before the usb select 
E/SMD     ( 1737): ***Received data notification[DR->SMD]***
E/SMD     ( 1737): Message:
E/SMD     ( 1737): Sending data to SMD: Len = [1]
E/SMD     ( 1737):  buffer = []
E/SMD     ( 1737): Wrote 1 chars to SMD PORT fd=8 ch = d
E/SMD     ( 1737): After the Modem Read select 
E/SMD     ( 1737): Read 9 chars from SMD Modem file fd = 8
E/SMD     ( 1737):  Message: 
E/SMD     ( 1737): ERROR
E/SMD     ( 1737):  READY
E/SMD     ( 1737): 
E/SMD     ( 1737): OK
E/SMD     ( 1737): NG 
E/SMD     ( 1737): 
E/SMD     ( 1737):  Model: N7000 
E/SMD     ( 1737): 
E/SMD     ( 1737):  Revision: N7000XXLT3 
E/SMD     ( 1737): 
E/SMD     ( 1737):  IMEI: 359575040529560 
E/SMD     ( 1737): 
E/SMD     ( 1737): OK
E/SMD     ( 1737): 
E/SMD     ( 1737): Before the Modem Read select 
E/DataRouter( 1735): [socket:14]******* Received data notification *******
E/DataRouter( 1735): [socket:14]read socket data[len:9]
E/DataRouter( 1735): [socket:14]read socket data[message:
E/DataRouter( 1735): ERROR
E/DataRouter( 1735): 
E/DataRouter( 1735): write [9] bytes of data to USB fd[8]
E/DataRouter( 1735): [socket:14]dr_usb_write
E/DataRouter( 1735): After the usb select 
E/DataRouter( 1735): read usb data[len:1]
E/DataRouter( 1735): read usb data message:A
E/DataRouter( 1735): Before the usb select 
E/SMD     ( 1737): ***Received data notification[DR->SMD]***
E/SMD     ( 1737): Message:A
E/SMD     ( 1737): Sending data to SMD: Len = [1]
E/SMD     ( 1737):  buffer = [A]
E/SMD     ( 1737): Wrote 1 chars to SMD PORT fd=8 ch = 41
E/DataRouter( 1735): After the usb select 
E/DataRouter( 1735): read usb data[len:1]
E/DataRouter( 1735): read usb data message:T
E/DataRouter( 1735): Before the usb select 
E/SMD     ( 1737): ***Received data notification[DR->SMD]***
E/SMD     ( 1737): Message:T
E/SMD     ( 1737): Sending data to SMD: Len = [1]
E/SMD     ( 1737):  buffer = [T]
E/SMD     ( 1737): Wrote 1 chars to SMD PORT fd=8 ch = 54
E/DataRouter( 1735): After the usb select 
E/DataRouter( 1735): read usb data[len:1]
E/DataRouter( 1735): read usb data message:+
E/DataRouter( 1735): Before the usb select 
E/SMD     ( 1737): ***Received data notification[DR->SMD]***
E/SMD     ( 1737): Message:+
E/SMD     ( 1737): Sending data to SMD: Len = [1]
E/SMD     ( 1737):  buffer = [+]
E/SMD     ( 1737): Wrote 1 chars to SMD PORT fd=8 ch = 2b
E/DataRouter( 1735): After the usb select 
E/DataRouter( 1735): read usb data[len:1]
E/DataRouter( 1735): read usb data message:G
E/DataRouter( 1735): Before the usb select 
E/SMD     ( 1737): ***Received data notification[DR->SMD]***
E/SMD     ( 1737): Message:G
E/SMD     ( 1737): Sending data to SMD: Len = [1]
E/SMD     ( 1737):  buffer = [G]
E/SMD     ( 1737): Wrote 1 chars to SMD PORT fd=8 ch = 47
E/DataRouter( 1735): After the usb select 
E/DataRouter( 1735): read usb data[len:1]
E/DataRouter( 1735): read usb data message:M
E/DataRouter( 1735): Before the usb select 
E/SMD     ( 1737): ***Received data notification[DR->SMD]***
E/SMD     ( 1737): Message:M
E/SMD     ( 1737): Sending data to SMD: Len = [1]
E/SMD     ( 1737):  buffer = [M]
E/SMD     ( 1737): Wrote 1 chars to SMD PORT fd=8 ch = 4d
E/DataRouter( 1735): After the usb select 
E/DataRouter( 1735): read usb data[len:1]
E/DataRouter( 1735): read usb data message:M
E/DataRouter( 1735): Before the usb select 
E/SMD     ( 1737): ***Received data notification[DR->SMD]***
E/SMD     ( 1737): Message:M
E/SMD     ( 1737): Sending data to SMD: Len = [1]
E/SMD     ( 1737):  buffer = [M]
E/SMD     ( 1737): Wrote 1 chars to SMD PORT fd=8 ch = 4d
E/DataRouter( 1735): After the usb select 
E/DataRouter( 1735): read usb data[len:1]
E/DataRouter( 1735): read usb data message:
E/DataRouter( 1735): Before the usb select 
E/SMD     ( 1737): ***Received data notification[DR->SMD]***
E/SMD     ( 1737): Message:
E/SMD     ( 1737): Sending data to SMD: Len = [1]
E/SMD     ( 1737):  buffer = []
E/SMD     ( 1737): Wrote 1 chars to SMD PORT fd=8 ch = d
E/SMD     ( 1737): After the Modem Read select 
E/SMD     ( 1737): Read 9 chars from SMD Modem file fd = 8
E/SMD     ( 1737):  Message: 
E/SMD     ( 1737): ERROR
E/SMD     ( 1737):  READY
E/SMD     ( 1737): 
E/SMD     ( 1737): OK
E/SMD     ( 1737): NG 
E/SMD     ( 1737): 
E/SMD     ( 1737):  Model: N7000 
E/SMD     ( 1737): 
E/SMD     ( 1737):  Revision: N7000XXLT3 
E/SMD     ( 1737): 
E/SMD     ( 1737):  IMEI: 359575040529560 
E/SMD     ( 1737): 
E/SMD     ( 1737): OK
E/SMD     ( 1737): 
E/SMD     ( 1737): Before the Modem Read select 
E/DataRouter( 1735): [socket:14]******* Received data notification *******
E/DataRouter( 1735): [socket:14]read socket data[len:9]
E/DataRouter( 1735): [socket:14]read socket data[message:
E/DataRouter( 1735): ERROR
E/DataRouter( 1735): 
E/DataRouter( 1735): write [9] bytes of data to USB fd[8]
E/DataRouter( 1735): [socket:14]dr_usb_write
E/DataRouter( 1735): After the usb select 
E/DataRouter( 1735): read usb data[len:1]
E/DataRouter( 1735): read usb data message:A
E/DataRouter( 1735): Before the usb select 
E/SMD     ( 1737): ***Received data notification[DR->SMD]***
E/SMD     ( 1737): Message:A
E/SMD     ( 1737): Sending data to SMD: Len = [1]
E/SMD     ( 1737):  buffer = [A]
E/SMD     ( 1737): Wrote 1 chars to SMD PORT fd=8 ch = 41
E/DataRouter( 1735): After the usb select 
E/DataRouter( 1735): read usb data[len:1]
E/DataRouter( 1735): read usb data message:T
E/DataRouter( 1735): Before the usb select 
E/SMD     ( 1737): ***Received data notification[DR->SMD]***
E/SMD     ( 1737): Message:T
E/SMD     ( 1737): Sending data to SMD: Len = [1]
E/SMD     ( 1737):  buffer = [T]
E/SMD     ( 1737): Wrote 1 chars to SMD PORT fd=8 ch = 54
E/DataRouter( 1735): After the usb select 
E/DataRouter( 1735): read usb data[len:1]
E/DataRouter( 1735): read usb data message:+
E/DataRouter( 1735): Before the usb select 
E/SMD     ( 1737): ***Received data notification[DR->SMD]***
E/SMD     ( 1737): Message:+
E/SMD     ( 1737): Sending data to SMD: Len = [1]
E/SMD     ( 1737):  buffer = [+]
E/SMD     ( 1737): Wrote 1 chars to SMD PORT fd=8 ch = 2b
E/DataRouter( 1735): After the usb select 
E/DataRouter( 1735): read usb data[len:1]
E/DataRouter( 1735): read usb data message:G
E/DataRouter( 1735): Before the usb select 
E/SMD     ( 1737): ***Received data notification[DR->SMD]***
E/SMD     ( 1737): Message:G
E/SMD     ( 1737): Sending data to SMD: Len = [1]
E/SMD     ( 1737):  buffer = [G]
E/SMD     ( 1737): Wrote 1 chars to SMD PORT fd=8 ch = 47
E/DataRouter( 1735): After the usb select 
E/DataRouter( 1735): read usb data[len:1]
E/DataRouter( 1735): read usb data message:M
E/DataRouter( 1735): Before the usb select 
E/SMD     ( 1737): ***Received data notification[DR->SMD]***
E/SMD     ( 1737): Message:M
E/SMD     ( 1737): Sending data to SMD: Len = [1]
E/SMD     ( 1737):  buffer = [M]
E/SMD     ( 1737): Wrote 1 chars to SMD PORT fd=8 ch = 4d
E/DataRouter( 1735): After the usb select 
E/DataRouter( 1735): read usb data[len:1]
E/DataRouter( 1735): read usb data message:R
E/DataRouter( 1735): Before the usb select 
E/SMD     ( 1737): ***Received data notification[DR->SMD]***
E/SMD     ( 1737): Message:R
E/SMD     ( 1737): Sending data to SMD: Len = [1]
E/SMD     ( 1737):  buffer = [R]
E/SMD     ( 1737): Wrote 1 chars to SMD PORT fd=8 ch = 52
E/DataRouter( 1735): After the usb select 
E/DataRouter( 1735): read usb data[len:1]
E/DataRouter( 1735): read usb data message:
E/DataRouter( 1735): Before the usb select 
E/SMD     ( 1737): ***Received data notification[DR->SMD]***
E/SMD     ( 1737): Message:
E/SMD     ( 1737): Sending data to SMD: Len = [1]
E/SMD     ( 1737):  buffer = []
E/SMD     ( 1737): Wrote 1 chars to SMD PORT fd=8 ch = d
E/SMD     ( 1737): After the Modem Read select 
E/SMD     ( 1737): Read 9 chars from SMD Modem file fd = 8
E/SMD     ( 1737):  Message: 
E/SMD     ( 1737): ERROR
E/SMD     ( 1737):  READY
E/SMD     ( 1737): 
E/SMD     ( 1737): OK
E/SMD     ( 1737): NG 
E/SMD     ( 1737): 
E/SMD     ( 1737):  Model: N7000 
E/SMD     ( 1737): 
E/SMD     ( 1737):  Revision: N7000XXLT3 
E/SMD     ( 1737): 
E/SMD     ( 1737):  IMEI: 359575040529560 
E/SMD     ( 1737): 
E/SMD     ( 1737): OK
E/SMD     ( 1737): 
E/SMD     ( 1737): Before the Modem Read select 
E/DataRouter( 1735): [socket:14]******* Received data notification *******
E/DataRouter( 1735): [socket:14]read socket data[len:9]
E/DataRouter( 1735): [socket:14]read socket data[message:
E/DataRouter( 1735): ERROR
E/DataRouter( 1735): 
E/DataRouter( 1735): write [9] bytes of data to USB fd[8]
E/DataRouter( 1735): [socket:14]dr_usb_write
E/DataRouter( 1735): After the usb select 
E/DataRouter( 1735): read usb data[len:1]
E/DataRouter( 1735): read usb data message:A
E/DataRouter( 1735): Before the usb select 
E/SMD     ( 1737): ***Received data notification[DR->SMD]***
E/SMD     ( 1737): Message:A
E/SMD     ( 1737): Sending data to SMD: Len = [1]
E/SMD     ( 1737):  buffer = [A]
E/SMD     ( 1737): Wrote 1 chars to SMD PORT fd=8 ch = 41
E/DataRouter( 1735): After the usb select 
E/DataRouter( 1735): read usb data[len:1]
E/DataRouter( 1735): read usb data message:T
E/DataRouter( 1735): Before the usb select 
E/SMD     ( 1737): ***Received data notification[DR->SMD]***
E/SMD     ( 1737): Message:T
E/SMD     ( 1737): Sending data to SMD: Len = [1]
E/SMD     ( 1737):  buffer = [T]
E/SMD     ( 1737): Wrote 1 chars to SMD PORT fd=8 ch = 54
E/DataRouter( 1735): After the usb select 
E/DataRouter( 1735): read usb data[len:1]
E/DataRouter( 1735): read usb data message:+
E/DataRouter( 1735): Before the usb select 
E/SMD     ( 1737): ***Received data notification[DR->SMD]***
E/SMD     ( 1737): Message:+
E/SMD     ( 1737): Sending data to SMD: Len = [1]
E/SMD     ( 1737):  buffer = [+]
E/SMD     ( 1737): Wrote 1 chars to SMD PORT fd=8 ch = 2b
E/DataRouter( 1735): After the usb select 
E/DataRouter( 1735): read usb data[len:1]
E/DataRouter( 1735): read usb data message:C
E/DataRouter( 1735): Before the usb select 
E/SMD     ( 1737): ***Received data notification[DR->SMD]***
E/SMD     ( 1737): Message:C
E/SMD     ( 1737): Sending data to SMD: Len = [1]
E/SMD     ( 1737):  buffer = [C]
E/SMD     ( 1737): Wrote 1 chars to SMD PORT fd=8 ch = 43
E/DataRouter( 1735): After the usb select 
E/DataRouter( 1735): read usb data[len:1]
E/DataRouter( 1735): read usb data message:G
E/DataRouter( 1735): Before the usb select 
E/SMD     ( 1737): ***Received data notification[DR->SMD]***
E/SMD     ( 1737): Message:G
E/SMD     ( 1737): Sending data to SMD: Len = [1]
E/SMD     ( 1737):  buffer = [G]
E/SMD     ( 1737): Wrote 1 chars to SMD PORT fd=8 ch = 47
E/DataRouter( 1735): After the usb select 
E/DataRouter( 1735): read usb data[len:1]
E/DataRouter( 1735): read usb data message:M
E/DataRouter( 1735): Before the usb select 
E/SMD     ( 1737): ***Received data notification[DR->SMD]***
E/SMD     ( 1737): Message:M
E/SMD     ( 1737): Sending data to SMD: Len = [1]
E/SMD     ( 1737):  buffer = [M]
E/SMD     ( 1737): Wrote 1 chars to SMD PORT fd=8 ch = 4d
E/DataRouter( 1735): After the usb select 
E/DataRouter( 1735): read usb data[len:1]
E/DataRouter( 1735): read usb data message:I
E/DataRouter( 1735): Before the usb select 
E/SMD     ( 1737): ***Received data notification[DR->SMD]***
E/SMD     ( 1737): Message:I
E/SMD     ( 1737): Sending data to SMD: Len = [1]
E/SMD     ( 1737):  buffer = [I]
E/SMD     ( 1737): Wrote 1 chars to SMD PORT fd=8 ch = 49
E/DataRouter( 1735): After the usb select 
E/DataRouter( 1735): read usb data[len:1]
E/DataRouter( 1735): read usb data message:
E/DataRouter( 1735): Before the usb select 
E/SMD     ( 1737): ***Received data notification[DR->SMD]***
E/SMD     ( 1737): Message:
E/SMD     ( 1737): Sending data to SMD: Len = [1]
E/SMD     ( 1737):  buffer = []
E/SMD     ( 1737): Wrote 1 chars to SMD PORT fd=8 ch = d
E/SMD     ( 1737): After the Modem Read select 
E/SMD     ( 1737): Read 17 chars from SMD Modem file fd = 8
E/SMD     ( 1737):  Message: 
E/SMD     ( 1737): SAMSUNG
E/SMD     ( 1737): 
E/SMD     ( 1737): OK
E/SMD     ( 1737): 
E/SMD     ( 1737): OK
E/SMD     ( 1737): NG 
E/SMD     ( 1737): 
E/SMD     ( 1737):  Model: N7000 
E/SMD     ( 1737): 
E/SMD     ( 1737):  Revision: N7000XXLT3 
E/SMD     ( 1737): 
E/SMD     ( 1737):  IMEI: 359575040529560 
E/SMD     ( 1737): 
E/SMD     ( 1737): OK
E/SMD     ( 1737): 
E/SMD     ( 1737): Before the Modem Read select 
E/DataRouter( 1735): [socket:14]******* Received data notification *******
E/DataRouter( 1735): [socket:14]read socket data[len:17]
E/DataRouter( 1735): [socket:14]read socket data[message:
E/DataRouter( 1735): SAMSUNG
E/DataRouter( 1735): 
E/DataRouter( 1735): OK
E/DataRouter( 1735): 
E/DataRouter( 1735): write [17] bytes of data to USB fd[8]
E/DataRouter( 1735): [socket:14]dr_usb_write
E/DataRouter( 1735): After the usb select 
E/DataRouter( 1735): read usb data[len:1]
E/DataRouter( 1735): read usb data message:A
E/DataRouter( 1735): Before the usb select 
E/SMD     ( 1737): ***Received data notification[DR->SMD]***
E/SMD     ( 1737): Message:A
E/SMD     ( 1737): Sending data to SMD: Len = [1]
E/SMD     ( 1737):  buffer = [A]
E/SMD     ( 1737): Wrote 1 chars to SMD PORT fd=8 ch = 41
E/DataRouter( 1735): After the usb select 
E/DataRouter( 1735): read usb data[len:1]
E/DataRouter( 1735): read usb data message:T
E/DataRouter( 1735): Before the usb select 
E/SMD     ( 1737): ***Received data notification[DR->SMD]***
E/SMD     ( 1737): Message:T
E/SMD     ( 1737): Sending data to SMD: Len = [1]
E/SMD     ( 1737):  buffer = [T]
E/SMD     ( 1737): Wrote 1 chars to SMD PORT fd=8 ch = 54
E/DataRouter( 1735): After the usb select 
