D/YouTube (10590): apps.youtube.core.cache.f.run:163 Cache is below limit, no need to shrink: [size=0, limit=20971520]
D/dalvikvm(10590): GC_CONCURRENT freed 308K, 9% free 12899K/14087K, paused 14ms+5ms, total 48ms
D/dalvikvm(10590): WAIT_FOR_CONCURRENT_GC blocked 16ms
D/dalvikvm(10590): DexOpt: --- BEGIN 'ads-1742083500.jar' (bootstrap=0) ---
D/dalvikvm(10614): DexOpt: load 3ms, verify+opt 11ms, 148716 bytes
D/dalvikvm(10590): DexOpt: --- END 'ads-1742083500.jar' (success) ---
D/dalvikvm(10590): DEX prep '/data/data/com.google.android.youtube/cache/ads-1742083500.jar': unzip in 0ms, rewrite 187ms
D/dalvikvm(10590): GC_CONCURRENT freed 299K, 9% free 13105K/14343K, paused 3ms+3ms, total 24ms
D/dalvikvm(10297): GC_CONCURRENT freed 328K, 9% free 14232K/15495K, paused 40ms+3ms, total 106ms
I/GoogleConversionPing(10590): Pinging: http://www.googleadservices.com/pagead/conversion/1001680686/?label=4dahCKKczAYQrt7R3QM&value=&muid=VGPb18GODNyc1JEbwegiVg&bundleid=com.google.android.youtube&appversion=5.3.32&osversion=4.1.2&sdkversion=ct-sdk-a-v1.1.0&remarketing_only=1&timestamp=1399371658&data=screen_name%3D%3CAndroid_YT_Open_App%3E
D/dalvikvm(10590): GC_CONCURRENT freed 277K, 9% free 13336K/14535K, paused 17ms+4ms, total 51ms
D/YouTube (10590): apps.youtube.app.prefetch.PrefetchService$DeviceStateReceiver.onReceive:565 Got device state change intent: android.intent.action.ACTION_POWER_CONNECTED
D/YouTube (10590): apps.youtube.core.transfer.TransferService.onCreate:108 creating transfer service
I/GoogleConversionPing(10590): Ping responded with response code 200
D/YouTube (10590): apps.youtube.app.prefetch.PrefetchService.onStartCommand:167 PrefetchService started at 6 May 2014 10:20:58 GMT
I/ActivityThread(10634): Pub com.android.calendar: com.android.providers.calendar.CalendarProvider2
D/YouTube (10590): apps.youtube.app.prefetch.PrefetchService.p_:245 Download snapshot restored
D/YouTube (10590): apps.youtube.app.prefetch.PrefetchService.onDestroy:215 PrefetchService destroyed at 6 May 2014 10:20:58 GMT
W/GLSUser ( 2348): GoogleAccountDataService.getToken()
E/MTPRx   (10652): In MtpReceiverandroid.hardware.usb.action.USB_STATE
E/MTPRx   (10652): check value of boot_completed is1
E/MTPRx   (10652): check booting is completed_sys.boot_completed
E/MTPRx   (10652): Sd-Card path/storage/extSdCard
E/MTPRx   (10652): Status for mount/Unmount :mounted
E/MTPRx   (10652): SDcard is  available
E/MTPRx   (10652): The value of first_boot is  1
E/MTPRx   (10652): [ 662] The value of first_boot is  1NORMAL SEQUENCE 
W/MTPRx   (10652): value of connected istrue
W/MTPRx   (10652): value of configured istrue
W/MTPRx   (10652): value of mtpEnabled istrue
W/MTPRx   (10652): value of ptpEnabled isfalse
E/MTPRx   (10652): Received USB_STATE with sdCardLaunch = 0
E/MTPRx   (10652): Sending NORMAL_BOOT to stack
E/MTPJNIInterface(10652): noti = 17
E/MTPRx   (10652): sending MTP_ICON_ENABLED to stack
E/MTPRx   (10652): else part ... so first time!!!
E/MTPPlaObsrvr(10652): inside setContext()
E/MTPPlaObsrvr(10652): playlist count is2
E/MTPPlaObsrvr(10652): Row ID is23149
E/MTPPlaObsrvr(10652): Row ID is28169
E/MTPPlaObsrvr(10652): Inside registerContentObserver
E/MtpAdbObserver(10652): inside setContext()
E/MtpAdbObserver(10652): Inside registerContentObserver
W/Settings(10652): Setting adb_enabled has moved from android.provider.Settings.System to android.provider.Settings.Secure, returning Secure URI.
E/MtpService(10652): onCreate.
E/MTPRx   (10652): device type is not Camera
E/MtpService(10652): < MTP > Registering BroadCast receiver :::::
E/MtpService(10652): onStartCommand.
W/MTPRx   (10652): calling native method
E/MTPJNIInterface(10652): < MTP > Registering BroadCast receiver :::::
E/MTPJNIInterface(10652): noti = 10
E/MtpService(10652): handleMessage. msg= { what=0 when=-2ms arg1=1 obj=Intent { cmp=com.android.MtpApplication/.MtpService } }
W/MTPRx   (10652): calling native method
E/MTPRx   (10652): Checking the driver time out
E/MTPJNIInterface(10652): noti = 2
D/        (10652): event handler thread is created, so set the flag
E/MTPJNIInterface(10652): Getting media scanner status0
E/MTPRx   (10652): called native method
E/MTPJNIInterface(10652): setting Media scanner status0
E/MTPJNIInterface(10652): After setting Media scanner status0
E/MtpService(10652): onStartCommand.
E/MtpService(10652): In MTPAPP onReceive:android.intent.action.BATTERY_CHANGED
E/MtpService(10652): battPlugged Type : 2
W/MTPRx   (10652): notification from stack 1
D/MtpService(10142): addStorageLocked 65537 /storage/sdcard0
D/MtpService(10142): addStorageLocked 131073 /storage/extSdCard
E/MtpService(10652): handleMessage. msg= { what=0 when=-47ms arg1=2 obj=Intent { cmp=com.android.MtpApplication/.MtpService } }
D/MtpService(10142): starting MTP server in MTP mode
D/MediaScanner(10142): MediaScanner - mSkipList ()
D/MediaScanner(10142): Constructor set externalStorageSdPath : /storage/extSdCard
E/MtpServerJNI(10142): could not open MTP driver, errno: 2
D/MtpService(10142): addStorageLocked 131073 /storage/extSdCard
E/MtpServerJNI(10142): server is null in add_storage
D/MtpService(10142): addStorageLocked 65537 /storage/sdcard0
E/MtpServerJNI(10142): server is null in add_storage
E/MtpServerJNI(10142): server is null in run
E/MtpServerJNI(10142): server is null in cleanup
I/InputReader( 2016): Touch event's action is 0x0 (deviceType=0) [pCnt=1, s=0.38 ]
I/InputDispatcher( 2016): Delivering touch to current input target: action: 0x0
I/InputDispatcher( 2016): Delivering touch to current input target: action: 0x0
I/InputDispatcher( 2016): Delivering touch to current input target: action: 0x0
I/InputDispatcher( 2016): Delivering touch to current input target: action: 0x0
I/InputReader( 2016): Touch event's action is 0x1 (deviceType=0) [pCnt=1, s=]
I/InputDispatcher( 2016): Delivering touch to current input target: action: 0x1
I/InputDispatcher( 2016): Delivering touch to current input target: action: 0x1
I/InputDispatcher( 2016): Delivering touch to current input target: action: 0x1
I/InputDispatcher( 2016): Delivering touch to current input target: action: 0x1
D/dalvikvm(10685): GC_CONCURRENT freed 173K, 8% free 12458K/13511K, paused 4ms+2ms, total 37ms
D/dalvikvm(10685): WAIT_FOR_CONCURRENT_GC blocked 12ms
I/ActivityThread(10685): Pub com.sec.android.provider.stri_s1_worldclock: com.sec.android.app.clockpackage.worldclock.common.DataContentProvider
I/ActivityThread(10685): Pub com.samsung.sec.android.clockpackage: com.sec.android.app.clockpackage.alarm.AlarmProvider
I/ActivityThread(10698): Pub com.sec.android.widgetapp.alarmclock: com.sec.android.widgetapp.alarmclock.ClockAlarmDataProvider
I/ActivityThread(10711): Pub com.sec.android.daemonapp.ap.yahoostock.stockclock: com.sec.android.daemonapp.ap.yahoostock.stockclock.db.PublicContentProvider
D/comdaemonstockapp(10711): [Daemon_Stock]>>> Stockclock_DaemonService.java:48 [0:0] onReceive: widgetappstockclockDAEMON_PROCESS_START
D/comdaemonstockapp(10711): [Daemon_Stock]>>> Stockclock_DaemonService.java:55 [0:0] appServiceStatus: 0
D/comdaemonstockapp(10711): [Daemon_Stock]>>> Stockclock_DaemonService.java:56 [0:0] [AR]: 0
D/comdaemonstockapp(10711): [Daemon_Stock]>>> Stockclock_DaemonService.java:130 [0:0] Daemon is not receive event: servic off
E/SQLiteLog(10652): (14) cannot open file at line 30241 of [00bb9c9ce4]
E/SQLiteLog(10652): (14) os_unix.c:30241: (2) open(/opt/dbspace/inappdb_mtp) - 
E/        (10652): _CompareMachineId: This is a DRM_E_MACHINEIDMISMATCH as device Unique ID is not CPU info Serial No
E/        (10652): _CompareMachineId: This is a DRM_E_MACHINEIDMISMATCH as device Unique ID is not CPU info Serial No
E/        (10652): _CompareMachineId: This is a DRM_E_MACHINEIDMISMATCH as device Unique ID is not CPU info Serial No
E/        (10652): _CompareMachineId: This is a DRM_E_MACHINEIDMISMATCH as device Unique ID is not CPU info Serial No
E/        (10652): _CompareMachineId: This is a DRM_E_MACHINEIDMISMATCH as device Unique ID is not CPU info Serial No
D/dalvikvm( 2016): GC_CONCURRENT freed 1841K, 29% free 34744K/48775K, paused 14ms+14ms, total 198ms
E/MTPJNIInterface(10652): Status for mount/Unmount :mounted
E/MTPJNIInterface(10652): SDcard is  available
E/MTPJNIInterface(10652): Status for mount/Unmount :removed
E/MTPJNIInterface(10652): SDcard is not available
E/MTPJNIInterface(10652): Status for mount/Unmount :removed
E/MTPJNIInterface(10652): SDcard is not available
D/        (10652): written string DATA_STORE_ID into file /data/hidden_volume.txt 
D/        (10652):  
D/        (10652): written string CACHE_STORE_ID into file /cache/hidden_volume.txt 
D/        (10652):  
E/MTPJNIInterface(10652): Status for mount/Unmount :mounted
E/MTPJNIInterface(10652): SDcard is  available
E/SQLiteLog(10652): (21) API call with unopened database connection pointer
E/SQLiteLog(10652): (21) misuse at line 94413 of [00bb9c9ce4]
E/SQLiteLog(10652): (21) API call with unopened database connection pointer
E/SQLiteLog(10652): (21) misuse at line 90928 of [00bb9c9ce4]
E/SQLiteLog(10652): (21) API call with unopened database connection pointer
E/SQLiteLog(10652): (21) misuse at line 90928 of [00bb9c9ce4]
E/SQLiteLog(10652): (21) API call with unopened database connection pointer
E/SQLiteLog(10652): (21) misuse at line 94413 of [00bb9c9ce4]
W/MTPRx   (10652): notification from stack 2
D/        (10652): [mtp_init_device] Going to open(): /dev/usb_mtp_gadget
E/        (10652): [mtp_init_device]  After open the MTP fd = 45 and line = 658...
D/        (10652): [mtp_init_device] IOCTL SET_MTP_USER_PID Sucesss 
D/        (10652): [mtp_init_device] b4 calling MTP_ONLY_ENABLE  ioctl coneect to host
E/DataRouter( 1735): After the usb select 
E/DataRouter( 1735): read length is zero
E/DataRouter( 1735): dr_usb_deinit
E/DataRouter( 1735): dr_usb_init
E/DataRouter( 1735): USB Interface is open with 0x8
E/DataRouter( 1735): USB interface is now configured for usb_fd = 0x8
E/DataRouter( 1735): pcsyncreset
E/DataRouter( 1735): read usb data[len:0]
E/DataRouter( 1735): read usb data message:
E/DataRouter( 1735): Before the usb select 
E/SMD     ( 1737): ***Received data notification[DR->SMD]***
E/SMD     ( 1737): Path set is DATA_PATH_DR_SMD_MANAGER
E/SMD     ( 1737): Message:
E/SMD     ( 1737): Sending data to SMD: Len = [3]
E/SMD     ( 1737):  buffer = []
E/SMD     ( 1737): Wrote 3 chars to SMD PORT fd=8 ch = 81
D/connfw  ( 1739): [DR->CONNFW]Received data notification
D/Kies    ( 1736): [DR->KIES]Received data notification
D/Kies    ( 1736): dr_process_kies_app(0)
D/Kies    ( 1736): child pid = 10736.
E/DTT     ( 1738): [DR->DTT]Received data notification
D/Kies    (10736): child pid = 0.
D/Kies    (10736): execute sh.
E/SMD     ( 1737): After the Modem Read select 
E/SMD     ( 1737): Read 3 chars from SMD Modem file fd = 8
E/SMD     ( 1737):  Message: 
E/SMD     ( 1737): Before the Modem Read select 
E/DataRouter( 1735): [socket:14]******* Received data notification *******
E/DataRouter( 1735): [socket:14]read socket data[len:3]
E/DataRouter( 1735): [socket:14]read socket data[message:
I/ActivityThread(10741): Pub com.sec.android.widgetapp.dualclockanalog: com.sec.android.widgetapp.dualclockanalog.DataContentProvider
D/AndroidRuntime(10739): 
D/AndroidRuntime(10739): >>>>>> AndroidRuntime START com.android.internal.os.RuntimeInit <<<<<<
D/AndroidRuntime(10739): CheckJNI is OFF
D/AndroidRuntime(10739): setted country_code = Germany
D/AndroidRuntime(10739): setted countryiso_code = DE
D/dalvikvm( 1742): WAIT_FOR_CONCURRENT_GC blocked 0ms
D/AndroidRuntime(10739): setted sales_code = DBT
D/AndroidRuntime(10739): readGMSProperty: start
D/AndroidRuntime(10739): readGMSProperty: already setted!!
D/AndroidRuntime(10739): readGMSProperty: end
D/dalvikvm(10739): Trying to load lib libjavacore.so 0x0
D/dalvikvm(10739): Added shared lib libjavacore.so 0x0
D/dalvikvm( 1742): GC_EXPLICIT freed 38K, 9% free 12126K/13251K, paused 2ms+3ms, total 35ms
D/dalvikvm( 1742): WAIT_FOR_CONCURRENT_GC blocked 0ms
D/dalvikvm(10739): Trying to load lib libnativehelper.so 0x0
D/dalvikvm(10739): Added shared lib libnativehelper.so 0x0
D/dalvikvm( 1742): GC_EXPLICIT freed <1K, 9% free 12126K/13251K, paused 2ms+2ms, total 31ms
D/dalvikvm( 1742): WAIT_FOR_CONCURRENT_GC blocked 0ms
D/dalvikvm( 1742): GC_EXPLICIT freed <1K, 9% free 12126K/13251K, paused 1ms+2ms, total 22ms
W/GAV2    (10451): Thread[Service Reconnect,5,main]: Service unavailable (code=1), using local store.
I/ActivityThread(10801): Pub com.sec.android.widgetapp.dualclockdigital: com.sec.android.widgetapp.dualclockdigital.DataContentProvider
D/Kies    ( 1736): sending intent finished.
D/Kies    ( 1736): KIES_WSSERVICE_STOP sending intent result = 1.
D/Kies    ( 1736): child pid = 10813.
D/Kies    (10813): child pid = 0.
D/Kies    (10813): execute sh.
D/dalvikvm(10739): Note: class Landroid/app/ActivityManagerNative; has 155 unimplemented (abstract) methods
D/AndroidRuntime(10814): 
D/AndroidRuntime(10814): >>>>>> AndroidRuntime START com.android.internal.os.RuntimeInit <<<<<<
D/AndroidRuntime(10814): CheckJNI is OFF
D/AndroidRuntime(10814): setted country_code = Germany
D/AndroidRuntime(10814): setted countryiso_code = DE
D/AndroidRuntime(10814): setted sales_code = DBT
D/AndroidRuntime(10814): readGMSProperty: start
D/AndroidRuntime(10814): readGMSProperty: already setted!!
D/AndroidRuntime(10814): readGMSProperty: end
D/dalvikvm(10814): Trying to load lib libjavacore.so 0x0
D/dalvikvm(10814): Added shared lib libjavacore.so 0x0
D/dalvikvm(10814): Trying to load lib libnativehelper.so 0x0
D/dalvikvm(10814): Added shared lib libnativehelper.so 0x0
D/AndroidRuntime(10739): Calling main entry com.android.commands.am.Am
D/dalvikvm(10814): Note: class Landroid/app/ActivityManagerNative; has 155 unimplemented (abstract) methods
D/dalvikvm( 2262): GC_CONCURRENT freed 404K, 10% free 12168K/13511K, paused 1ms+2ms, total 25ms
D/AndroidRuntime(10814): Calling main entry com.android.commands.am.Am
D/dalvikvm( 2016): WAIT_FOR_CONCURRENT_GC blocked 0ms
I/TwDVFSBroadcastReceiver( 2262): onListViewScrollIntent
D/dalvikvm( 2016): GC_EXPLICIT freed 1797K, 30% free 34614K/48775K, paused 15ms+13ms, total 165ms
D/PowerManager( 2262): DVFSLock :  acquire : timeout : 15000
I/power   ( 2016): *** acquire_dvfs_lock : lockType : 1  freq : 800000 
I/power   ( 2016): *** release_dvfs_lock : lockType : 1 
I/TwDVFSBroadcastReceiver( 2262): onListViewScrollIntent
D/PowerManager( 2262): DVFSLock :  acquire : timeout : 15000
I/power   ( 2016): *** acquire_dvfs_lock : lockType : 1  freq : 800000 
I/power   ( 2016): *** release_dvfs_lock : lockType : 1 
D/Kies    ( 1736): sending intent finished.
D/Kies    ( 1736): KIES_APP_STOP sending intent result = 1.
I/Gmail   ( 8532): MainSyncRequestProto: lowestBkwdConvoId: 0, highestHandledServerOp: 2250358, normalSync: true
I/Gmail   ( 8532): lowestBackward conversation id 0
E/DataRouter( 1735): write [3] bytes of data to USB fd[8]
E/DataRouter( 1735): [socket:14]dr_usb_write
I/ActivityThread(10832): Pub com.android.settings.mt.provider.MTContentProvider: com.android.settings.mt.MTContentProvider
D/StatusChecker(10832): onReceive : android.intent.action.SERVICE_STATE
D/StatusChecker(10832): Service state changed : 0
D/dalvikvm( 8532): GC_CONCURRENT freed 2062K, 13% free 21289K/24391K, paused 14ms+8ms, total 155ms
D/dalvikvm( 8532): WAIT_FOR_CONCURRENT_GC blocked 84ms
I/TwDVFSBroadcastReceiver( 2262): onListViewScrollIntent
D/PowerManager( 2262): DVFSLock :  acquire : timeout : 15000
I/power   ( 2016): *** acquire_dvfs_lock : lockType : 1  freq : 800000 
D/dalvikvm( 2016): GC_CONCURRENT freed 2024K, 29% free 34650K/48775K, paused 25ms+14ms, total 220ms
I/power   ( 2016): *** release_dvfs_lock : lockType : 1 
I/TwDVFSBroadcastReceiver( 2262): onListViewScrollIntent
D/PowerManager( 2262): DVFSLock :  acquire : timeout : 15000
I/power   ( 2016): *** acquire_dvfs_lock : lockType : 1  freq : 800000 
I/power   ( 2016): *** release_dvfs_lock : lockType : 1 
I/TwDVFSBroadcastReceiver( 2262): onListViewScrollIntent
D/PowerManager( 2262): DVFSLock :  acquire : timeout : 15000
I/power   ( 2016): *** acquire_dvfs_lock : lockType : 1  freq : 800000 
I/Gmail   ( 8532): MainSyncRequestProto: lowestBkwdConvoId: 0, highestHandledServerOp: 2250358, normalSync: true
I/power   ( 2016): *** release_dvfs_lock : lockType : 1 
I/TwDVFSBroadcastReceiver( 2262): onListViewScrollIntent
D/PowerManager( 2262): DVFSLock :  acquire : timeout : 15000
I/power   ( 2016): *** acquire_dvfs_lock : lockType : 1  freq : 800000 
I/Icing   ( 2452): Indexing 016E8762283620376AD883095A5E630290BF6B8E from com.google.android.gm
I/Icing   ( 2452): Not enough disk space for indexing trimmable
I/Icing   ( 2452): Cannot sync trimmable corpus: no trimmable
E/Icing   ( 2452): Aborting indexing of corpus 016E8762283620376AD883095A5E630290BF6B8E
I/Icing   ( 2452): Indexing done 016E8762283620376AD883095A5E630290BF6B8E
D/dalvikvm(10856): WAIT_FOR_CONCURRENT_GC blocked 0ms
D/dalvikvm(10856): GC_CONCURRENT freed 159K, 9% free 12429K/13511K, paused 13ms+13ms, total 46ms
D/comdaemonstockapp(10711): [Daemon_Stock]>>> Stockclock_DaemonService.java:48 [0:0] onReceive: widgetappstockclockDAEMON_PROCESS_START
D/comdaemonstockapp(10711): [Daemon_Stock]>>> Stockclock_DaemonService.java:55 [0:0] appServiceStatus: 0
D/comdaemonstockapp(10711): [Daemon_Stock]>>> Stockclock_DaemonService.java:56 [0:0] [AR]: 0
D/comdaemonstockapp(10711): [Daemon_Stock]>>> Stockclock_DaemonService.java:130 [0:0] Daemon is not receive event: servic off
D/dalvikvm( 8532): WAIT_FOR_CONCURRENT_GC blocked 0ms
D/dalvikvm(10669): GC_CONCURRENT freed 296K, 10% free 12278K/13511K, paused 13ms+2ms, total 53ms
I/power   ( 2016): *** release_dvfs_lock : lockType : 1 
D/dalvikvm( 8532): GC_EXPLICIT freed 231K, 14% free 21219K/24391K, paused 3ms+8ms, total 249ms
D/dalvikvm( 2016): GC_CONCURRENT freed 2105K, 30% free 34593K/48775K, paused 5ms+15ms, total 177ms
D/dalvikvm( 2016): WAIT_FOR_CONCURRENT_GC blocked 129ms
D/dalvikvm( 2016): WAIT_FOR_CONCURRENT_GC blocked 77ms
D/dalvikvm( 2016): WAIT_FOR_CONCURRENT_GC blocked 107ms
D/dalvikvm( 2016): WAIT_FOR_CONCURRENT_GC blocked 59ms
E/MTPRx   (10652): In MtpReceiverandroid.hardware.usb.action.USB_STATE
E/MTPRx   (10652): check value of boot_completed is1
E/MTPRx   (10652): check booting is completed_sys.boot_completed
E/MTPRx   (10652): Sd-Card path/storage/extSdCard
E/MTPRx   (10652): Status for mount/Unmount :mounted
E/MTPRx   (10652): SDcard is  available
E/MTPRx   (10652): The value of first_boot is  1
E/MTPRx   (10652): [ 662] The value of first_boot is  1NORMAL SEQUENCE 
W/MTPRx   (10652): value of connected istrue
W/MTPRx   (10652): value of configured istrue
W/MTPRx   (10652): value of mtpEnabled istrue
W/MTPRx   (10652): value of ptpEnabled isfalse
E/MTPRx   (10652): Received USB_STATE with sdCardLaunch = 0
E/MTPRx   (10652): mtpEnabled is coming again so return
I/Gmail   ( 8532): MainSyncRequestProto: lowestBkwdConvoId: 0, highestHandledServerOp: 2250358, normalSync: true
I/Gmail   ( 8532): lowestBackward conversation id 0
D/sml     (10875): KIES_WSSERVICE_STOP
D/AndroidRuntime(10739): Shutting down VM
D/dalvikvm(10739): GC_CONCURRENT freed 101K, 86% free 594K/4096K, paused 0ms+1ms, total 3ms
I/AndroidRuntime(10739): NOTE: attach of thread 'Binder_3' failed
D/AndroidRuntime(10814): Shutting down VM
D/dalvikvm(10814): GC_CONCURRENT freed 101K, 86% free 593K/4096K, paused 2ms+1ms, total 5ms
I/AndroidRuntime(10814): NOTE: attach of thread 'Binder_3' failed
I/Icing   ( 2452): Indexing 016E8762283620376AD883095A5E630290BF6B8E from com.google.android.gm
I/Icing   ( 2452): Not enough disk space for indexing trimmable
I/Icing   ( 2452): Cannot sync trimmable corpus: no trimmable
E/Icing   ( 2452): Aborting indexing of corpus 016E8762283620376AD883095A5E630290BF6B8E
I/Icing   ( 2452): Indexing done 016E8762283620376AD883095A5E630290BF6B8E
D/        (10652): *****Starting mtp_io()
D/        (10652): [mtp_start_io] source_thread Creation 
D/        (10652): [mtp_start_io] sink_thread Creation 
D/        (10652): [mtp_start_io:355] sink thread created so set th_sink
W/MTPRx   (10652): notification from stack 3
W/MTPRx   (10652): notification from stack 14
E/MTPRx   (10652): Open session has come  remove the  Messagetrue
W/MTPRx   (10652): notification from stack 3
W/MTPRx   (10652): notification from stack 14
E/MTPRx   (10652): Open session has come  remove the  Messagetrue
W/MTPRx   (10652): notification from stack 3
E/Watchdog( 2016): !@Sync 99
D/dalvikvm( 2262): GC_CONCURRENT freed 378K, 10% free 12193K/13511K, paused 7ms+8ms, total 69ms
E/MtpService(10652): In MTPAPP onReceive:android.intent.action.BATTERY_CHANGED
E/MtpService(10652): battPlugged Type : 2
D/dalvikvm( 2016): GC_CONCURRENT freed 1946K, 30% free 34577K/48775K, paused 64ms+18ms, total 211ms
D/dalvikvm(10336): GC_CONCURRENT freed 411K, 10% free 12998K/14343K, paused 19ms+38ms, total 344ms
W/SignalStrength( 2016): getGsmLevel=1
W/SignalStrength( 2016): getLevel=1 (SignalStrength: 4 -1 -1 -1 -1 -1 -1 -1 -1 -1 -1 -1 gsm|lte 1)
W/SignalStrength( 2168): getGsmLevel=1
W/SignalStrength( 2168): getLevel=1 (SignalStrength: 4 -1 -1 -1 -1 -1 -1 -1 -1 -1 -1 -1 gsm|lte 1)
W/SignalStrength( 2168): getGsmLevel=1
W/SignalStrength( 2168): getLevel=1 (SignalStrength: 4 -1 -1 -1 -1 -1 -1 -1 -1 -1 -1 -1 gsm|lte 1)
W/SignalStrength( 2016): getGsmDbm=-105
W/SignalStrength( 2016): getDbm=-105
W/SignalStrength( 2016): getGsmAsuLevel=4
W/SignalStrength( 2016): getAsuLevel=4
W/SignalStrength( 2016): getGsmLevel=2
W/SignalStrength( 2016): getLevel=2 (SignalStrength: 4 -1 -1 -1 -1 -1 -1 -1 -1 -1 -1 -1 gsm|lte 2)
W/SignalStrength( 2168): getGsmLevel=2
W/SignalStrength( 2168): getLevel=2 (SignalStrength: 4 -1 -1 -1 -1 -1 -1 -1 -1 -1 -1 -1 gsm|lte 2)
W/SignalStrength( 2168): getGsmLevel=2
W/SignalStrength( 2168): getLevel=2 (SignalStrength: 4 -1 -1 -1 -1 -1 -1 -1 -1 -1 -1 -1 gsm|lte 2)
W/SignalStrength( 2016): getGsmDbm=-105
W/SignalStrength( 2016): getDbm=-105
W/SignalStrength( 2016): getGsmAsuLevel=4
W/SignalStrength( 2016): getAsuLevel=4
E/Watchdog( 2016): !@Sync 100
W/SignalStrength( 2016): getGsmLevel=2
W/SignalStrength( 2016): getLevel=2 (SignalStrength: 5 -1 -1 -1 -1 -1 -1 -1 -1 -1 -1 -1 gsm|lte 2)
W/SignalStrength( 2168): getGsmLevel=2
W/SignalStrength( 2168): getLevel=2 (SignalStrength: 5 -1 -1 -1 -1 -1 -1 -1 -1 -1 -1 -1 gsm|lte 2)
W/SignalStrength( 2168): getGsmLevel=2
W/SignalStrength( 2168): getLevel=2 (SignalStrength: 5 -1 -1 -1 -1 -1 -1 -1 -1 -1 -1 -1 gsm|lte 2)
W/SignalStrength( 2016): getGsmDbm=-103
W/SignalStrength( 2016): getDbm=-103
W/SignalStrength( 2016): getGsmAsuLevel=5
W/SignalStrength( 2016): getAsuLevel=5
I/power   ( 2016): *** acquire_dvfs_lock : lockType : 1  freq : 1400000 
D/lights  ( 2016): LCD : 117 +
D/lights  ( 2016): LCD : 117 -
D/lights  ( 2016): LCD : 107 +
D/lights  ( 2016): LCD : 107 -
D/lights  ( 2016): LCD : 88 +
D/lights  ( 2016): LCD : 88 -
D/lights  ( 2016): LCD : 67 +
D/lights  ( 2016): LCD : 67 -
D/lights  ( 2016): LCD : 34 +
D/lights  ( 2016): LCD : 34 -
D/lights  ( 2016): LCD : 24 +
D/lights  ( 2016): LCD : 24 -
D/lights  ( 2016): LCD : 23 +
D/lights  ( 2016): LCD : 23 -
D/lights  ( 2016): LCD : 13 +
D/lights  ( 2016): LCD : 13 -
D/lights  ( 2016): LCD : 10 +
D/lights  ( 2016): LCD : 10 -
I/power   ( 2016): *** release_dvfs_lock : lockType : 1 
W/SignalStrength( 2016): getGsmLevel=1
W/SignalStrength( 2016): getLevel=1 (SignalStrength: 5 -1 -1 -1 -1 -1 -1 -1 -1 -1 -1 -1 gsm|lte 1)
W/SignalStrength( 2168): getGsmLevel=1
W/SignalStrength( 2168): getLevel=1 (SignalStrength: 5 -1 -1 -1 -1 -1 -1 -1 -1 -1 -1 -1 gsm|lte 1)
W/SignalStrength( 2168): getGsmLevel=1
W/SignalStrength( 2168): getLevel=1 (SignalStrength: 5 -1 -1 -1 -1 -1 -1 -1 -1 -1 -1 -1 gsm|lte 1)
W/SignalStrength( 2016): getGsmDbm=-103
W/SignalStrength( 2016): getDbm=-103
W/SignalStrength( 2016): getGsmAsuLevel=5
W/SignalStrength( 2016): getAsuLevel=5
W/SignalStrength( 2016): getGsmLevel=1
W/SignalStrength( 2016): getLevel=1 (SignalStrength: 4 -1 -1 -1 -1 -1 -1 -1 -1 -1 -1 -1 gsm|lte 1)
W/SignalStrength( 2016): getGsmDbm=-105
W/SignalStrength( 2016): getDbm=-105
W/SignalStrength( 2016): getGsmAsuLevel=4
W/SignalStrength( 2016): getAsuLevel=4
W/SignalStrength( 2168): getGsmLevel=1
W/SignalStrength( 2168): getLevel=1 (SignalStrength: 4 -1 -1 -1 -1 -1 -1 -1 -1 -1 -1 -1 gsm|lte 1)
W/SignalStrength( 2168): getGsmLevel=1
W/SignalStrength( 2168): getLevel=1 (SignalStrength: 4 -1 -1 -1 -1 -1 -1 -1 -1 -1 -1 -1 gsm|lte 1)
I/InputReader( 2016): Touch event's action is 0x0 (deviceType=0) [pCnt=1, s=0.39 ]
I/InputDispatcher( 2016): Delivering touch to current input target: action: 0x0
I/InputDispatcher( 2016): Delivering touch to current input target: action: 0x0
I/InputDispatcher( 2016): Delivering touch to current input target: action: 0x0
I/InputDispatcher( 2016): Delivering touch to current input target: action: 0x0
I/power   ( 2016): *** acquire_dvfs_lock : lockType : 1  freq : 1400000 
D/lights  ( 2016): LCD : 12 +
D/lights  ( 2016): LCD : 12 -
D/lights  ( 2016): LCD : 22 +
D/lights  ( 2016): LCD : 22 -
D/lights  ( 2016): LCD : 34 +
D/lights  ( 2016): LCD : 34 -
D/lights  ( 2016): LCD : 49 +
I/TwDVFSBroadcastReceiver( 2262): onListViewScrollIntent
D/PowerManager( 2262): DVFSLock :  acquire : timeout : 15000
D/lights  ( 2016): LCD : 49 -
D/lights  ( 2016): LCD : 78 +
D/lights  ( 2016): LCD : 78 -
D/lights  ( 2016): LCD : 103 +
I/InputReader( 2016): Touch event's action is 0x1 (deviceType=0) [pCnt=1, s=]
I/InputDispatcher( 2016): Delivering touch to current input target: action: 0x1
I/InputDispatcher( 2016): Delivering touch to current input target: action: 0x1
I/InputDispatcher( 2016): Delivering touch to current input target: action: 0x1
I/InputDispatcher( 2016): Delivering touch to current input target: action: 0x1
D/lights  ( 2016): LCD : 103 -
D/lights  ( 2016): LCD : 118 +
D/lights  ( 2016): LCD : 118 -
I/power   ( 2016): *** acquire_dvfs_lock : lockType : 1  freq : 800000 
I/power   ( 2016): *** release_dvfs_lock : lockType : 1 
I/InputReader( 2016): Touch event's action is 0x0 (deviceType=0) [pCnt=1, s=0.40 ]
I/InputDispatcher( 2016): Delivering touch to current input target: action: 0x0
I/InputDispatcher( 2016): Delivering touch to current input target: action: 0x0
I/InputDispatcher( 2016): Delivering touch to current input target: action: 0x0
I/InputDispatcher( 2016): Delivering touch to current input target: action: 0x0
I/InputReader( 2016): Touch event's action is 0x1 (deviceType=0) [pCnt=1, s=]
I/InputDispatcher( 2016): Delivering touch to current input target: action: 0x1
I/InputDispatcher( 2016): Delivering touch to current input target: action: 0x1
I/InputDispatcher( 2016): Delivering touch to current input target: action: 0x1
I/InputDispatcher( 2016): Delivering touch to current input target: action: 0x1
D/WindowManager( 2016): PhoneWindowManager: focusChangedLw
D/WindowManager( 2016): PhoneWindowManager: focusChangedLw: Call setFocusedWindow()
D/SPenGesture( 2016): SpenGestureView: setFocusedWindow
D/dalvikvm( 3440): GC_CONCURRENT freed 324K, 8% free 14654K/15879K, paused 15ms+20ms, total 89ms
I/SurfaceFlinger( 1741): id=72(7) createSurf 0x41cf42fc (1x1),1 flag=0, TubSettings
D/KeyguardViewMediator( 2016): setHidden false
D/KeyguardViewMediator( 2016): setHidden false
D/KeyguardViewMediator( 2016): setHidden false
D/KeyguardViewMediator( 2016): setHidden false
D/KeyguardViewMediator( 2016): setHidden false
I/InputReader( 2016): Touch event's action is 0x0 (deviceType=0) [pCnt=1, s=0.41 ]
I/InputDispatcher( 2016): Delivering touch to current input target: action: 0x0
I/InputDispatcher( 2016): Delivering touch to current input target: action: 0x0
I/InputDispatcher( 2016): Delivering touch to current input target: action: 0x0
I/InputDispatcher( 2016): Delivering touch to current input target: action: 0x0
I/InputReader( 2016): Touch event's action is 0x1 (deviceType=0) [pCnt=1, s=]
I/InputDispatcher( 2016): Delivering touch to current input target: action: 0x1
I/InputDispatcher( 2016): Delivering touch to current input target: action: 0x1
I/InputDispatcher( 2016): Delivering touch to current input target: action: 0x1
I/InputDispatcher( 2016): Delivering touch to current input target: action: 0x1
E/MtpAdbObserver(10652): onChange is called
E/MtpAdbObserver(10652): ADB_CHANGED sent to MtpReceiver
W/MTPRx   (10652): notification from stack 20
W/MTPRx   (10652): USB removed
W/MTPRx   (10652): MTP_RUNNING_STATUS = 1
E/MTPRx   (10652): In usbRemoved Status bar enabled
E/MTPRx   (10652): Sending Broadcast
D/WindowManager( 2016): PhoneWindowManager: focusChangedLw
D/WindowManager( 2016): PhoneWindowManager: focusChangedLw: Call setFocusedWindow()
D/SPenGesture( 2016): SpenGestureView: setFocusedWindow
D/KeyguardViewMediator( 2016): setHidden false
E/DataRouter( 1735): After the usb select 
E/DataRouter( 1735): read length is zero
E/DataRouter( 1735): dr_usb_deinit
E/DataRouter( 1735): dr_usb_init
E/DataRouter( 1735): USB Interface is open with 0x8
E/DataRouter( 1735): USB interface is now configured for usb_fd = 0x8
E/DataRouter( 1735): pcsyncreset
E/DataRouter( 1735): read usb data[len:0]
E/DataRouter( 1735): read usb data message:
E/DataRouter( 1735): Before the usb select 
E/SMD     ( 1737): ***Received data notification[DR->SMD]***
E/SMD     ( 1737): Path set is DATA_PATH_DR_SMD_MANAGER
E/SMD     ( 1737): Message:
E/SMD     ( 1737): Sending data to SMD: Len = [3]
E/SMD     ( 1737):  buffer = []
E/SMD     ( 1737): Wrote 3 chars to SMD PORT fd=8 ch = 81
E/        (10652): read error [5] [I/O error]
E/MtpService(10652): onDestroy.
E/MTPJNIInterface(10652): noti = 3
D/        (10652): __mtp_handler_eh_notify: USB plugged out.
D/        (10652): [__mtp_handler_eh_notify:546] is_connected = 1 and is_enumeration_finished = 1
D/        (10652):  [__mtp_handler_eh_notify:587] Enumeration is Complete and hence exiting the Mtp App 
D/        (10652): gbin_sem_mtp semphore destroy successful
D/        (10652): [__mtp_handler_eh_notify:622] sending event to event handler thread to close...
D/        (10652): [__mtp_handler_eh_notify:631] starting mtp_deinitialize() ...
D/        (10652):  cleaning MP3 properties
D/        (10652):  cleaning WMA properties
D/        (10652):  cleaning WMV properties
D/        (10652):  cleaning ALBUM properties
D/        (10652):  cleaning default properties
D/        (10652): [__mtp_handler_eh_notify:656] Checking for MMC_INSERTED and kill data threads ...
D/        (10652): [__mtp_handler_eh_notify:661] calling mtp_g_fs_mtp_init() ...
D/        (10652):  ************** In mtp_g_fs_mtp_init to kill the threads
D/        (10652): [mtp_g_fs_mtp_init] ********* gfs_mode = 0 mtp_clean_usb_driver  
D/        (10652): [mtp_g_fs_mtp_init] ************ Calling mtp_usb_mtp_finalize fn
D/        (10652): ****** [mtp_usb_mtp_finalize] Calling mtp_stop_io 
D/        (10652): mtp_stop_io going to kill source thread, th_source value = 1
E/SMD     ( 1737): After the Modem Read select 
E/SMD     ( 1737): Read 3 chars from SMD Modem file fd = 8
E/SMD     ( 1737):  Message: 
E/SMD     ( 1737): Before the Modem Read select 
E/DataRouter( 1735): [socket:14]******* Received data notification *******
E/DataRouter( 1735): [socket:14]read socket data[len:3]
E/DataRouter( 1735): [socket:14]read socket data[message:
E/DataRouter( 1735): write [3] bytes of data to USB fd[8]
E/DataRouter( 1735): [socket:14]dr_usb_write
D/MediaScanner(10142): MediaScanner - mSkipList ()
D/MediaScanner(10142): Constructor set externalStorageSdPath : /storage/extSdCard
D/KeyguardViewMediator( 2016): setHidden false
I/SurfaceFlinger( 1741): id=72 Removed TubSettings idx=4 MapSz=3
I/SurfaceFlinger( 1741): id=72 Removed TubSettings idx=-2 MapSz=3
D/KeyguardViewMediator( 2016): setHidden false
D/KeyguardViewMediator( 2016): setHidden false
D/dalvikvm(10951): GC_CONCURRENT freed 164K, 8% free 12466K/13511K, paused 17ms+2ms, total 39ms
D/dalvikvm(10951): WAIT_FOR_CONCURRENT_GC blocked 17ms
I/ActivityThread(10951): Pub com.google.android.music.ConfigContent: com.google.android.music.store.ConfigContentProvider
I/ActivityThread(10951): Pub com.google.android.music.MusicContent: com.google.android.music.store.MusicContentProvider
E/DataRouter( 1735): After the usb select 
E/DataRouter( 1735): read usb data[len:1]
E/DataRouter( 1735): read usb data message:A
E/DataRouter( 1735): Before the usb select 
E/SMD     ( 1737): ***Received data notification[DR->SMD]***
E/SMD     ( 1737): Message:A
E/SMD     ( 1737): Sending data to SMD: Len = [1]
E/SMD     ( 1737):  buffer = [A]
E/SMD     ( 1737): Wrote 1 chars to SMD PORT fd=8 ch = 41
I/MusicStore(10951): Database version: 85
D/dalvikvm(10951): GC_CONCURRENT freed 243K, 9% free 12729K/13895K, paused 14ms+15ms, total 60ms
E/SMD     ( 1737): After the Modem Read select 
E/SMD     ( 1737): Read 1 chars from SMD Modem file fd = 8
E/SMD     ( 1737):  Message: A
E/SMD     ( 1737): Before the Modem Read select 
E/DataRouter( 1735): [socket:14]******* Received data notification *******
E/DataRouter( 1735): [socket:14]read socket data[len:1]
E/DataRouter( 1735): [socket:14]read socket data[message:A
E/DataRouter( 1735): write [1] bytes of data to USB fd[8]
E/DataRouter( 1735): [socket:14]dr_usb_write
E/DataRouter( 1735): After the usb select 
E/DataRouter( 1735): read usb data[len:1]
E/DataRouter( 1735): read usb data message:T
E/DataRouter( 1735): Before the usb select 
E/SMD     ( 1737): ***Received data notification[DR->SMD]***
E/SMD     ( 1737): Message:T
E/SMD     ( 1737): Sending data to SMD: Len = [1]
E/SMD     ( 1737):  buffer = [T]
E/SMD     ( 1737): Wrote 1 chars to SMD PORT fd=8 ch = 54
E/SMD     ( 1737): After the Modem Read select 
E/SMD     ( 1737): Read 1 chars from SMD Modem file fd = 8
E/SMD     ( 1737):  Message: T
E/SMD     ( 1737): Before the Modem Read select 
E/DataRouter( 1735): [socket:14]******* Received data notification *******
E/DataRouter( 1735): [socket:14]read socket data[len:1]
E/DataRouter( 1735): [socket:14]read socket data[message:T
E/DataRouter( 1735): write [1] bytes of data to USB fd[8]
E/DataRouter( 1735): [socket:14]dr_usb_write
I/ActivityThread(10951): Pub com.google.android.music.icing: com.google.android.music.icing.IcingContentProvider
E/DataRouter( 1735): After the usb select 
E/DataRouter( 1735): read usb data[len:1]
E/DataRouter( 1735): read usb data message:+
E/DataRouter( 1735): Before the usb select 
E/SMD     ( 1737): ***Received data notification[DR->SMD]***
E/SMD     ( 1737): Message:+
E/SMD     ( 1737): Sending data to SMD: Len = [1]
E/SMD     ( 1737):  buffer = [+]
E/SMD     ( 1737): Wrote 1 chars to SMD PORT fd=8 ch = 2b
E/SMD     ( 1737): After the Modem Read select 
E/SMD     ( 1737): Read 1 chars from SMD Modem file fd = 8
E/SMD     ( 1737):  Message: +
E/SMD     ( 1737): Before the Modem Read select 
E/DataRouter( 1735): [socket:14]******* Received data notification *******
E/DataRouter( 1735): [socket:14]read socket data[len:1]
E/DataRouter( 1735): [socket:14]read socket data[message:+
E/DataRouter( 1735): write [1] bytes of data to USB fd[8]
E/DataRouter( 1735): [socket:14]dr_usb_write
I/ActivityThread(10951): Pub com.google.android.music.xdi: com.google.android.music.xdi.XdiContentProvider
I/dalvikvm(10951): Could not find method android.content.Context.getExternalFilesDirs, referenced from method com.google.android.music.download.cache.StorageProbeUtils.getLocationsWithKitKatApis
W/dalvikvm(10951): VFY: unable to resolve virtual method 505: Landroid/content/Context;.getExternalFilesDirs (Ljava/lang/String;)[Ljava/io/File;
D/dalvikvm(10951): VFY: replacing opcode 0x6e at 0x0015
E/DataRouter( 1735): After the usb select 
E/DataRouter( 1735): read usb data[len:1]
E/DataRouter( 1735): read usb data message:G
E/DataRouter( 1735): Before the usb select 
E/SMD     ( 1737): ***Received data notification[DR->SMD]***
E/SMD     ( 1737): Message:G
E/SMD     ( 1737): Sending data to SMD: Len = [1]
E/SMD     ( 1737):  buffer = [G]
E/SMD     ( 1737): Wrote 1 chars to SMD PORT fd=8 ch = 47
E/SMD     ( 1737): After the Modem Read select 
E/SMD     ( 1737): Read 1 chars from SMD Modem file fd = 8
E/SMD     ( 1737):  Message: G
E/SMD     ( 1737): Before the Modem Read select 
E/DataRouter( 1735): [socket:14]******* Received data notification *******
E/DataRouter( 1735): [socket:14]read socket data[len:1]
E/DataRouter( 1735): [socket:14]read socket data[message:G
E/DataRouter( 1735): write [1] bytes of data to USB fd[8]
E/DataRouter( 1735): [socket:14]dr_usb_write
D/dalvikvm(10951): GC_CONCURRENT freed 254K, 9% free 12905K/14087K, paused 16ms+5ms, total 87ms
E/DataRouter( 1735): After the usb select 
E/DataRouter( 1735): read usb data[len:1]
E/DataRouter( 1735): read usb data message:C
E/DataRouter( 1735): Before the usb select 
E/SMD     ( 1737): ***Received data notification[DR->SMD]***
E/SMD     ( 1737): Message:C
E/SMD     ( 1737): Sending data to SMD: Len = [1]
E/SMD     ( 1737):  buffer = [C]
E/SMD     ( 1737): Wrote 1 chars to SMD PORT fd=8 ch = 43
E/SMD     ( 1737): After the Modem Read select 
E/SMD     ( 1737): Read 1 chars from SMD Modem file fd = 8
E/SMD     ( 1737):  Message: C
E/SMD     ( 1737): Before the Modem Read select 
E/DataRouter( 1735): [socket:14]******* Received data notification *******
E/DataRouter( 1735): [socket:14]read socket data[len:1]
E/DataRouter( 1735): [socket:14]read socket data[message:C
E/DataRouter( 1735): write [1] bytes of data to USB fd[8]
E/DataRouter( 1735): [socket:14]dr_usb_write
E/DataRouter( 1735): After the usb select 
E/DataRouter( 1735): read usb data[len:1]
E/DataRouter( 1735): read usb data message:A
E/DataRouter( 1735): Before the usb select 
E/SMD     ( 1737): ***Received data notification[DR->SMD]***
E/SMD     ( 1737): Message:A
E/SMD     ( 1737): Sending data to SMD: Len = [1]
E/SMD     ( 1737):  buffer = [A]
E/SMD     ( 1737): Wrote 1 chars to SMD PORT fd=8 ch = 41
E/SMD     ( 1737): After the Modem Read select 
E/SMD     ( 1737): Read 1 chars from SMD Modem file fd = 8
E/SMD     ( 1737):  Message: A
E/SMD     ( 1737): Before the Modem Read select 
E/DataRouter( 1735): [socket:14]******* Received data notification *******
E/DataRouter( 1735): [socket:14]read socket data[len:1]
E/DataRouter( 1735): [socket:14]read socket data[message:A
E/DataRouter( 1735): write [1] bytes of data to USB fd[8]
E/DataRouter( 1735): [socket:14]dr_usb_write
E/DataRouter( 1735): After the usb select 
E/DataRouter( 1735): read usb data[len:1]
E/DataRouter( 1735): read usb data message:P
E/DataRouter( 1735): Before the usb select 
E/SMD     ( 1737): ***Received data notification[DR->SMD]***
E/SMD     ( 1737): Message:P
E/SMD     ( 1737): Sending data to SMD: Len = [1]
E/SMD     ( 1737):  buffer = [P]
E/SMD     ( 1737): Wrote 1 chars to SMD PORT fd=8 ch = 50
E/SMD     ( 1737): After the Modem Read select 
E/SMD     ( 1737): Read 1 chars from SMD Modem file fd = 8
E/SMD     ( 1737):  Message: P
E/SMD     ( 1737): Before the Modem Read select 
E/DataRouter( 1735): [socket:14]******* Received data notification *******
E/DataRouter( 1735): [socket:14]read socket data[len:1]
E/DataRouter( 1735): [socket:14]read socket data[message:P
E/DataRouter( 1735): write [1] bytes of data to USB fd[8]
E/DataRouter( 1735): [socket:14]dr_usb_write
E/DataRouter( 1735): After the usb select 
E/DataRouter( 1735): read usb data[len:1]
E/DataRouter( 1735): read usb data message:
E/DataRouter( 1735): Before the usb select 
E/SMD     ( 1737): ***Received data notification[DR->SMD]***
E/SMD     ( 1737): Message:
E/SMD     ( 1737): Sending data to SMD: Len = [1]
E/SMD     ( 1737):  buffer = []
E/SMD     ( 1737): Wrote 1 chars to SMD PORT fd=8 ch = d
E/SMD     ( 1737): After the Modem Read select 
E/SMD     ( 1737): Read 10 chars from SMD Modem file fd = 8
E/SMD     ( 1737):  Message: 
E/SMD     ( 1737): ERROR
E/SMD     ( 1737): 
E/SMD     ( 1737): Before the Modem Read select 
E/DataRouter( 1735): [socket:14]******* Received data notification *******
E/DataRouter( 1735): [socket:14]read socket data[len:10]
E/DataRouter( 1735): [socket:14]read socket data[message:
E/DataRouter( 1735): ERROR
E/DataRouter( 1735): 
E/DataRouter( 1735): write [10] bytes of data to USB fd[8]
E/DataRouter( 1735): [socket:14]dr_usb_write
E/DataRouter( 1735): After the usb select 
E/DataRouter( 1735): read usb data[len:1]
E/DataRouter( 1735): read usb data message:A
E/DataRouter( 1735): Before the usb select 
E/SMD     ( 1737): ***Received data notification[DR->SMD]***
E/SMD     ( 1737): Message:A
E/SMD     ( 1737): Sending data to SMD: Len = [1]
E/SMD     ( 1737):  buffer = [A]
E/SMD     ( 1737): Wrote 1 chars to SMD PORT fd=8 ch = 41
E/SMD     ( 1737): After the Modem Read select 
E/SMD     ( 1737): Read 1 chars from SMD Modem file fd = 8
E/SMD     ( 1737):  Message: A
E/SMD     ( 1737): ERROR
E/SMD     ( 1737): 
E/SMD     ( 1737): Before the Modem Read select 
E/DataRouter( 1735): [socket:14]******* Received data notification *******
E/DataRouter( 1735): [socket:14]read socket data[len:1]
E/DataRouter( 1735): [socket:14]read socket data[message:A
E/DataRouter( 1735): write [1] bytes of data to USB fd[8]
E/DataRouter( 1735): [socket:14]dr_usb_write
E/DataRouter( 1735): After the usb select 
E/DataRouter( 1735): read usb data[len:1]
E/DataRouter( 1735): read usb data message:T
E/DataRouter( 1735): Before the usb select 
E/SMD     ( 1737): ***Received data notification[DR->SMD]***
E/SMD     ( 1737): Message:T
E/SMD     ( 1737): Sending data to SMD: Len = [1]
E/SMD     ( 1737):  buffer = [T]
E/SMD     ( 1737): Wrote 1 chars to SMD PORT fd=8 ch = 54
E/SMD     ( 1737): After the Modem Read select 
E/SMD     ( 1737): Read 1 chars from SMD Modem file fd = 8
E/SMD     ( 1737):  Message: T
E/SMD     ( 1737): ERROR
E/SMD     ( 1737): 
E/SMD     ( 1737): Before the Modem Read select 
E/DataRouter( 1735): [socket:14]******* Received data notification *******
E/DataRouter( 1735): [socket:14]read socket data[len:1]
E/DataRouter( 1735): [socket:14]read socket data[message:T
E/DataRouter( 1735): write [1] bytes of data to USB fd[8]
E/DataRouter( 1735): [socket:14]dr_usb_write
W/SignalStrength( 2168): getGsmLevel=2
W/SignalStrength( 2168): getLevel=2 (SignalStrength: 4 -1 -1 -1 -1 -1 -1 -1 -1 -1 -1 -1 gsm|lte 2)
W/SignalStrength( 2168): getGsmLevel=2
W/SignalStrength( 2168): getLevel=2 (SignalStrength: 4 -1 -1 -1 -1 -1 -1 -1 -1 -1 -1 -1 gsm|lte 2)
W/SignalStrength( 2016): getGsmLevel=2
W/SignalStrength( 2016): getLevel=2 (SignalStrength: 4 -1 -1 -1 -1 -1 -1 -1 -1 -1 -1 -1 gsm|lte 2)
W/SignalStrength( 2016): getGsmDbm=-105
W/SignalStrength( 2016): getDbm=-105
W/SignalStrength( 2016): getGsmAsuLevel=4
W/SignalStrength( 2016): getAsuLevel=4
E/DataRouter( 1735): After the usb select 
E/DataRouter( 1735): read usb data[len:1]
E/DataRouter( 1735): read usb data message:+
E/DataRouter( 1735): Before the usb select 
E/SMD     ( 1737): ***Received data notification[DR->SMD]***
E/SMD     ( 1737): Message:+
E/SMD     ( 1737): Sending data to SMD: Len = [1]
E/SMD     ( 1737):  buffer = [+]
E/SMD     ( 1737): Wrote 1 chars to SMD PORT fd=8 ch = 2b
E/SMD     ( 1737): After the Modem Read select 
E/SMD     ( 1737): Read 1 chars from SMD Modem file fd = 8
E/SMD     ( 1737):  Message: +
E/SMD     ( 1737): ERROR
E/SMD     ( 1737): 
E/SMD     ( 1737): Before the Modem Read select 
E/DataRouter( 1735): [socket:14]******* Received data notification *******
E/DataRouter( 1735): [socket:14]read socket data[len:1]
E/DataRouter( 1735): [socket:14]read socket data[message:+
E/DataRouter( 1735): write [1] bytes of data to USB fd[8]
E/DataRouter( 1735): [socket:14]dr_usb_write
I/MediaRouter(10951): Found default route: MediaRouter.RouteInfo{ uniqueId=android/.support.v7.media.SystemMediaRouteProvider:DEFAULT_ROUTE, name=Telefon, description=null, enabled=true, connecting=false, playbackType=0, playbackStream=3, volumeHandling=1, volume=15, volumeMax=15, presentationDisplayId=-1, extras=null, providerPackageName=android }
E/DataRouter( 1735): After the usb select 
E/DataRouter( 1735): read usb data[len:1]
E/DataRouter( 1735): read usb data message:G
E/DataRouter( 1735): Before the usb select 
E/SMD     ( 1737): ***Received data notification[DR->SMD]***
E/SMD     ( 1737): Message:G
E/SMD     ( 1737): Sending data to SMD: Len = [1]
E/SMD     ( 1737):  buffer = [G]
E/SMD     ( 1737): Wrote 1 chars to SMD PORT fd=8 ch = 47
E/SMD     ( 1737): After the Modem Read select 
E/SMD     ( 1737): Read 1 chars from SMD Modem file fd = 8
E/SMD     ( 1737):  Message: G
E/SMD     ( 1737): ERROR
E/SMD     ( 1737): 
E/SMD     ( 1737): Before the Modem Read select 
E/DataRouter( 1735): [socket:14]******* Received data notification *******
E/DataRouter( 1735): [socket:14]read socket data[len:1]
E/DataRouter( 1735): [socket:14]read socket data[message:G
E/DataRouter( 1735): write [1] bytes of data to USB fd[8]
E/DataRouter( 1735): [socket:14]dr_usb_write
E/DataRouter( 1735): After the usb select 
E/DataRouter( 1735): read usb data[len:1]
E/DataRouter( 1735): read usb data message:C
E/DataRouter( 1735): Before the usb select 
E/SMD     ( 1737): ***Received data notification[DR->SMD]***
E/SMD     ( 1737): Message:C
E/SMD     ( 1737): Sending data to SMD: Len = [1]
E/SMD     ( 1737):  buffer = [C]
E/SMD     ( 1737): Wrote 1 chars to SMD PORT fd=8 ch = 43
E/SMD     ( 1737): After the Modem Read select 
E/SMD     ( 1737): Read 1 chars from SMD Modem file fd = 8
E/SMD     ( 1737):  Message: C
E/SMD     ( 1737): ERROR
E/SMD     ( 1737): 
E/SMD     ( 1737): Before the Modem Read select 
E/DataRouter( 1735): [socket:14]******* Received data notification *******
E/DataRouter( 1735): [socket:14]read socket data[len:1]
E/DataRouter( 1735): [socket:14]read socket data[message:C
E/DataRouter( 1735): write [1] bytes of data to USB fd[8]
E/DataRouter( 1735): [socket:14]dr_usb_write
D/dalvikvm(10142): GC_CONCURRENT freed 440K, 10% free 12704K/14087K, paused 20ms+17ms, total 124ms
D/SyncManager( 2016): setSyncAutomatically:  provider com.google.android.music.MusicContent, user 0 -> false
D/SyncManager( 2016): setSyncAutomatically: already set to false, doing nothing
D/SyncManager( 2016): setIsSyncable: , provider com.google.android.music.MusicContent, user 0 -> 0
D/SyncManager( 2016): setIsSyncable: already set to 0, doing nothing
I/CastUtils(10951): Removing provider: MediaRouter.RouteProviderInfo{ packageName=com.google.android.gms }
E/DataRouter( 1735): After the usb select 
E/DataRouter( 1735): read usb data[len:1]
E/DataRouter( 1735): read usb data message:A
E/DataRouter( 1735): Before the usb select 
E/SMD     ( 1737): ***Received data notification[DR->SMD]***
E/SMD     ( 1737): Message:A
E/SMD     ( 1737): Sending data to SMD: Len = [1]
E/SMD     ( 1737):  buffer = [A]
E/SMD     ( 1737): Wrote 1 chars to SMD PORT fd=8 ch = 41
E/SMD     ( 1737): After the Modem Read select 
E/SMD     ( 1737): Read 1 chars from SMD Modem file fd = 8
E/SMD     ( 1737):  Message: A
E/SMD     ( 1737): ERROR
E/SMD     ( 1737): 
E/SMD     ( 1737): Before the Modem Read select 
E/DataRouter( 1735): [socket:14]******* Received data notification *******
E/DataRouter( 1735): [socket:14]read socket data[len:1]
E/DataRouter( 1735): [socket:14]read socket data[message:A
E/DataRouter( 1735): write [1] bytes of data to USB fd[8]
E/DataRouter( 1735): [socket:14]dr_usb_write
E/MTPRx   (10984): In MtpReceiverandroid.hardware.usb.action.USB_STATE
E/MTPRx   (10984): check value of boot_completed is1
E/MTPRx   (10984): check booting is completed_sys.boot_completed
E/MTPRx   (10984): Sd-Card path/storage/extSdCard
E/MTPRx   (10984): Status for mount/Unmount :mounted
E/MTPRx   (10984): SDcard is  available
E/MTPRx   (10984): The value of first_boot is  1
E/MTPRx   (10984): [ 662] The value of first_boot is  1NORMAL SEQUENCE 
W/MTPRx   (10984): value of connected istrue
W/MTPRx   (10984): value of configured istrue
W/MTPRx   (10984): value of mtpEnabled istrue
W/MTPRx   (10984): value of ptpEnabled isfalse
E/MTPRx   (10984): Received USB_STATE with sdCardLaunch = 0
E/DataRouter( 1735): After the usb select 
E/DataRouter( 1735): read usb data[len:1]
E/DataRouter( 1735): read usb data message:P
E/DataRouter( 1735): Before the usb select 
E/SMD     ( 1737): ***Received data notification[DR->SMD]***
E/SMD     ( 1737): Message:P
E/SMD     ( 1737): Sending data to SMD: Len = [1]
E/SMD     ( 1737):  buffer = [P]
E/SMD     ( 1737): Wrote 1 chars to SMD PORT fd=8 ch = 50
E/MTPRx   (10984): sending MTP_ICON_ENABLED to stack
E/SMD     ( 1737): After the Modem Read select 
E/SMD     ( 1737): Read 1 chars from SMD Modem file fd = 8
E/SMD     ( 1737):  Message: P
E/SMD     ( 1737): ERROR
E/SMD     ( 1737): 
E/SMD     ( 1737): Before the Modem Read select 
E/DataRouter( 1735): [socket:14]******* Received data notification *******
E/DataRouter( 1735): [socket:14]read socket data[len:1]
E/DataRouter( 1735): [socket:14]read socket data[message:P
E/DataRouter( 1735): write [1] bytes of data to USB fd[8]
E/DataRouter( 1735): [socket:14]dr_usb_write
E/MTPRx   (10984): else part ... so first time!!!
E/MTPPlaObsrvr(10984): inside setContext()
E/MTPPlaObsrvr(10984): playlist count is2
E/MTPPlaObsrvr(10984): Row ID is23149
E/MTPPlaObsrvr(10984): Row ID is28169
E/MTPPlaObsrvr(10984): Inside registerContentObserver
E/MtpAdbObserver(10984): inside setContext()
E/MtpAdbObserver(10984): Inside registerContentObserver
W/Settings(10984): Setting adb_enabled has moved from android.provider.Settings.System to android.provider.Settings.Secure, returning Secure URI.
E/MtpService(10984): onCreate.
E/MTPRx   (10984): device type is not Camera
E/MtpService(10984): < MTP > Registering BroadCast receiver :::::
E/DataRouter( 1735): After the usb select 
E/DataRouter( 1735): read usb data[len:1]
E/DataRouter( 1735): read usb data message:
E/DataRouter( 1735): Before the usb select 
E/SMD     ( 1737): ***Received data notification[DR->SMD]***
E/SMD     ( 1737): Message:
E/SMD     ( 1737): Sending data to SMD: Len = [1]
