V/AwesomePlayer( 1744): mAudioTrackVector clear
I/AwesomePlayer( 1744): reset
I/AwesomePlayer( 1744): cancel player events
V/AwesomePlayer( 1744): mAudioTrackVector clear
V/AwesomePlayer( 1744): ~AwesomePlayer()
V/SoundPoolThread(10336): Got message m=2, mData=3
V/MediaPlayer(10336): decode(43, 7928780, 6268)
V/MediaPlayerService( 1744): decode(28, 7928780, 6268)
V/MediaPlayerService( 1744): player type = 3
V/MediaPlayerService( 1744):  create StagefrightPlayer
V/AwesomePlayer( 1744): setDefault
V/AwesomePlayer( 1744): constructor
V/AwesomePlayer( 1744): setDefault
I/AwesomePlayer( 1744): reset
I/AwesomePlayer( 1744): cancel player events
V/AwesomePlayer( 1744): mAudioTrackVector clear
V/StagefrightPlayer( 1744): StagefrightPlayer
V/AwesomePlayer( 1744): setListener
V/StagefrightPlayer( 1744): initCheck
V/StagefrightPlayer( 1744): setDataSource(28, 7928780, 6268)
V/AwesomePlayer( 1744): setDataSource (43, 7928780, 6268)
I/AwesomePlayer( 1744): cancel player events
V/AwesomePlayer( 1744): mAudioTrackVector clear
D/WVMDrmPlugIn( 1743): WVMDrmPlugin::onInitialize : 7088
D/WVMDrmPlugIn( 1743): WVMDrmPlugin::onSetOnInfoListener : add 7088
I/        ( 1743): OmaLogOn
I/        ( 1743): PlayReadyLogOn
D/WVMDrmPlugIn( 1743): WVMDrmPlugin::onTerminate : 7088
V/AwesomePlayer( 1744): mBitrate = 128000 bits/sec
W/AwesomePlayer( 1744): couldn't get userdata - Weather
W/AwesomePlayer( 1744): couldn't get userdata - Authorization 
W/AwesomePlayer( 1744): couldn't get userdata - SnapShot 
W/AwesomePlayer( 1744): couldn't get userdata - SMRD
V/AwesomePlayer( 1744): current audio track index (0) is added to vector
V/AwesomePlayer( 1744): setDataSource_l: Audio(1), Video(0)
I/AwesomePlayer( 1744): AwesomePlayer::setDataSource_l():: This is not a DRM content
V/MediaPlayerService( 1744): prepare
V/AwesomePlayer( 1744): prepareAsync
V/MediaPlayerService( 1744): wait for prepare
V/AwesomePlayer( 1744): onPrepareAsyncEvent
V/AwesomePlayer( 1744): initAudioDecoder()
I/OMXCodec( 1744): Create() mime = audio/mpeg, isAlpAudio = 1
W/SignalStrength( 2016): getGsmLevel=4
W/SignalStrength( 2016): getLevel=4 (SignalStrength: 17 -1 -1 -1 -1 -1 -1 -1 -1 -1 -1 -1 gsm|lte 4)
W/SignalStrength( 2168): getGsmLevel=4
W/SignalStrength( 2168): getLevel=4 (SignalStrength: 17 -1 -1 -1 -1 -1 -1 -1 -1 -1 -1 -1 gsm|lte 4)
W/SignalStrength( 2168): getGsmLevel=4
W/SignalStrength( 2168): getLevel=4 (SignalStrength: 17 -1 -1 -1 -1 -1 -1 -1 -1 -1 -1 -1 gsm|lte 4)
I/OMXCodec( 1744): Successfully allocated OMX node 'OMX.SEC.MP3.Decoder'
I/OMXCodec( 1744): OMXCodec::configureCodec 1 + 44100 ++ 
I/OMXCodec( 1744): Successfully allocated and configured OMX node 'OMX.SEC.MP3.Decoder , mIsALPrunning =0'
W/SignalStrength( 2016): getGsmDbm=-79
W/SignalStrength( 2016): getDbm=-79
W/SignalStrength( 2016): getGsmAsuLevel=17
W/SignalStrength( 2016): getAsuLevel=17
V/AwesomePlayer( 1744): notifyListner_l() msg (5-MEDIA_SET_VIDEO_SIZE), ext1 (0), ext2 (0)
V/AudioCache( 1744): notify(0x420b8d10, 5, 0, 0)
V/AudioCache( 1744): ignored
V/AwesomePlayer( 1744): notifyListner_l() msg (1-MEDIA_PREPARED), ext1 (0), ext2 (0)
V/AudioCache( 1744): notify(0x420b8d10, 1, 0, 0)
V/AudioCache( 1744): prepared
V/AudioCache( 1744): wait - success
V/MediaPlayerService( 1744): start
V/StagefrightPlayer( 1744): start
V/AwesomePlayer( 1744): play
V/AwesomePlayer( 1744): AwesomePlayer::play_l():: This is not a DRM content
E/OMXCodec( 1744): [OMX.SEC.MP3.Decoder] err = -1011
I/AudioPlayer( 1744):  Audioplayer kKeyAudioPCMFormat:1, 1, 0
I/AudioPlayer( 1744):  Audioplayer1 (1, 1)
V/AudioCache( 1744): open(44100, 1, 0x0, 1, 4)
V/AudioCache( 1744): write(0x41ec1798, 2048)
V/AudioCache( 1744): write(0x41ec1798, 2048)
V/AudioCache( 1744): write(0x41ec1798, 2048)
V/AudioCache( 1744): write(0x41ec1798, 2048)
V/AudioCache( 1744): write(0x41ec1798, 2048)
V/AudioCache( 1744): write(0x41ec1798, 2048)
V/AudioCache( 1744): write(0x41ec1798, 2048)
V/AudioCache( 1744): write(0x41ec1798, 2048)
V/AudioCache( 1744): write(0x41ec1798, 2048)
V/MediaPlayerService( 1744): wait for playback complete
V/AudioCache( 1744): write(0x41ec1798, 2048)
V/AudioCache( 1744): write(0x41ec1798, 2048)
V/AudioCache( 1744): write(0x41ec1798, 2048)
V/AwesomePlayer( 1744): MEDIA_PLAYBACK_COMPLETE
V/AwesomePlayer( 1744): notifyListner_l() msg (2-MEDIA_PLAYBACK_COMPLETE), ext1 (0), ext2 (0)
V/AudioCache( 1744): notify(0x420b8d10, 2, 0, 0)
V/AudioCache( 1744): playback complete - thread will wake up later
V/AudioCache( 1744): write(0x41ec1798, 1750)
V/AudioCache( 1744): wait - success
V/StagefrightPlayer( 1744): reset
I/AwesomePlayer( 1744): reset
I/AwesomePlayer( 1744): cancel player events
V/AwesomePlayer( 1744): mAudioTrackVector clear
I/OMXCodec( 1744): [OMX.SEC.MP3.Decoder] stop() sendCommand(0x25, OMX_CommandStateSet, OMX_StateIdle)
I/OMXCodec( 1744): [OMX.SEC.MP3.Decoder] stopped in state 1
I/OMXCodec( 1744): RESET mIsALPrunning
V/MediaPlayerService( 1744): MediaPlayerService::decode() using fd -
V/StagefrightPlayer( 1744): ~StagefrightPlayer
V/StagefrightPlayer( 1744): reset
I/AwesomePlayer( 1744): reset
I/AwesomePlayer( 1744): cancel player events
V/AwesomePlayer( 1744): mAudioTrackVector clear
I/AwesomePlayer( 1744): reset
I/AwesomePlayer( 1744): cancel player events
V/AwesomePlayer( 1744): mAudioTrackVector clear
V/AwesomePlayer( 1744): ~AwesomePlayer()
V/SoundPoolThread(10336): Got message m=2, mData=4
V/MediaPlayer(10336): decode(44, 10197148, 5352)
V/MediaPlayerService( 1744): decode(28, 10197148, 5352)
V/MediaPlayerService( 1744): player type = 3
V/MediaPlayerService( 1744):  create StagefrightPlayer
V/AwesomePlayer( 1744): setDefault
V/AwesomePlayer( 1744): constructor
V/AwesomePlayer( 1744): setDefault
I/AwesomePlayer( 1744): reset
I/AwesomePlayer( 1744): cancel player events
V/AwesomePlayer( 1744): mAudioTrackVector clear
V/StagefrightPlayer( 1744): StagefrightPlayer
V/AwesomePlayer( 1744): setListener
V/StagefrightPlayer( 1744): initCheck
V/StagefrightPlayer( 1744): setDataSource(28, 10197148, 5352)
V/AwesomePlayer( 1744): setDataSource (44, 10197148, 5352)
I/AwesomePlayer( 1744): cancel player events
V/AwesomePlayer( 1744): mAudioTrackVector clear
D/WVMDrmPlugIn( 1743): WVMDrmPlugin::onInitialize : 7088
D/WVMDrmPlugIn( 1743): WVMDrmPlugin::onSetOnInfoListener : add 7088
I/        ( 1743): OmaLogOn
I/        ( 1743): PlayReadyLogOn
D/WVMDrmPlugIn( 1743): WVMDrmPlugin::onTerminate : 7088
V/AwesomePlayer( 1744): mBitrate = 64000 bits/sec
W/AwesomePlayer( 1744): couldn't get userdata - Weather
W/AwesomePlayer( 1744): couldn't get userdata - Authorization 
W/AwesomePlayer( 1744): couldn't get userdata - SnapShot 
W/AwesomePlayer( 1744): couldn't get userdata - SMRD
V/AwesomePlayer( 1744): current audio track index (0) is added to vector
V/AwesomePlayer( 1744): setDataSource_l: Audio(1), Video(0)
I/AwesomePlayer( 1744): AwesomePlayer::setDataSource_l():: This is not a DRM content
V/MediaPlayerService( 1744): prepare
V/AwesomePlayer( 1744): prepareAsync
V/MediaPlayerService( 1744): wait for prepare
V/AwesomePlayer( 1744): onPrepareAsyncEvent
V/AwesomePlayer( 1744): initAudioDecoder()
I/OMXCodec( 1744): Create() mime = audio/mpeg, isAlpAudio = 1
I/OMXCodec( 1744): Successfully allocated OMX node 'OMX.SEC.MP3.Decoder'
I/OMXCodec( 1744): OMXCodec::configureCodec 1 + 44100 ++ 
I/OMXCodec( 1744): Successfully allocated and configured OMX node 'OMX.SEC.MP3.Decoder , mIsALPrunning =0'
V/AwesomePlayer( 1744): notifyListner_l() msg (5-MEDIA_SET_VIDEO_SIZE), ext1 (0), ext2 (0)
V/AudioCache( 1744): notify(0x420b8d10, 5, 0, 0)
V/AudioCache( 1744): ignored
V/AwesomePlayer( 1744): notifyListner_l() msg (1-MEDIA_PREPARED), ext1 (0), ext2 (0)
V/AudioCache( 1744): notify(0x420b8d10, 1, 0, 0)
V/AudioCache( 1744): prepared
V/AudioCache( 1744): wait - success
V/MediaPlayerService( 1744): start
V/StagefrightPlayer( 1744): start
V/AwesomePlayer( 1744): play
V/AwesomePlayer( 1744): AwesomePlayer::play_l():: This is not a DRM content
E/MP3Extractor( 1744): Unable to resync. Signalling end of stream.
E/OMXCodec( 1744): [OMX.SEC.MP3.Decoder] err = -1011
I/AudioPlayer( 1744):  Audioplayer kKeyAudioPCMFormat:1, 1, 0
I/AudioPlayer( 1744):  Audioplayer1 (1, 1)
V/AudioCache( 1744): open(44100, 1, 0x0, 1, 4)
V/MediaPlayerService( 1744): wait for playback complete
V/AudioCache( 1744): write(0x41ec1798, 2048)
V/AudioCache( 1744): write(0x41ec1798, 2048)
V/AudioCache( 1744): write(0x41ec1798, 2048)
V/AudioCache( 1744): write(0x41ec1798, 2048)
V/AudioCache( 1744): write(0x41ec1798, 2048)
V/AudioCache( 1744): write(0x41ec1798, 2048)
V/AudioCache( 1744): write(0x41ec1798, 2048)
V/AudioCache( 1744): write(0x41ec1798, 2048)
V/AudioCache( 1744): write(0x41ec1798, 2048)
V/AudioCache( 1744): write(0x41ec1798, 2048)
V/AudioCache( 1744): write(0x41ec1798, 2048)
V/AudioCache( 1744): write(0x41ec1798, 2048)
V/AudioCache( 1744): write(0x41ec1798, 2048)
V/AudioCache( 1744): write(0x41ec1798, 2048)
V/AudioCache( 1744): write(0x41ec1798, 2048)
V/AudioCache( 1744): write(0x41ec1798, 2048)
V/AudioCache( 1744): write(0x41ec1798, 2048)
V/AudioCache( 1744): write(0x41ec1798, 2048)
V/AudioCache( 1744): write(0x41ec1798, 2048)
V/AudioCache( 1744): write(0x41ec1798, 2048)
V/AudioCache( 1744): write(0x41ec1798, 2048)
V/AudioCache( 1744): write(0x41ec1798, 2048)
V/AudioCache( 1744): write(0x41ec1798, 2048)
V/AudioCache( 1744): write(0x41ec1798, 2048)
V/AudioCache( 1744): write(0x41ec1798, 2048)
V/AudioCache( 1744): write(0x41ec1798, 2048)
V/AudioCache( 1744): write(0x41ec1798, 2048)
V/AwesomePlayer( 1744): MEDIA_PLAYBACK_COMPLETE
V/AwesomePlayer( 1744): notifyListner_l() msg (2-MEDIA_PLAYBACK_COMPLETE), ext1 (0), ext2 (0)
V/AudioCache( 1744): notify(0x420b8d10, 2, 0, 0)
V/AudioCache( 1744): playback complete - thread will wake up later
V/AudioCache( 1744): write(0x41ec1798, 1246)
V/AudioCache( 1744): wait - success
V/StagefrightPlayer( 1744): reset
I/AwesomePlayer( 1744): reset
I/AwesomePlayer( 1744): cancel player events
V/AwesomePlayer( 1744): mAudioTrackVector clear
I/OMXCodec( 1744): [OMX.SEC.MP3.Decoder] stop() sendCommand(0x26, OMX_CommandStateSet, OMX_StateIdle)
I/OMXCodec( 1744): [OMX.SEC.MP3.Decoder] stopped in state 1
I/OMXCodec( 1744): RESET mIsALPrunning
V/MediaPlayerService( 1744): MediaPlayerService::decode() using fd -
V/StagefrightPlayer( 1744): ~StagefrightPlayer
V/StagefrightPlayer( 1744): reset
I/AwesomePlayer( 1744): reset
I/AwesomePlayer( 1744): cancel player events
V/AwesomePlayer( 1744): mAudioTrackVector clear
I/AwesomePlayer( 1744): reset
I/AwesomePlayer( 1744): cancel player events
V/AwesomePlayer( 1744): mAudioTrackVector clear
V/AwesomePlayer( 1744): ~AwesomePlayer()
V/SoundPoolThread(10336): Got message m=2, mData=5
V/MediaPlayer(10336): decode(45, 10597468, 4596)
V/MediaPlayerService( 1744): decode(28, 10597468, 4596)
V/MediaPlayerService( 1744): player type = 3
V/MediaPlayerService( 1744):  create StagefrightPlayer
V/AwesomePlayer( 1744): setDefault
V/AwesomePlayer( 1744): constructor
V/AwesomePlayer( 1744): setDefault
I/AwesomePlayer( 1744): reset
I/AwesomePlayer( 1744): cancel player events
V/AwesomePlayer( 1744): mAudioTrackVector clear
V/StagefrightPlayer( 1744): StagefrightPlayer
V/AwesomePlayer( 1744): setListener
V/StagefrightPlayer( 1744): initCheck
V/StagefrightPlayer( 1744): setDataSource(28, 10597468, 4596)
V/AwesomePlayer( 1744): setDataSource (45, 10597468, 4596)
I/AwesomePlayer( 1744): cancel player events
V/AwesomePlayer( 1744): mAudioTrackVector clear
D/WVMDrmPlugIn( 1743): WVMDrmPlugin::onInitialize : 7088
D/WVMDrmPlugIn( 1743): WVMDrmPlugin::onSetOnInfoListener : add 7088
I/        ( 1743): OmaLogOn
I/        ( 1743): PlayReadyLogOn
D/WVMDrmPlugIn( 1743): WVMDrmPlugin::onTerminate : 7088
V/AwesomePlayer( 1744): mBitrate = 128000 bits/sec
W/AwesomePlayer( 1744): couldn't get userdata - Weather
W/AwesomePlayer( 1744): couldn't get userdata - Authorization 
W/AwesomePlayer( 1744): couldn't get userdata - SnapShot 
W/AwesomePlayer( 1744): couldn't get userdata - SMRD
V/AwesomePlayer( 1744): current audio track index (0) is added to vector
V/AwesomePlayer( 1744): setDataSource_l: Audio(1), Video(0)
I/AwesomePlayer( 1744): AwesomePlayer::setDataSource_l():: This is not a DRM content
V/MediaPlayerService( 1744): prepare
V/AwesomePlayer( 1744): prepareAsync
V/MediaPlayerService( 1744): wait for prepare
V/AwesomePlayer( 1744): onPrepareAsyncEvent
V/AwesomePlayer( 1744): initAudioDecoder()
I/OMXCodec( 1744): Create() mime = audio/mpeg, isAlpAudio = 1
I/OMXCodec( 1744): Successfully allocated OMX node 'OMX.SEC.MP3.Decoder'
I/OMXCodec( 1744): OMXCodec::configureCodec 1 + 44100 ++ 
I/OMXCodec( 1744): Successfully allocated and configured OMX node 'OMX.SEC.MP3.Decoder , mIsALPrunning =0'
V/AwesomePlayer( 1744): notifyListner_l() msg (5-MEDIA_SET_VIDEO_SIZE), ext1 (0), ext2 (0)
V/AudioCache( 1744): notify(0x420b8d10, 5, 0, 0)
V/AudioCache( 1744): ignored
V/AwesomePlayer( 1744): notifyListner_l() msg (1-MEDIA_PREPARED), ext1 (0), ext2 (0)
V/AudioCache( 1744): notify(0x420b8d10, 1, 0, 0)
V/AudioCache( 1744): prepared
V/AudioCache( 1744): wait - success
V/MediaPlayerService( 1744): start
V/StagefrightPlayer( 1744): start
V/AwesomePlayer( 1744): play
V/AwesomePlayer( 1744): AwesomePlayer::play_l():: This is not a DRM content
E/OMXCodec( 1744): [OMX.SEC.MP3.Decoder] err = -1011
I/AudioPlayer( 1744):  Audioplayer kKeyAudioPCMFormat:1, 1, 0
I/AudioPlayer( 1744):  Audioplayer1 (1, 1)
V/AudioCache( 1744): open(44100, 1, 0x0, 1, 4)
V/AudioCache( 1744): write(0x41ec1798, 2048)
V/MediaPlayerService( 1744): wait for playback complete
V/AudioCache( 1744): write(0x41ec1798, 2048)
V/AudioCache( 1744): write(0x41ec1798, 2048)
V/AudioCache( 1744): write(0x41ec1798, 2048)
V/AudioCache( 1744): write(0x41ec1798, 2048)
V/AudioCache( 1744): write(0x41ec1798, 2048)
V/AudioCache( 1744): write(0x41ec1798, 2048)
V/AwesomePlayer( 1744): MEDIA_PLAYBACK_COMPLETE
V/AwesomePlayer( 1744): notifyListner_l() msg (2-MEDIA_PLAYBACK_COMPLETE), ext1 (0), ext2 (0)
V/AudioCache( 1744): notify(0x420b8d10, 2, 0, 0)
V/AudioCache( 1744): playback complete - thread will wake up later
V/AudioCache( 1744): write(0x41ec1798, 908)
V/AudioCache( 1744): wait - success
V/StagefrightPlayer( 1744): reset
I/AwesomePlayer( 1744): reset
I/AwesomePlayer( 1744): cancel player events
V/AwesomePlayer( 1744): mAudioTrackVector clear
I/OMXCodec( 1744): [OMX.SEC.MP3.Decoder] stop() sendCommand(0x27, OMX_CommandStateSet, OMX_StateIdle)
I/OMXCodec( 1744): [OMX.SEC.MP3.Decoder] stopped in state 1
I/OMXCodec( 1744): RESET mIsALPrunning
V/MediaPlayerService( 1744): MediaPlayerService::decode() using fd -
V/StagefrightPlayer( 1744): ~StagefrightPlayer
V/StagefrightPlayer( 1744): reset
I/AwesomePlayer( 1744): reset
I/AwesomePlayer( 1744): cancel player events
V/AwesomePlayer( 1744): mAudioTrackVector clear
I/AwesomePlayer( 1744): reset
I/AwesomePlayer( 1744): cancel player events
V/AwesomePlayer( 1744): mAudioTrackVector clear
V/AwesomePlayer( 1744): ~AwesomePlayer()
V/SoundPoolThread(10336): Got message m=2, mData=6
V/MediaPlayer(10336): decode(46, 10226012, 26748)
V/MediaPlayerService( 1744): decode(28, 10226012, 26748)
V/MediaPlayerService( 1744): player type = 3
V/MediaPlayerService( 1744):  create StagefrightPlayer
V/AwesomePlayer( 1744): setDefault
V/AwesomePlayer( 1744): constructor
V/AwesomePlayer( 1744): setDefault
I/AwesomePlayer( 1744): reset
I/AwesomePlayer( 1744): cancel player events
V/AwesomePlayer( 1744): mAudioTrackVector clear
V/StagefrightPlayer( 1744): StagefrightPlayer
V/AwesomePlayer( 1744): setListener
V/StagefrightPlayer( 1744): initCheck
V/StagefrightPlayer( 1744): setDataSource(28, 10226012, 26748)
V/AwesomePlayer( 1744): setDataSource (46, 10226012, 26748)
I/AwesomePlayer( 1744): cancel player events
V/AwesomePlayer( 1744): mAudioTrackVector clear
D/WVMDrmPlugIn( 1743): WVMDrmPlugin::onInitialize : 7088
D/WVMDrmPlugIn( 1743): WVMDrmPlugin::onSetOnInfoListener : add 7088
I/        ( 1743): OmaLogOn
I/        ( 1743): PlayReadyLogOn
D/WVMDrmPlugIn( 1743): WVMDrmPlugin::onTerminate : 7088
V/AwesomePlayer( 1744): mBitrate = 128000 bits/sec
W/AwesomePlayer( 1744): couldn't get userdata - Weather
W/AwesomePlayer( 1744): couldn't get userdata - Authorization 
W/AwesomePlayer( 1744): couldn't get userdata - SnapShot 
W/AwesomePlayer( 1744): couldn't get userdata - SMRD
V/AwesomePlayer( 1744): current audio track index (0) is added to vector
V/AwesomePlayer( 1744): setDataSource_l: Audio(1), Video(0)
I/AwesomePlayer( 1744): AwesomePlayer::setDataSource_l():: This is not a DRM content
V/MediaPlayerService( 1744): prepare
V/AwesomePlayer( 1744): prepareAsync
V/MediaPlayerService( 1744): wait for prepare
V/AwesomePlayer( 1744): onPrepareAsyncEvent
V/AwesomePlayer( 1744): initAudioDecoder()
I/OMXCodec( 1744): Create() mime = audio/mpeg, isAlpAudio = 1
I/OMXCodec( 1744): Successfully allocated OMX node 'OMX.SEC.MP3.Decoder'
I/OMXCodec( 1744): OMXCodec::configureCodec 1 + 11025 ++ 
I/OMXCodec( 1744): Successfully allocated and configured OMX node 'OMX.SEC.MP3.Decoder , mIsALPrunning =0'
V/AwesomePlayer( 1744): notifyListner_l() msg (5-MEDIA_SET_VIDEO_SIZE), ext1 (0), ext2 (0)
V/AudioCache( 1744): notify(0x420b8d10, 5, 0, 0)
V/AudioCache( 1744): ignored
V/AwesomePlayer( 1744): notifyListner_l() msg (1-MEDIA_PREPARED), ext1 (0), ext2 (0)
V/AudioCache( 1744): notify(0x420b8d10, 1, 0, 0)
V/AudioCache( 1744): prepared
V/AudioCache( 1744): wait - success
V/MediaPlayerService( 1744): start
V/StagefrightPlayer( 1744): start
V/AwesomePlayer( 1744): play
V/AwesomePlayer( 1744): AwesomePlayer::play_l():: This is not a DRM content
E/OMXCodec( 1744): [OMX.SEC.MP3.Decoder] err = -1011
E/Watchdog( 2016): !@Sync 98
I/AudioPlayer( 1744):  Audioplayer kKeyAudioPCMFormat:1, 1, 0
I/AudioPlayer( 1744):  Audioplayer1 (1, 1)
V/AudioCache( 1744): open(11025, 1, 0x0, 1, 4)
V/AudioCache( 1744): write(0x41ec1798, 2048)
V/AudioCache( 1744): write(0x41ec1798, 2048)
V/MediaPlayerService( 1744): wait for playback complete
V/AudioCache( 1744): write(0x41ec1798, 2048)
V/AudioCache( 1744): write(0x41ec1798, 2048)
V/AudioCache( 1744): write(0x41ec1798, 2048)
V/AudioCache( 1744): write(0x41ec1798, 2048)
V/AudioCache( 1744): write(0x41ec1798, 2048)
V/AudioCache( 1744): write(0x41ec1798, 2048)
V/AudioCache( 1744): write(0x41ec1798, 2048)
V/AudioCache( 1744): write(0x41ec1798, 2048)
V/AudioCache( 1744): write(0x41ec1798, 2048)
V/AudioCache( 1744): write(0x41ec1798, 2048)
V/AudioCache( 1744): write(0x41ec1798, 2048)
V/AudioCache( 1744): write(0x41ec1798, 2048)
V/AudioCache( 1744): write(0x41ec1798, 2048)
V/AudioCache( 1744): write(0x41ec1798, 170)
V/AwesomePlayer( 1744): MEDIA_PLAYBACK_COMPLETE
V/AwesomePlayer( 1744): notifyListner_l() msg (2-MEDIA_PLAYBACK_COMPLETE), ext1 (0), ext2 (0)
V/AudioCache( 1744): notify(0x420b8d10, 2, 0, 0)
V/AudioCache( 1744): playback complete - thread will wake up later
V/AudioCache( 1744): wait - success
V/StagefrightPlayer( 1744): reset
I/AwesomePlayer( 1744): reset
I/AwesomePlayer( 1744): cancel player events
V/AwesomePlayer( 1744): mAudioTrackVector clear
I/OMXCodec( 1744): [OMX.SEC.MP3.Decoder] stop() sendCommand(0x28, OMX_CommandStateSet, OMX_StateIdle)
I/OMXCodec( 1744): [OMX.SEC.MP3.Decoder] stopped in state 1
I/OMXCodec( 1744): RESET mIsALPrunning
V/MediaPlayerService( 1744): MediaPlayerService::decode() using fd -
V/StagefrightPlayer( 1744): ~StagefrightPlayer
V/StagefrightPlayer( 1744): reset
I/AwesomePlayer( 1744): reset
I/AwesomePlayer( 1744): cancel player events
V/AwesomePlayer( 1744): mAudioTrackVector clear
I/AwesomePlayer( 1744): reset
I/AwesomePlayer( 1744): cancel player events
V/AwesomePlayer( 1744): mAudioTrackVector clear
V/AwesomePlayer( 1744): ~AwesomePlayer()
V/SoundPoolThread(10336): Got message m=2, mData=7
V/MediaPlayer(10336): decode(47, 10258680, 338732)
V/MediaPlayerService( 1744): decode(28, 10258680, 338732)
V/MediaPlayerService( 1744): player type = 3
V/MediaPlayerService( 1744):  create StagefrightPlayer
V/AwesomePlayer( 1744): setDefault
V/AwesomePlayer( 1744): constructor
V/AwesomePlayer( 1744): setDefault
I/AwesomePlayer( 1744): reset
I/AwesomePlayer( 1744): cancel player events
V/AwesomePlayer( 1744): mAudioTrackVector clear
V/StagefrightPlayer( 1744): StagefrightPlayer
V/AwesomePlayer( 1744): setListener
V/StagefrightPlayer( 1744): initCheck
V/StagefrightPlayer( 1744): setDataSource(28, 10258680, 338732)
V/AwesomePlayer( 1744): setDataSource (47, 10258680, 338732)
I/AwesomePlayer( 1744): cancel player events
V/AwesomePlayer( 1744): mAudioTrackVector clear
D/WVMDrmPlugIn( 1743): WVMDrmPlugin::onInitialize : 7911
D/WVMDrmPlugIn( 1743): WVMDrmPlugin::onSetOnInfoListener : add 7911
I/        ( 1743): OmaLogOn
I/        ( 1743): PlayReadyLogOn
D/WVMDrmPlugIn( 1743): WVMDrmPlugin::onTerminate : 7911
V/AwesomePlayer( 1744): track of type 'audio/raw' does not publish bitrate
V/AwesomePlayer( 1744): mBitrate = -1 bits/sec
W/AwesomePlayer( 1744): couldn't get userdata - Weather
W/AwesomePlayer( 1744): couldn't get userdata - Authorization 
W/AwesomePlayer( 1744): couldn't get userdata - SnapShot 
W/AwesomePlayer( 1744): couldn't get userdata - SMRD
V/AwesomePlayer( 1744): current audio track index (0) is added to vector
V/AwesomePlayer( 1744): setDataSource_l: Audio(1), Video(0)
I/AwesomePlayer( 1744): AwesomePlayer::setDataSource_l():: This is not a DRM content
V/MediaPlayerService( 1744): prepare
V/AwesomePlayer( 1744): prepareAsync
V/MediaPlayerService( 1744): wait for prepare
V/AwesomePlayer( 1744): onPrepareAsyncEvent
V/AwesomePlayer( 1744): initAudioDecoder()
V/AwesomePlayer( 1744): notifyListner_l() msg (5-MEDIA_SET_VIDEO_SIZE), ext1 (0), ext2 (0)
V/AudioCache( 1744): notify(0x420b8d10, 5, 0, 0)
V/AudioCache( 1744): ignored
V/AwesomePlayer( 1744): notifyListner_l() msg (1-MEDIA_PREPARED), ext1 (0), ext2 (0)
V/AudioCache( 1744): notify(0x420b8d10, 1, 0, 0)
V/AudioCache( 1744): prepared
V/AudioCache( 1744): wait - success
V/MediaPlayerService( 1744): start
V/StagefrightPlayer( 1744): start
V/AwesomePlayer( 1744): play
V/AwesomePlayer( 1744): AwesomePlayer::play_l():: This is not a DRM content
I/AudioPlayer( 1744):  Audioplayer kKeyAudioPCMFormat:1, 2, 0
I/AudioPlayer( 1744):  Audioplayer1 (2, 1)
V/AudioCache( 1744): open(44100, 2, 0x0, 1, 4)
V/MediaPlayerService( 1744): wait for playback complete
V/AudioCache( 1744): write(0x420da008, 4096)
V/AudioCache( 1744): write(0x420da008, 4096)
V/AudioCache( 1744): write(0x420da008, 4096)
V/AudioCache( 1744): write(0x420da008, 4096)
V/AudioCache( 1744): write(0x420da008, 4096)
V/AudioCache( 1744): write(0x420da008, 4096)
V/AudioCache( 1744): write(0x420da008, 4096)
V/AudioCache( 1744): write(0x420da008, 4096)
V/AudioCache( 1744): write(0x420da008, 4096)
V/AudioCache( 1744): write(0x420da008, 4096)
V/AudioCache( 1744): write(0x420da008, 4096)
V/AudioCache( 1744): write(0x420da008, 4096)
V/AudioCache( 1744): write(0x420da008, 4096)
V/AudioCache( 1744): write(0x420da008, 4096)
V/AudioCache( 1744): write(0x420da008, 4096)
V/AudioCache( 1744): write(0x420da008, 4096)
V/AudioCache( 1744): write(0x420da008, 4096)
V/AudioCache( 1744): write(0x420da008, 4096)
V/AudioCache( 1744): write(0x420da008, 4096)
V/AudioCache( 1744): write(0x420da008, 4096)
V/AudioCache( 1744): write(0x420da008, 4096)
V/AudioCache( 1744): write(0x420da008, 4096)
V/AudioCache( 1744): write(0x420da008, 4096)
V/AudioCache( 1744): write(0x420da008, 4096)
V/AudioCache( 1744): write(0x420da008, 4096)
V/AudioCache( 1744): write(0x420da008, 4096)
V/AudioCache( 1744): write(0x420da008, 4096)
V/AudioCache( 1744): write(0x420da008, 4096)
V/AudioCache( 1744): write(0x420da008, 4096)
V/AudioCache( 1744): write(0x420da008, 4096)
V/AudioCache( 1744): write(0x420da008, 4096)
V/AudioCache( 1744): write(0x420da008, 4096)
V/AudioCache( 1744): write(0x420da008, 4096)
V/AudioCache( 1744): write(0x420da008, 4096)
V/AudioCache( 1744): write(0x420da008, 4096)
V/AudioCache( 1744): write(0x420da008, 4096)
V/AudioCache( 1744): write(0x420da008, 4096)
V/AudioCache( 1744): write(0x420da008, 4096)
V/AudioCache( 1744): write(0x420da008, 4096)
V/AudioCache( 1744): write(0x420da008, 4096)
V/AudioCache( 1744): write(0x420da008, 4096)
V/AudioCache( 1744): write(0x420da008, 4096)
V/AudioCache( 1744): write(0x420da008, 4096)
V/AudioCache( 1744): write(0x420da008, 4096)
V/AudioCache( 1744): write(0x420da008, 4096)
V/AudioCache( 1744): write(0x420da008, 4096)
V/AudioCache( 1744): write(0x420da008, 4096)
V/AudioCache( 1744): write(0x420da008, 4096)
V/AudioCache( 1744): write(0x420da008, 4096)
V/AudioCache( 1744): write(0x420da008, 4096)
V/AudioCache( 1744): write(0x420da008, 4096)
V/AudioCache( 1744): write(0x420da008, 4096)
V/AudioCache( 1744): write(0x420da008, 4096)
V/AudioCache( 1744): write(0x420da008, 4096)
V/AudioCache( 1744): write(0x420da008, 4096)
V/AudioCache( 1744): write(0x420da008, 4096)
V/AudioCache( 1744): write(0x420da008, 4096)
V/AudioCache( 1744): write(0x420da008, 4096)
V/AudioCache( 1744): write(0x420da008, 4096)
V/AudioCache( 1744): write(0x420da008, 4096)
V/AudioCache( 1744): write(0x420da008, 4096)
V/AudioCache( 1744): write(0x420da008, 4096)
V/AudioCache( 1744): write(0x420da008, 4096)
V/AudioCache( 1744): write(0x420da008, 4096)
V/AudioCache( 1744): write(0x420da008, 4096)
V/AudioCache( 1744): write(0x420da008, 4096)
V/AudioCache( 1744): write(0x420da008, 4096)
V/AudioCache( 1744): write(0x420da008, 4096)
V/AudioCache( 1744): write(0x420da008, 4096)
V/AudioCache( 1744): write(0x420da008, 4096)
V/AudioCache( 1744): write(0x420da008, 4096)
V/AudioCache( 1744): write(0x420da008, 4096)
V/AudioCache( 1744): write(0x420da008, 4096)
V/AudioCache( 1744): write(0x420da008, 4096)
V/AudioCache( 1744): write(0x420da008, 4096)
V/AudioCache( 1744): write(0x420da008, 4096)
V/AudioCache( 1744): write(0x420da008, 4096)
V/AudioCache( 1744): write(0x420da008, 4096)
V/AudioCache( 1744): write(0x420da008, 4096)
V/AudioCache( 1744): write(0x420da008, 4096)
V/AudioCache( 1744): write(0x420da008, 4096)
V/AudioCache( 1744): write(0x420da008, 4096)
V/AwesomePlayer( 1744): MEDIA_PLAYBACK_COMPLETE
V/AwesomePlayer( 1744): notifyListner_l() msg (2-MEDIA_PLAYBACK_COMPLETE), ext1 (0), ext2 (0)
V/AudioCache( 1744): notify(0x420b8d10, 2, 0, 0)
V/AudioCache( 1744): playback complete - thread will wake up later
V/AudioCache( 1744): write(0x420da008, 2816)
V/AudioCache( 1744): wait - success
V/StagefrightPlayer( 1744): reset
I/AwesomePlayer( 1744): reset
I/AwesomePlayer( 1744): cancel player events
V/AwesomePlayer( 1744): mAudioTrackVector clear
V/MediaPlayerService( 1744): MediaPlayerService::decode() using fd -
V/StagefrightPlayer( 1744): ~StagefrightPlayer
V/StagefrightPlayer( 1744): reset
I/AwesomePlayer( 1744): reset
I/AwesomePlayer( 1744): cancel player events
V/AwesomePlayer( 1744): mAudioTrackVector clear
I/AwesomePlayer( 1744): reset
I/AwesomePlayer( 1744): cancel player events
V/AwesomePlayer( 1744): mAudioTrackVector clear
V/AwesomePlayer( 1744): ~AwesomePlayer()
I/InputReader( 2016): Touch event's action is 0x0 (deviceType=0) [pCnt=1, s=0.33 ]
I/InputDispatcher( 2016): Delivering touch to current input target: action: 0x0
I/InputDispatcher( 2016): Delivering touch to current input target: action: 0x0
I/InputDispatcher( 2016): Delivering touch to current input target: action: 0x0
I/InputDispatcher( 2016): Delivering touch to current input target: action: 0x0
I/InputReader( 2016): Touch event's action is 0x1 (deviceType=0) [pCnt=1, s=]
I/InputDispatcher( 2016): Delivering touch to current input target: action: 0x1
I/InputDispatcher( 2016): Delivering touch to current input target: action: 0x1
I/InputDispatcher( 2016): Delivering touch to current input target: action: 0x1
I/InputDispatcher( 2016): Delivering touch to current input target: action: 0x1
D/WindowManager( 2016): PhoneWindowManager: focusChangedLw
D/WindowManager( 2016): PhoneWindowManager: focusChangedLw: Call setFocusedWindow()
D/SPenGesture( 2016): SpenGestureView: setFocusedWindow
I/SurfaceFlinger( 1741): id=71(6) createSurf 0x41cf42fc (1x1),1 flag=0, TubSettings
D/KeyguardViewMediator( 2016): setHidden false
D/KeyguardViewMediator( 2016): setHidden false
D/KeyguardViewMediator( 2016): setHidden false
D/KeyguardViewMediator( 2016): setHidden false
D/KeyguardViewMediator( 2016): setHidden false
W/SignalStrength( 2016): getGsmLevel=4
W/SignalStrength( 2016): getLevel=4 (SignalStrength: 16 -1 -1 -1 -1 -1 -1 -1 -1 -1 -1 -1 gsm|lte 4)
W/SignalStrength( 2168): getGsmLevel=4
W/SignalStrength( 2168): getLevel=4 (SignalStrength: 16 -1 -1 -1 -1 -1 -1 -1 -1 -1 -1 -1 gsm|lte 4)
W/SignalStrength( 2168): getGsmLevel=4
W/SignalStrength( 2168): getLevel=4 (SignalStrength: 16 -1 -1 -1 -1 -1 -1 -1 -1 -1 -1 -1 gsm|lte 4)
W/SignalStrength( 2016): getGsmDbm=-81
W/SignalStrength( 2016): getDbm=-81
W/SignalStrength( 2016): getGsmAsuLevel=16
W/SignalStrength( 2016): getAsuLevel=16
D/dalvikvm(10297): GC_CONCURRENT freed 233K, 8% free 13682K/14855K, paused 18ms+5ms, total 111ms
W/SQLiteConnectionPool( 2363): The connection pool for database '+data+data+com_android_providers_contacts+databases+contacts2_db' has been unable to grant a connection to thread 59 (Binder_3) with flags 0x1 for 4.0 seconds.
W/SQLiteConnectionPool( 2363): Connections: 1 active, 0 idle, 0 available.
W/SQLiteConnectionPool( 2363): 
W/SQLiteConnectionPool( 2363): Requests in progress:
W/SQLiteConnectionPool( 2363):   execute started 18086ms ago - running, sql="COMMIT;"
W/SignalStrength( 2168): getGsmLevel=4
W/SignalStrength( 2168): getLevel=4 (SignalStrength: 16 -1 -1 -1 -1 -1 -1 -1 -1 -1 -1 -1 gsm|lte 4)
D/ContextualPageReceiver( 2323): mContextualPageReceiver: ACTION_SERVICE_STATE_CHANGED isRoaming : false
W/SignalStrength( 2168): getGsmLevel=1
W/SignalStrength( 2168): getLevel=1 (SignalStrength: 16 -1 -1 -1 -1 -1 -1 -1 -1 -1 -1 -1 gsm|lte 1)
W/SignalStrength( 2168): getGsmLevel=1
W/SignalStrength( 2168): getLevel=1 (SignalStrength: 16 -1 -1 -1 -1 -1 -1 -1 -1 -1 -1 -1 gsm|lte 1)
W/SignalStrength( 2016): getGsmLevel=1
W/SignalStrength( 2016): getLevel=1 (SignalStrength: 16 -1 -1 -1 -1 -1 -1 -1 -1 -1 -1 -1 gsm|lte 1)
W/SignalStrength( 2016): getGsmDbm=-81
W/SignalStrength( 2016): getDbm=-81
W/SignalStrength( 2016): getGsmAsuLevel=16
W/SignalStrength( 2016): getAsuLevel=16
W/SignalStrength( 2016): getGsmLevel=1
W/SignalStrength( 2016): getLevel=1 (SignalStrength: 2 -1 -1 -1 -1 -1 -1 -1 -1 -1 -1 -1 gsm|lte 1)
W/SignalStrength( 2016): getGsmDbm=-109
W/SignalStrength( 2016): getDbm=-109
W/SignalStrength( 2016): getGsmAsuLevel=2
W/SignalStrength( 2016): getAsuLevel=2
W/SignalStrength( 2168): getGsmLevel=1
W/SignalStrength( 2168): getLevel=1 (SignalStrength: 2 -1 -1 -1 -1 -1 -1 -1 -1 -1 -1 -1 gsm|lte 1)
W/SignalStrength( 2168): getGsmLevel=1
W/SignalStrength( 2168): getLevel=1 (SignalStrength: 2 -1 -1 -1 -1 -1 -1 -1 -1 -1 -1 -1 gsm|lte 1)
D/Finsky  (10175): [1] RestoreTracker.stopServiceIfDone: Restore complete with 0 success and 0 failed.
I/Icing.InternalIcingCorporaProvider( 6492): Updating corpora: A: com.android.vending, C: MAYBE
D/PackageBroadcastService( 2452): Received broadcast action=android.intent.action.PACKAGE_ADDED and uri=com.android.vending
D/dalvikvm(10175): GC_CONCURRENT freed 209K, 8% free 13499K/14599K, paused 13ms+18ms, total 53ms
D/dalvikvm(10175): GC_CONCURRENT freed 24K, 7% free 13900K/14855K, paused 12ms+2ms, total 34ms
D/PackageAddedReceiver( 2348): package added com.android.vending
D/dalvikvm(10297): GC_CONCURRENT freed 307K, 9% free 13841K/15047K, paused 13ms+4ms, total 50ms
I/PeopleContactsSync( 2452): CP2 sync disabled
D/dalvikvm(10128): GC_CONCURRENT freed 376K, 11% free 13905K/15495K, paused 16ms+3ms, total 73ms
D/dalvikvm(10128): WAIT_FOR_CONCURRENT_GC blocked 18ms
D/dalvikvm( 6492): GC_CONCURRENT freed 330K, 18% free 14127K/17159K, paused 16ms+3ms, total 226ms
D/dalvikvm( 6492): WAIT_FOR_CONCURRENT_GC blocked 193ms
D/EVWidget-WidgetStateReceiver(10267): WidgetStateReceiver:onReceive() action=android.intent.action.PACKAGE_ADDED data=package:com.android.vending------------------------
D/EVWidget-WidgetStateReceiver(10267): WidgetStateReceiver:onReceive: getSchemeSpecificPart =com.android.vending
W/SQLiteConnectionPool( 2363): The connection pool for database '+data+data+com_android_providers_contacts+databases+contacts2_db' has been unable to grant a connection to thread 59 (Binder_3) with flags 0x1 for 8.004001 seconds.
W/SQLiteConnectionPool( 2363): Connections: 1 active, 0 idle, 0 available.
W/SQLiteConnectionPool( 2363): 
W/SQLiteConnectionPool( 2363): Requests in progress:
W/SQLiteConnectionPool( 2363):   execute started 22090ms ago - running, sql="COMMIT;"
I/dalvikvm(10297): Could not find method android.app.AlarmManager.setExact, referenced from method com.whatsapp.messaging.MessageService.a
W/dalvikvm(10297): VFY: unable to resolve virtual method 156: Landroid/app/AlarmManager;.setExact (IJLandroid/app/PendingIntent;)V
D/dalvikvm(10297): VFY: replacing opcode 0x6e at 0x0096
D/dalvikvm( 2452): GC_CONCURRENT freed 380K, 12% free 13547K/15303K, paused 191ms+3ms, total 263ms
I/dalvikvm(10297): Could not find method android.app.AlarmManager.setExact, referenced from method com.whatsapp.messaging.MessageService.o
W/dalvikvm(10297): VFY: unable to resolve virtual method 156: Landroid/app/AlarmManager;.setExact (IJLandroid/app/PendingIntent;)V
D/dalvikvm(10297): VFY: replacing opcode 0x6e at 0x0066
D/dalvikvm( 2016): GC_CONCURRENT freed 1936K, 29% free 34771K/48775K, paused 32ms+29ms, total 212ms
D/dalvikvm(10336): GC_CONCURRENT freed 359K, 9% free 12970K/14215K, paused 16ms+3ms, total 88ms
D/dalvikvm(10336): WAIT_FOR_CONCURRENT_GC blocked 16ms
D/dalvikvm(10436): GC_CONCURRENT freed 165K, 8% free 12466K/13511K, paused 2ms+2ms, total 20ms
D/dalvikvm(10436): WAIT_FOR_CONCURRENT_GC blocked 9ms
I/SA      ( 9973): [SUR] onReceive log=[SA = 1.3.0848 V = 16 HWD = 1280X800 2.0 dpi = 320  SIZE = 2 LOCALE = de_DE CSC = DBT MCC = 262 MNC 7 T = user DEVICE = GT-N7000 P = GT-N7000 I = JZO54K M = GT-N7000 OKLEFT false DIS JZO54K.N7000XXLT4  ]
I/SA      ( 9973): [SUR] onReceive Intent=[ action_PACKAGE_REPLACED package ]
D/PackageBroadcastService( 2452): Received broadcast action=android.intent.action.PACKAGE_REPLACED and uri=com.android.vending
D/dalvikvm(10451): WAIT_FOR_CONCURRENT_GC blocked 0ms
D/dalvikvm(10451): GC_CONCURRENT freed 159K, 8% free 12472K/13511K, paused 13ms+3ms, total 39ms
D/dalvikvm(10451): WAIT_FOR_CONCURRENT_GC blocked 12ms
I/PeopleContactsSync( 2452): CP2 sync disabled
I/ActivityThread(10451): Pub com.google.android.apps.magazines: com.google.apps.dots.android.newsstand.provider.NSContentProvider
I/InputReader( 2016): Touch event's action is 0x0 (deviceType=0) [pCnt=1, s=0.34 ]
I/InputDispatcher( 2016): Delivering touch to current input target: action: 0x0
I/InputDispatcher( 2016): Delivering touch to current input target: action: 0x0
I/InputDispatcher( 2016): Delivering touch to current input target: action: 0x0
I/InputDispatcher( 2016): Delivering touch to current input target: action: 0x0
I/dalvikvm(10451): Could not find method android.webkit.WebView.setWebContentsDebuggingEnabled, referenced from method com.google.apps.dots.android.newsstand.NSDepend.setupInternal
W/dalvikvm(10451): VFY: unable to resolve static method 6504: Landroid/webkit/WebView;.setWebContentsDebuggingEnabled (Z)V
D/dalvikvm(10451): VFY: replacing opcode 0x71 at 0x00ba
I/InputReader( 2016): Touch event's action is 0x1 (deviceType=0) [pCnt=1, s=]
I/InputDispatcher( 2016): Delivering touch to current input target: action: 0x1
I/InputDispatcher( 2016): Delivering touch to current input target: action: 0x1
I/InputDispatcher( 2016): Delivering touch to current input target: action: 0x1
I/InputDispatcher( 2016): Delivering touch to current input target: action: 0x1
I/dalvikvm(10451): Could not find method android.content.res.Configuration.getLayoutDirection, referenced from method com.google.apps.dots.android.newsstand.util.AndroidUtil.getLocaleLayoutDirection
W/dalvikvm(10451): VFY: unable to resolve virtual method 733: Landroid/content/res/Configuration;.getLayoutDirection ()I
D/dalvikvm(10451): VFY: replacing opcode 0x6e at 0x0010
D/dalvikvm( 2016): WAIT_FOR_CONCURRENT_GC blocked 0ms
I/dalvikvm(10451): Could not find method android.os.Trace.beginSection, referenced from method com.google.apps.dots.android.newsstand.instrumentation.TraceCompat.beginSection
W/dalvikvm(10451): VFY: unable to resolve static method 1335: Landroid/os/Trace;.beginSection (Ljava/lang/String;)V
D/dalvikvm(10451): VFY: replacing opcode 0x71 at 0x003a
I/dalvikvm(10451): Could not find method android.os.Trace.endSection, referenced from method com.google.apps.dots.android.newsstand.instrumentation.TraceCompat.endSection
W/dalvikvm(10451): VFY: unable to resolve static method 1336: Landroid/os/Trace;.endSection ()V
D/dalvikvm(10451): VFY: replacing opcode 0x71 at 0x000a
I/dalvikvm(10451): Could not find method android.os.Trace.endSection, referenced from method com.google.apps.dots.android.newsstand.instrumentation.TraceCompat.endSection
W/dalvikvm(10451): VFY: unable to resolve static method 1336: Landroid/os/Trace;.endSection ()V
D/dalvikvm(10451): VFY: replacing opcode 0x71 at 0x0017
W/GAV2    (10451): Thread[main,5,main]: Need to call initialize() and be in fallback mode to start dispatch.
D/dalvikvm( 2016): GC_EXPLICIT freed 695K, 30% free 34498K/48775K, paused 19ms+14ms, total 189ms
D/WindowManager( 2016): PhoneWindowManager: focusChangedLw
D/WindowManager( 2016): PhoneWindowManager: focusChangedLw: Call setFocusedWindow()
D/SPenGesture( 2016): SpenGestureView: setFocusedWindow
D/KeyguardViewMediator( 2016): setHidden false
D/dalvikvm(10297): Trying to load lib /data/data/com.whatsapp/lib/libqcom.so 0x41e45f78
D/dalvikvm(10297): Added shared lib /data/data/com.whatsapp/lib/libqcom.so 0x41e45f78
D/dalvikvm(10297): No JNI_OnLoad found in /data/data/com.whatsapp/lib/libqcom.so 0x41e45f78, skipping init
D/dalvikvm(10297): Trying to load lib /data/data/com.whatsapp/lib/libwhatsapp.so 0x41e45f78
I/Icing   ( 2452): Indexing 19F599F3C2EF1AE88F015CA6353D3BB820AF34C5 from com.google.android.googlequicksearchbox
D/dalvikvm(10297): Added shared lib /data/data/com.whatsapp/lib/libwhatsapp.so 0x41e45f78
I/Icing   ( 2452): Not enough disk space for indexing trimmable
D/dalvikvm(10451): GC_CONCURRENT freed 316K, 9% free 12613K/13831K, paused 16ms+17ms, total 76ms
I/dalvikvm(10451): Could not find method android.graphics.Bitmap.getAllocationByteCount, referenced from method com.google.apps.dots.android.newsstand.bitmap.CachingBitmapPool.isGoodForMutableBitmapRequest
W/dalvikvm(10451): VFY: unable to resolve virtual method 846: Landroid/graphics/Bitmap;.getAllocationByteCount ()I
D/dalvikvm(10451): VFY: replacing opcode 0x6e at 0x0018
I/dalvikvm(10451): Could not find method android.graphics.Bitmap.reconfigure, referenced from method com.google.apps.dots.android.newsstand.bitmap.CachingBitmapPool.reconfigureBitmap
W/dalvikvm(10451): VFY: unable to resolve virtual method 856: Landroid/graphics/Bitmap;.reconfigure (IILandroid/graphics/Bitmap$Config;)V
D/dalvikvm(10451): VFY: replacing opcode 0x6e at 0x0008
I/ActivityThread(10451): Pub com.google.android.apps.magazines.exported: com.google.apps.dots.android.newsstand.provider.ExportedContentProvider
I/dalvikvm(10297): Could not find method android.app.AlarmManager.setExact, referenced from method com.whatsapp.messaging.qb.h
W/dalvikvm(10297): VFY: unable to resolve virtual method 156: Landroid/app/AlarmManager;.setExact (IJLandroid/app/PendingIntent;)V
D/dalvikvm(10297): VFY: replacing opcode 0x6e at 0x0043
I/ActivityThread(10451): Pub com.google.android.apps.magazines.webdata: com.google.apps.dots.android.newsstand.provider.WebDataContentProvider
I/NSApplication(10451): Starting up...
D/dalvikvm(10297): GC_CONCURRENT freed 464K, 10% free 13894K/15303K, paused 16ms+23ms, total 104ms
D/KeyguardViewMediator( 2016): setHidden false
I/SurfaceFlinger( 1741): id=71 Removed TubSettings idx=4 MapSz=3
I/SurfaceFlinger( 1741): id=71 Removed TubSettings idx=-2 MapSz=3
D/KeyguardViewMediator( 2016): setHidden false
D/KeyguardViewMediator( 2016): setHidden false
I/dalvikvm(10485): Turning on JNI app bug workarounds for target SDK version 7...
D/dalvikvm(10422): GC_CONCURRENT freed 283K, 9% free 12338K/13511K, paused 11ms+27ms, total 104ms
D/Finsky  (10175): [978] InAppBillingUtils.pickAccount: com.whatsapp: Account determined from installer data - [qMcbTBKttdGbTbYX5fl7GyPW800]
D/Finsky  (10175): [977] InAppBillingUtils.pickAccount: com.whatsapp: Account determined from installer data - [qMcbTBKttdGbTbYX5fl7GyPW800]
D/Finsky  (10175): [977] InAppBillingUtils.pickAccount: com.whatsapp: Account determined from installer data - [qMcbTBKttdGbTbYX5fl7GyPW800]
I/ActivityThread(10503): Pub com.google.android.apps.uploader.PicasaUploadProvider: com.google.android.picasasync.PicasaContentProvider
D/dalvikvm(10175): GC_CONCURRENT freed 1052K, 13% free 13394K/15367K, paused 20ms+4ms, total 79ms
I/Icing   ( 2452): Not enough disk space for indexing trimmable
D/dalvikvm(10503): GC_CONCURRENT freed 462K, 10% free 12168K/13511K, paused 16ms+3ms, total 34ms
D/dalvikvm(10503): WAIT_FOR_CONCURRENT_GC blocked 18ms
D/dalvikvm(10297): GC_CONCURRENT freed 394K, 9% free 14023K/15303K, paused 25ms+19ms, total 113ms
D/PicasaUploader(10503):    wifiOnlyPhoto changed to true
D/PicasaUploader(10503):    wifiOnlyVideo changed to true
D/PicasaUploader(10503):    syncOnBattery changed to true
I/Icing   ( 2452): Indexing done 19F599F3C2EF1AE88F015CA6353D3BB820AF34C5
D/PicasaUploaderSync(10503): sync account database
I/dalvikvm(10297): Jit: resizing JitTable from 4096 to 8192
I/InputReader( 2016): Touch event's action is 0x0 (deviceType=0) [pCnt=1, s=0.35 ]
I/InputDispatcher( 2016): Delivering touch to current input target: action: 0x0
I/InputDispatcher( 2016): Delivering touch to current input target: action: 0x0
I/InputDispatcher( 2016): Delivering touch to current input target: action: 0x0
I/InputDispatcher( 2016): Delivering touch to current input target: action: 0x0
I/InputReader( 2016): Touch event's action is 0x1 (deviceType=0) [pCnt=1, s=]
I/InputDispatcher( 2016): Delivering touch to current input target: action: 0x1
I/InputDispatcher( 2016): Delivering touch to current input target: action: 0x1
I/InputDispatcher( 2016): Delivering touch to current input target: action: 0x1
I/InputDispatcher( 2016): Delivering touch to current input target: action: 0x1
W/SignalStrength( 2016): getGsmLevel=1
W/SignalStrength( 2016): getLevel=1 (SignalStrength: 3 -1 -1 -1 -1 -1 -1 -1 -1 -1 -1 -1 gsm|lte 1)
W/SignalStrength( 2168): getGsmLevel=1
W/SignalStrength( 2168): getLevel=1 (SignalStrength: 3 -1 -1 -1 -1 -1 -1 -1 -1 -1 -1 -1 gsm|lte 1)
W/SignalStrength( 2168): getGsmLevel=1
W/SignalStrength( 2168): getLevel=1 (SignalStrength: 3 -1 -1 -1 -1 -1 -1 -1 -1 -1 -1 -1 gsm|lte 1)
W/SignalStrength( 2016): getGsmDbm=-107
W/SignalStrength( 2016): getDbm=-107
W/SignalStrength( 2016): getGsmAsuLevel=3
W/SignalStrength( 2016): getAsuLevel=3
I/InputReader( 2016): Touch event's action is 0x0 (deviceType=0) [pCnt=1, s=0.36 ]
I/InputDispatcher( 2016): Delivering touch to current input target: action: 0x0
I/InputDispatcher( 2016): Delivering touch to current input target: action: 0x0
I/InputDispatcher( 2016): Delivering touch to current input target: action: 0x0
I/InputDispatcher( 2016): Delivering touch to current input target: action: 0x0
D/PicasaUploaderSync(10503): accounts in DB=1
I/InputReader( 2016): Touch event's action is 0x1 (deviceType=0) [pCnt=1, s=]
I/InputDispatcher( 2016): Delivering touch to current input target: action: 0x1
I/InputDispatcher( 2016): Delivering touch to current input target: action: 0x1
I/InputDispatcher( 2016): Delivering touch to current input target: action: 0x1
I/InputDispatcher( 2016): Delivering touch to current input target: action: 0x1
D/PicasaUploaderSyncManager(10503): active network: NetworkInfo: type: WIFI[], state: CONNECTED/CONNECTED, reason: (unspecified), extra: (none), roaming: false, failover: false, isAvailable: true
D/PicasaUploaderSyncManager(10503): background data: true
I/AndroidRuntime(10519): VM exiting with result code 0, cleanup skipped.
I/dalvikvm(10297): Could not find method android.app.AlarmManager.setExact, referenced from method com.whatsapp.c2dm.C2DMRegistrar.a
W/dalvikvm(10297): VFY: unable to resolve virtual method 156: Landroid/app/AlarmManager;.setExact (IJLandroid/app/PendingIntent;)V
D/dalvikvm(10297): VFY: replacing opcode 0x6e at 0x0079
I/ActivityThread(10535): Pub cloud: com.sec.android.cloudagent.CloudProvider
D/PicasaUploaderSyncManager(10503): battery info: true
D/dalvikvm(10175): GC_FOR_ALLOC freed 185K, 13% free 13425K/15367K, paused 28ms, total 28ms
I/dalvikvm-heap(10175): Grow heap (frag case) to 14.017MB for 50462-byte allocation
D/dalvikvm(10175): GC_FOR_ALLOC freed <1K, 13% free 13474K/15431K, paused 36ms, total 37ms
I/Process (10560): Sending signal. PID: 10560 SIG: 9
D/dalvikvm(10175): GC_FOR_ALLOC freed 53K, 13% free 13485K/15431K, paused 44ms, total 44ms
I/dalvikvm-heap(10175): Grow heap (frag case) to 14.099MB for 75694-byte allocation
D/dalvikvm(10175): GC_FOR_ALLOC freed 49K, 14% free 13509K/15559K, paused 21ms, total 21ms
W/GAV2    (10451): Thread[GAThread,5,main]: Service unavailable (code=1), will retry.
I/GAV2    (10451): Thread[GAThread,5,main]: No campaign data found.
D/dalvikvm(10574): GC_CONCURRENT freed 177K, 8% free 12454K/13511K, paused 13ms+10ms, total 54ms
D/dalvikvm(10574): WAIT_FOR_CONCURRENT_GC blocked 14ms
I/ActivityThread(10574): Pub com.mspot.android.aria.store.recentplaylists: com.mspot.android.aria.store.RecentPlaylistsProvider
I/ActivityThread(10574): Pub com.mspot.android.aria.store.quicksearch: com.mspot.android.aria.store.QuickSearchProvider
I/ActivityThread(10574): Pub com.mspot.android.aria.store.catalogquicksearch: com.mspot.android.aria.store.CatalogQuickSearchProvider
I/ActivityThread(10574): Pub com.mspot.android.aria.store.globalquicksearch: com.mspot.android.aria.store.GlobalQuickSearchProvider
I/InputReader( 2016): Touch event's action is 0x0 (deviceType=0) [pCnt=1, s=0.37 ]
I/InputDispatcher( 2016): Delivering touch to current input target: action: 0x0
I/InputDispatcher( 2016): Delivering touch to current input target: action: 0x0
I/InputDispatcher( 2016): Delivering touch to current input target: action: 0x0
I/InputDispatcher( 2016): Delivering touch to current input target: action: 0x0
D/dalvikvm(10574): Trying to load lib /data/data/com.samsung.music/lib/libcom_mspot_android_clientapi3_1.so 0x41e46f70
D/dalvikvm(10574): Added shared lib /data/data/com.samsung.music/lib/libcom_mspot_android_clientapi3_1.so 0x41e46f70
D/dalvikvm(10574): No JNI_OnLoad found in /data/data/com.samsung.music/lib/libcom_mspot_android_clientapi3_1.so 0x41e46f70, skipping init
I/iu.Environment(10128): update battery state; isPlugged? true
D/dalvikvm( 1742): WAIT_FOR_CONCURRENT_GC blocked 0ms
D/dalvikvm( 1742): GC_EXPLICIT freed 39K, 9% free 12126K/13251K, paused 2ms+3ms, total 25ms
D/dalvikvm( 1742): WAIT_FOR_CONCURRENT_GC blocked 0ms
D/dalvikvm(10590): WAIT_FOR_CONCURRENT_GC blocked 0ms
D/dalvikvm( 1742): GC_EXPLICIT freed <1K, 9% free 12126K/13251K, paused 5ms+2ms, total 26ms
D/dalvikvm( 1742): WAIT_FOR_CONCURRENT_GC blocked 0ms
D/dalvikvm( 1742): GC_EXPLICIT freed <1K, 9% free 12126K/13251K, paused 2ms+2ms, total 21ms
D/dalvikvm(10175): GC_CONCURRENT freed 360K, 13% free 13552K/15559K, paused 12ms+83ms, total 154ms
D/dalvikvm(10590): GC_CONCURRENT freed 178K, 8% free 12453K/13511K, paused 18ms+2ms, total 48ms
D/dalvikvm(10590): WAIT_FOR_CONCURRENT_GC blocked 17ms
I/InputReader( 2016): Touch event's action is 0x1 (deviceType=0) [pCnt=1, s=]
I/InputDispatcher( 2016): Delivering touch to current input target: action: 0x1
I/InputDispatcher( 2016): Delivering touch to current input target: action: 0x1
I/InputDispatcher( 2016): Delivering touch to current input target: action: 0x1
I/InputDispatcher( 2016): Delivering touch to current input target: action: 0x1
D/Volley  (10175): [986] BasicNetwork.logSlowRequests: HTTP response for request=<[ ] https://android.clients.google.com/fdfe/bulkDetails 0xe8d195d1 NORMAL 2> [lifetime=5050], [size=1638], [rc=200], [retryCount=0]
I/ActivityThread(10590): Pub com.google.android.youtube.SuggestionProvider: com.google.android.apps.youtube.core.suggest.SuggestionProvider
D/dalvikvm(10175): GC_CONCURRENT freed 350K, 13% free 13634K/15559K, paused 18ms+13ms, total 84ms
D/Volley  (10175): [1] Request.finish: 5223 ms: [ ] https://android.clients.google.com/fdfe/bulkDetails 0xe8d195d1 NORMAL 2
D/Finsky  (10175): [978] InAppBillingUtils.pickAccount: com.whatsapp: Account determined from installer data - [qMcbTBKttdGbTbYX5fl7GyPW800]
D/Finsky  (10175): [978] InAppBillingUtils.pickAccount: com.whatsapp: Account determined from installer data - [qMcbTBKttdGbTbYX5fl7GyPW800]
D/YouTube (10590): apps.youtube.core.utils.bh.a:41 HttpClient.UserAgent: com.google.android.youtube/5.3.32(Linux; U; Android 4.1.2; de_DE; GT-N7000 Build/JZO54K)
D/YouTube (10590): apps.youtube.core.utils.bh.a:41 HttpClient.UserAgent: com.google.android.youtube/5.3.32(Linux; U; Android 4.1.2; de_DE; GT-N7000 Build/JZO54K)
D/dalvikvm(10590): GC_CONCURRENT freed 268K, 9% free 12694K/13895K, paused 13ms+3ms, total 44ms
D/Volley  (10175): [985] BasicNetwork.logSlowRequests: HTTP response for request=<[ ] https://android.clients.google.com/vending/api/ApiRequest 0xe8d195d1 NORMAL 1 ContentSyncRequestProto> [lifetime=8082], [size=36], [rc=200], [retryCount=0]
D/Volley  (10175): [1] Request.finish: 8107 ms: [ ] https://android.clients.google.com/vending/api/ApiRequest 0xe8d195d1 NORMAL 1 ContentSyncRequestProto
D/Finsky  (10175): [1] 5.onFinished: Installation state replication succeeded.
D/dalvikvm( 2348): WAIT_FOR_CONCURRENT_GC blocked 0ms
D/dalvikvm( 2348): GC_EXPLICIT freed 244K, 10% free 14352K/15943K, paused 13ms+6ms, total 193ms
D/YouTube (10590): apps.youtube.core.client.y.a:114 event [version=5.3.32-s2000, action=Startup, label=NORMAL_STARTUP, value=-1]
